Archive member included to satisfy reference by file (symbol)

C:/ST/STM32CubeIDE_2.1.1/STM32CubeIDE/plugins/com.st.stm32cube.ide.mcu.externaltools.gnu-tools-for-stm32.14.3.rel1.win32_1.0.100.202602081740/tools/bin/../lib/gcc/arm-none-eabi/14.3.1/../../../../arm-none-eabi/lib/thumb/v7e-m+fp/hard\libc_nano.a(libc_a-exit.o)
                              C:/ST/STM32CubeIDE_2.1.1/STM32CubeIDE/plugins/com.st.stm32cube.ide.mcu.externaltools.gnu-tools-for-stm32.14.3.rel1.win32_1.0.100.202602081740/tools/bin/../lib/gcc/arm-none-eabi/14.3.1/../../../../arm-none-eabi/lib/thumb/v7e-m+fp/hard/crt0.o (exit)
C:/ST/STM32CubeIDE_2.1.1/STM32CubeIDE/plugins/com.st.stm32cube.ide.mcu.externaltools.gnu-tools-for-stm32.14.3.rel1.win32_1.0.100.202602081740/tools/bin/../lib/gcc/arm-none-eabi/14.3.1/../../../../arm-none-eabi/lib/thumb/v7e-m+fp/hard\libc_nano.a(libc_a-malloc.o)
                              ./Middlewares/ST/STM32_USB_Host_Library/Class/CDC/Src/usbh_cdc.o (malloc)
C:/ST/STM32CubeIDE_2.1.1/STM32CubeIDE/plugins/com.st.stm32cube.ide.mcu.externaltools.gnu-tools-for-stm32.14.3.rel1.win32_1.0.100.202602081740/tools/bin/../lib/gcc/arm-none-eabi/14.3.1/../../../../arm-none-eabi/lib/thumb/v7e-m+fp/hard\libc_nano.a(libc_a-mallocr.o)
                              C:/ST/STM32CubeIDE_2.1.1/STM32CubeIDE/plugins/com.st.stm32cube.ide.mcu.externaltools.gnu-tools-for-stm32.14.3.rel1.win32_1.0.100.202602081740/tools/bin/../lib/gcc/arm-none-eabi/14.3.1/../../../../arm-none-eabi/lib/thumb/v7e-m+fp/hard\libc_nano.a(libc_a-malloc.o) (_malloc_r)
C:/ST/STM32CubeIDE_2.1.1/STM32CubeIDE/plugins/com.st.stm32cube.ide.mcu.externaltools.gnu-tools-for-stm32.14.3.rel1.win32_1.0.100.202602081740/tools/bin/../lib/gcc/arm-none-eabi/14.3.1/../../../../arm-none-eabi/lib/thumb/v7e-m+fp/hard\libc_nano.a(libc_a-mlock.o)
                              C:/ST/STM32CubeIDE_2.1.1/STM32CubeIDE/plugins/com.st.stm32cube.ide.mcu.externaltools.gnu-tools-for-stm32.14.3.rel1.win32_1.0.100.202602081740/tools/bin/../lib/gcc/arm-none-eabi/14.3.1/../../../../arm-none-eabi/lib/thumb/v7e-m+fp/hard\libc_nano.a(libc_a-mallocr.o) (__malloc_lock)
C:/ST/STM32CubeIDE_2.1.1/STM32CubeIDE/plugins/com.st.stm32cube.ide.mcu.externaltools.gnu-tools-for-stm32.14.3.rel1.win32_1.0.100.202602081740/tools/bin/../lib/gcc/arm-none-eabi/14.3.1/../../../../arm-none-eabi/lib/thumb/v7e-m+fp/hard\libc_nano.a(libc_a-findfp.o)
                              C:/ST/STM32CubeIDE_2.1.1/STM32CubeIDE/plugins/com.st.stm32cube.ide.mcu.externaltools.gnu-tools-for-stm32.14.3.rel1.win32_1.0.100.202602081740/tools/bin/../lib/gcc/arm-none-eabi/14.3.1/../../../../arm-none-eabi/lib/thumb/v7e-m+fp/hard\libc_nano.a(libc_a-exit.o) (__stdio_exit_handler)
C:/ST/STM32CubeIDE_2.1.1/STM32CubeIDE/plugins/com.st.stm32cube.ide.mcu.externaltools.gnu-tools-for-stm32.14.3.rel1.win32_1.0.100.202602081740/tools/bin/../lib/gcc/arm-none-eabi/14.3.1/../../../../arm-none-eabi/lib/thumb/v7e-m+fp/hard\libc_nano.a(libc_a-fwalk.o)
                              C:/ST/STM32CubeIDE_2.1.1/STM32CubeIDE/plugins/com.st.stm32cube.ide.mcu.externaltools.gnu-tools-for-stm32.14.3.rel1.win32_1.0.100.202602081740/tools/bin/../lib/gcc/arm-none-eabi/14.3.1/../../../../arm-none-eabi/lib/thumb/v7e-m+fp/hard\libc_nano.a(libc_a-findfp.o) (_fwalk_sglue)
C:/ST/STM32CubeIDE_2.1.1/STM32CubeIDE/plugins/com.st.stm32cube.ide.mcu.externaltools.gnu-tools-for-stm32.14.3.rel1.win32_1.0.100.202602081740/tools/bin/../lib/gcc/arm-none-eabi/14.3.1/../../../../arm-none-eabi/lib/thumb/v7e-m+fp/hard\libc_nano.a(libc_a-stdio.o)
                              C:/ST/STM32CubeIDE_2.1.1/STM32CubeIDE/plugins/com.st.stm32cube.ide.mcu.externaltools.gnu-tools-for-stm32.14.3.rel1.win32_1.0.100.202602081740/tools/bin/../lib/gcc/arm-none-eabi/14.3.1/../../../../arm-none-eabi/lib/thumb/v7e-m+fp/hard\libc_nano.a(libc_a-findfp.o) (__sread)
C:/ST/STM32CubeIDE_2.1.1/STM32CubeIDE/plugins/com.st.stm32cube.ide.mcu.externaltools.gnu-tools-for-stm32.14.3.rel1.win32_1.0.100.202602081740/tools/bin/../lib/gcc/arm-none-eabi/14.3.1/../../../../arm-none-eabi/lib/thumb/v7e-m+fp/hard\libc_nano.a(libc_a-memset.o)
                              C:/ST/STM32CubeIDE_2.1.1/STM32CubeIDE/plugins/com.st.stm32cube.ide.mcu.externaltools.gnu-tools-for-stm32.14.3.rel1.win32_1.0.100.202602081740/tools/bin/../lib/gcc/arm-none-eabi/14.3.1/../../../../arm-none-eabi/lib/thumb/v7e-m+fp/hard/crt0.o (memset)
C:/ST/STM32CubeIDE_2.1.1/STM32CubeIDE/plugins/com.st.stm32cube.ide.mcu.externaltools.gnu-tools-for-stm32.14.3.rel1.win32_1.0.100.202602081740/tools/bin/../lib/gcc/arm-none-eabi/14.3.1/../../../../arm-none-eabi/lib/thumb/v7e-m+fp/hard\libc_nano.a(libc_a-closer.o)
                              C:/ST/STM32CubeIDE_2.1.1/STM32CubeIDE/plugins/com.st.stm32cube.ide.mcu.externaltools.gnu-tools-for-stm32.14.3.rel1.win32_1.0.100.202602081740/tools/bin/../lib/gcc/arm-none-eabi/14.3.1/../../../../arm-none-eabi/lib/thumb/v7e-m+fp/hard\libc_nano.a(libc_a-stdio.o) (_close_r)
[...]
Memory Configuration

Name             Origin             Length             Attributes
CCMRAM           0x10000000         0x00010000         xrw
RAM              0x20000000         0x00020000         xrw
FLASH            0x08000000         0x00100000         xr
*default*        0x00000000         0xffffffff

Linker script and memory map

LOAD C:/ST/STM32CubeIDE_2.1.1/STM32CubeIDE/plugins/com.st.stm32cube.ide.mcu.externaltools.gnu-tools-for-stm32.14.3.rel1.win32_1.0.100.202602081740/tools/bin/../lib/gcc/arm-none-eabi/14.3.1/thumb/v7e-m+fp/hard/crti.o
LOAD C:/ST/STM32CubeIDE_2.1.1/STM32CubeIDE/plugins/com.st.stm32cube.ide.mcu.externaltools.gnu-tools-for-stm32.14.3.rel1.win32_1.0.100.202602081740/tools/bin/../lib/gcc/arm-none-eabi/14.3.1/thumb/v7e-m+fp/hard/crtbegin.o
LOAD C:/ST/STM32CubeIDE_2.1.1/STM32CubeIDE/plugins/com.st.stm32cube.ide.mcu.externaltools.gnu-tools-for-stm32.14.3.rel1.win32_1.0.100.202602081740/tools/bin/../lib/gcc/arm-none-eabi/14.3.1/../../../../arm-none-eabi/lib/thumb/v7e-m+fp/hard/crt0.o
LOAD ./Core/Src/main.o
LOAD ./Core/Src/stm32f4xx_hal_msp.o
LOAD ./Core/Src/stm32f4xx_it.o
LOAD ./Core/Src/syscalls.o
LOAD ./Core/Src/sysmem.o
LOAD ./Core/Src/system_stm32f4xx.o
LOAD ./Core/Startup/startup_stm32f407vgtx.o
LOAD ./Drivers/STM32F4xx_HAL_Driver/Src/stm32f4xx_hal.o
LOAD ./Drivers/STM32F4xx_HAL_Driver/Src/stm32f4xx_hal_cortex.o
LOAD ./Drivers/STM32F4xx_HAL_Driver/Src/stm32f4xx_hal_dac.o
LOAD ./Drivers/STM32F4xx_HAL_Driver/Src/stm32f4xx_hal_dac_ex.o
LOAD ./Drivers/STM32F4xx_HAL_Driver/Src/stm32f4xx_hal_dma.o
LOAD ./Drivers/STM32F4xx_HAL_Driver/Src/stm32f4xx_hal_dma_ex.o
LOAD ./Drivers/STM32F4xx_HAL_Driver/Src/stm32f4xx_hal_exti.o
LOAD ./Drivers/STM32F4xx_HAL_Driver/Src/stm32f4xx_hal_flash.o
LOAD ./Drivers/STM32F4xx_HAL_Driver/Src/stm32f4xx_hal_flash_ex.o
LOAD ./Drivers/STM32F4xx_HAL_Driver/Src/stm32f4xx_hal_flash_ramfunc.o
LOAD ./Drivers/STM32F4xx_HAL_Driver/Src/stm32f4xx_hal_gpio.o
LOAD ./Drivers/STM32F4xx_HAL_Driver/Src/stm32f4xx_hal_hcd.o
LOAD ./Drivers/STM32F4xx_HAL_Driver/Src/stm32f4xx_hal_i2c.o
LOAD ./Drivers/STM32F4xx_HAL_Driver/Src/stm32f4xx_hal_i2c_ex.o
LOAD ./Drivers/STM32F4xx_HAL_Driver/Src/stm32f4xx_hal_pwr.o
LOAD ./Drivers/STM32F4xx_HAL_Driver/Src/stm32f4xx_hal_pwr_ex.o
LOAD ./Drivers/STM32F4xx_HAL_Driver/Src/stm32f4xx_hal_rcc.o
LOAD ./Drivers/STM32F4xx_HAL_Driver/Src/stm32f4xx_hal_rcc_ex.o
LOAD ./Drivers/STM32F4xx_HAL_Driver/Src/stm32f4xx_hal_spi.o
LOAD ./Drivers/STM32F4xx_HAL_Driver/Src/stm32f4xx_ll_usb.o
LOAD ./Middlewares/ST/STM32_USB_Host_Library/Class/CDC/Src/usbh_cdc.o
LOAD ./Middlewares/ST/STM32_USB_Host_Library/Core/Src/usbh_core.o
LOAD ./Middlewares/ST/STM32_USB_Host_Library/Core/Src/usbh_ctlreq.o
LOAD ./Middlewares/ST/STM32_USB_Host_Library/Core/Src/usbh_ioreq.o
LOAD ./Middlewares/ST/STM32_USB_Host_Library/Core/Src/usbh_pipes.o
LOAD ./USB_HOST/App/usb_host.o
LOAD ./USB_HOST/Target/usbh_conf.o
LOAD ./USB_HOST/Target/usbh_platform.o
START GROUP
LOAD C:/ST/STM32CubeIDE_2.1.1/STM32CubeIDE/plugins/com.st.stm32cube.ide.mcu.externaltools.gnu-tools-for-stm32.14.3.rel1.win32_1.0.100.202602081740/tools/bin/../lib/gcc/arm-none-eabi/14.3.1/../../../../arm-none-eabi/lib/thumb/v7e-m+fp/hard\libc_nano.a
LOAD C:/ST/STM32CubeIDE_2.1.1/STM32CubeIDE/plugins/com.st.stm32cube.ide.mcu.externaltools.gnu-tools-for-stm32.14.3.rel1.win32_1.0.100.202602081740/tools/bin/../lib/gcc/arm-none-eabi/14.3.1/../../../../arm-none-eabi/lib/thumb/v7e-m+fp/hard\libm.a
END GROUP
START GROUP
LOAD C:/ST/STM32CubeIDE_2.1.1/STM32CubeIDE/plugins/com.st.stm32cube.ide.mcu.externaltools.gnu-tools-for-stm32.14.3.rel1.win32_1.0.100.202602081740/tools/bin/../lib/gcc/arm-none-eabi/14.3.1/thumb/v7e-m+fp/hard\libgcc.a
LOAD C:/ST/STM32CubeIDE_2.1.1/STM32CubeIDE/plugins/com.st.stm32cube.ide.mcu.externaltools.gnu-tools-for-stm32.14.3.rel1.win32_1.0.100.202602081740/tools/bin/../lib/gcc/arm-none-eabi/14.3.1/../../../../arm-none-eabi/lib/thumb/v7e-m+fp/hard\libc_nano.a
END GROUP
START GROUP
LOAD C:/ST/STM32CubeIDE_2.1.1/STM32CubeIDE/plugins/com.st.stm32cube.ide.mcu.externaltools.gnu-tools-for-stm32.14.3.rel1.win32_1.0.100.202602081740/tools/bin/../lib/gcc/arm-none-eabi/14.3.1/thumb/v7e-m+fp/hard\libgcc.a
LOAD C:/ST/STM32CubeIDE_2.1.1/STM32CubeIDE/plugins/com.st.stm32cube.ide.mcu.externaltools.gnu-tools-for-stm32.14.3.rel1.win32_1.0.100.202602081740/tools/bin/../lib/gcc/arm-none-eabi/14.3.1/../../../../arm-none-eabi/lib/thumb/v7e-m+fp/hard\libc_nano.a
LOAD C:/ST/STM32CubeIDE_2.1.1/STM32CubeIDE/plugins/com.st.stm32cube.ide.mcu.externaltools.gnu-tools-for-stm32.14.3.rel1.win32_1.0.100.202602081740/tools/bin/../lib/gcc/arm-none-eabi/14.3.1/../../../../arm-none-eabi/lib/thumb/v7e-m+fp/hard\libnosys.a
END GROUP
START GROUP
LOAD C:/ST/STM32CubeIDE_2.1.1/STM32CubeIDE/plugins/com.st.stm32cube.ide.mcu.externaltools.gnu-tools-for-stm32.14.3.rel1.win32_1.0.100.202602081740/tools/bin/../lib/gcc/arm-none-eabi/14.3.1/thumb/v7e-m+fp/hard\libgcc.a
LOAD C:/ST/STM32CubeIDE_2.1.1/STM32CubeIDE/plugins/com.st.stm32cube.ide.mcu.externaltools.gnu-tools-for-stm32.14.3.rel1.win32_1.0.100.202602081740/tools/bin/../lib/gcc/arm-none-eabi/14.3.1/../../../../arm-none-eabi/lib/thumb/v7e-m+fp/hard\libc_nano.a
LOAD C:/ST/STM32CubeIDE_2.1.1/STM32CubeIDE/plugins/com.st.stm32cube.ide.mcu.externaltools.gnu-tools-for-stm32.14.3.rel1.win32_1.0.100.202602081740/tools/bin/../lib/gcc/arm-none-eabi/14.3.1/../../../../arm-none-eabi/lib/thumb/v7e-m+fp/hard\libnosys.a
END GROUP
LOAD C:/ST/STM32CubeIDE_2.1.1/STM32CubeIDE/plugins/com.st.stm32cube.ide.mcu.externaltools.gnu-tools-for-stm32.14.3.rel1.win32_1.0.100.202602081740/tools/bin/../lib/gcc/arm-none-eabi/14.3.1/thumb/v7e-m+fp/hard/crtend.o
LOAD C:/ST/STM32CubeIDE_2.1.1/STM32CubeIDE/plugins/com.st.stm32cube.ide.mcu.externaltools.gnu-tools-for-stm32.14.3.rel1.win32_1.0.100.202602081740/tools/bin/../lib/gcc/arm-none-eabi/14.3.1/thumb/v7e-m+fp/hard/crtn.o
                0x20020000                        _estack = (ORIGIN (RAM) + LENGTH (RAM))
                0x00000200                        _Min_Heap_Size = 0x200
                0x00000400                        _Min_Stack_Size = 0x400

.isr_vector     0x08000000      0x188
                0x08000000                        . = ALIGN (0x4)
 *(.isr_vector)
 .isr_vector    0x08000000      0x188 ./Core/Startup/startup_stm32f407vgtx.o
                0x08000000                g_pfnVectors
                0x08000188                        . = ALIGN (0x4)

.text           0x08000188     0x7f70
                0x08000188                        . = ALIGN (0x4)
 *(.text)
 .text          0x08000188       0x40 C:/ST/STM32CubeIDE_2.1.1/STM32CubeIDE/plugins/com.st.stm32cube.ide.mcu.externaltools.gnu-tools-for-stm32.14.3.rel1.win32_1.0.100.202602081740/tools/bin/../lib/gcc/arm-none-eabi/14.3.1/thumb/v7e-m+fp/hard/crtbegin.o
 .text          0x080001c8       0x30 C:/ST/STM32CubeIDE_2.1.1/STM32CubeIDE/plugins/com.st.stm32cube.ide.mcu.externaltools.gnu-tools-for-stm32.14.3.rel1.win32_1.0.100.202602081740/tools/bin/../lib/gcc/arm-none-eabi/14.3.1/thumb/v7e-m+fp/hard\libgcc.a(_aeabi_uldivmod.o)
                0x080001c8                __aeabi_uldivmod
 .text          0x080001f8      0x2f8 C:/ST/STM32CubeIDE_2.1.1/STM32CubeIDE/plugins/com.st.stm32cube.ide.mcu.externaltools.gnu-tools-for-stm32.14.3.rel1.win32_1.0.100.202602081740/tools/bin/../lib/gcc/arm-none-eabi/14.3.1/thumb/v7e-m+fp/hard\libgcc.a(_udivmoddi4.o)
                0x080001f8                __udivmoddi4
 .text          0x080004f0        0x4 C:/ST/STM32CubeIDE_2.1.1/STM32CubeIDE/plugins/com.st.stm32cube.ide.mcu.externaltools.gnu-tools-for-stm32.14.3.rel1.win32_1.0.100.202602081740/tools/bin/../lib/gcc/arm-none-eabi/14.3.1/thumb/v7e-m+fp/hard\libgcc.a(_dvmd_tls.o)
                0x080004f0                __aeabi_idiv0
                0x080004f0                __aeabi_ldiv0
 *(.text*)
 .text.main     0x080004f4       0x90 ./Core/Src/main.o
                0x080004f4                main
 .text.SystemClock_Config
                0x08000584       0xd4 ./Core/Src/main.o
                0x08000584                SystemClock_Config
 .text.MX_DAC_Init
                0x08000658       0x54 ./Core/Src/main.o
 .text.MX_I2C1_Init
                0x080006ac       0x5c ./Core/Src/main.o
 .text.MX_SPI1_Init
                0x08000708       0x6c ./Core/Src/main.o
 .text.MX_GPIO_Init
                0x08000774      0x21c ./Core/Src/main.o
 .text.Error_Handler
                0x08000990        0xc ./Core/Src/main.o
                0x08000990                Error_Handler
 .text.HAL_MspInit
                0x0800099c       0x50 ./Core/Src/stm32f4xx_hal_msp.o
                0x0800099c                HAL_MspInit
 .text.HAL_DAC_MspInit
                0x080009ec       0x88 ./Core/Src/stm32f4xx_hal_msp.o
                0x080009ec                HAL_DAC_MspInit
 .text.HAL_I2C_MspInit
                0x08000a74       0x90 ./Core/Src/stm32f4xx_hal_msp.o
                0x08000a74                HAL_I2C_MspInit
 .text.HAL_SPI_MspInit
                0x08000b04       0x90 ./Core/Src/stm32f4xx_hal_msp.o
                0x08000b04                HAL_SPI_MspInit
 .text.NMI_Handler
                0x08000b94        0x8 ./Core/Src/stm32f4xx_it.o
                0x08000b94                NMI_Handler
 .text.HardFault_Handler
                0x08000b9c        0x8 ./Core/Src/stm32f4xx_it.o
                0x08000b9c                HardFault_Handler
 .text.MemManage_Handler
                0x08000ba4        0x8 ./Core/Src/stm32f4xx_it.o
                0x08000ba4                MemManage_Handler
 .text.BusFault_Handler
                0x08000bac        0x8 ./Core/Src/stm32f4xx_it.o
                0x08000bac                BusFault_Handler
 .text.UsageFault_Handler
                0x08000bb4        0x8 ./Core/Src/stm32f4xx_it.o
                0x08000bb4                UsageFault_Handler
 .text.SVC_Handler
                0x08000bbc        0xe ./Core/Src/stm32f4xx_it.o
                0x08000bbc                SVC_Handler
 .text.DebugMon_Handler
                0x08000bca        0xe ./Core/Src/stm32f4xx_it.o
                0x08000bca                DebugMon_Handler
 .text.PendSV_Handler
                0x08000bd8        0xe ./Core/Src/stm32f4xx_it.o
                0x08000bd8                PendSV_Handler
 .text.SysTick_Handler
                0x08000be6        0xc ./Core/Src/stm32f4xx_it.o
                0x08000be6                SysTick_Handler
 *fill*         0x08000bf2        0x2 
 .text.OTG_FS_IRQHandler
                0x08000bf4       0x14 ./Core/Src/stm32f4xx_it.o
                0x08000bf4                OTG_FS_IRQHandler
 .text._sbrk    0x08000c08       0x6c ./Core/Src/sysmem.o
                0x08000c08                _sbrk
 .text.SystemInit
                0x08000c74       0x24 ./Core/Src/system_stm32f4xx.o
                0x08000c74                SystemInit
 .text.Reset_Handler
                0x08000c98       0x50 ./Core/Startup/startup_stm32f407vgtx.o
                0x08000c98                Reset_Handler
 .text.Default_Handler
                0x08000ce8        0x2 ./Core/Startup/startup_stm32f407vgtx.o
                0x08000ce8                RTC_Alarm_IRQHandler
                0x08000ce8                HASH_RNG_IRQHandler
                0x08000ce8                EXTI2_IRQHandler
                0x08000ce8                TIM8_CC_IRQHandler
                0x08000ce8                TIM1_CC_IRQHandler
                0x08000ce8                DMA2_Stream5_IRQHandler
                0x08000ce8                DMA1_Stream5_IRQHandler
                0x08000ce8                PVD_IRQHandler
                0x08000ce8                SDIO_IRQHandler
                0x08000ce8                TAMP_STAMP_IRQHandler
                0x08000ce8                CAN2_RX1_IRQHandler
                0x08000ce8                EXTI3_IRQHandler
                0x08000ce8                TIM8_TRG_COM_TIM14_IRQHandler
                0x08000ce8                TIM1_UP_TIM10_IRQHandler
                0x08000ce8                TIM8_UP_TIM13_IRQHandler
                0x08000ce8                I2C3_ER_IRQHandler
                0x08000ce8                EXTI0_IRQHandler
                0x08000ce8                I2C2_EV_IRQHandler
                0x08000ce8                DMA1_Stream2_IRQHandler
                0x08000ce8                CAN1_RX0_IRQHandler
                0x08000ce8                FPU_IRQHandler
                0x08000ce8                OTG_HS_WKUP_IRQHandler
                0x08000ce8                CAN2_SCE_IRQHandler
                0x08000ce8                DMA2_Stream2_IRQHandler
                0x08000ce8                SPI1_IRQHandler
                0x08000ce8                TIM6_DAC_IRQHandler
                0x08000ce8                TIM1_BRK_TIM9_IRQHandler
                0x08000ce8                DCMI_IRQHandler
                0x08000ce8                CAN2_RX0_IRQHandler
                0x08000ce8                DMA2_Stream3_IRQHandler
                0x08000ce8                USART6_IRQHandler
                0x08000ce8                USART3_IRQHandler
                0x08000ce8                CAN1_RX1_IRQHandler
                0x08000ce8                UART5_IRQHandler
                0x08000ce8                DMA2_Stream0_IRQHandler
                0x08000ce8                TIM4_IRQHandler
                0x08000ce8                I2C1_EV_IRQHandler
                0x08000ce8                DMA1_Stream6_IRQHandler
                0x08000ce8                DMA1_Stream1_IRQHandler
                0x08000ce8                UART4_IRQHandler
                0x08000ce8                TIM3_IRQHandler
                0x08000ce8                RCC_IRQHandler
                0x08000ce8                TIM8_BRK_TIM12_IRQHandler
                0x08000ce8                Default_Handler
                0x08000ce8                EXTI15_10_IRQHandler
                0x08000ce8                ADC_IRQHandler
                0x08000ce8                DMA1_Stream7_IRQHandler
                0x08000ce8                TIM7_IRQHandler
                0x08000ce8                CAN2_TX_IRQHandler
                0x08000ce8                TIM5_IRQHandler
                0x08000ce8                DMA2_Stream7_IRQHandler
                0x08000ce8                I2C3_EV_IRQHandler
                0x08000ce8                EXTI9_5_IRQHandler
                0x08000ce8                RTC_WKUP_IRQHandler
                0x08000ce8                ETH_WKUP_IRQHandler
                0x08000ce8                SPI2_IRQHandler
                0x08000ce8                OTG_HS_EP1_IN_IRQHandler
                0x08000ce8                DMA1_Stream0_IRQHandler
                0x08000ce8                CAN1_TX_IRQHandler
                0x08000ce8                EXTI4_IRQHandler
                0x08000ce8                FSMC_IRQHandler
                0x08000ce8                ETH_IRQHandler
                0x08000ce8                OTG_HS_EP1_OUT_IRQHandler
                0x08000ce8                WWDG_IRQHandler
                0x08000ce8                TIM2_IRQHandler
                0x08000ce8                OTG_FS_WKUP_IRQHandler
                0x08000ce8                TIM1_TRG_COM_TIM11_IRQHandler
                0x08000ce8                OTG_HS_IRQHandler
                0x08000ce8                EXTI1_IRQHandler
                0x08000ce8                USART2_IRQHandler
                0x08000ce8                I2C2_ER_IRQHandler
                0x08000ce8                DMA2_Stream1_IRQHandler
                0x08000ce8                CAN1_SCE_IRQHandler
                0x08000ce8                FLASH_IRQHandler
                0x08000ce8                DMA2_Stream4_IRQHandler
                0x08000ce8                USART1_IRQHandler
                0x08000ce8                SPI3_IRQHandler
                0x08000ce8                DMA1_Stream4_IRQHandler
                0x08000ce8                I2C1_ER_IRQHandler
                0x08000ce8                DMA2_Stream6_IRQHandler
                0x08000ce8                DMA1_Stream3_IRQHandler
 *fill*         0x08000cea        0x2 
 .text.HAL_Init
                0x08000cec       0x44 ./Drivers/STM32F4xx_HAL_Driver/Src/stm32f4xx_hal.o
                0x08000cec                HAL_Init
 .text.HAL_InitTick
                0x08000d30       0x60 ./Drivers/STM32F4xx_HAL_Driver/Src/stm32f4xx_hal.o
                0x08000d30                HAL_InitTick
 .text.HAL_IncTick
                0x08000d90       0x28 ./Drivers/STM32F4xx_HAL_Driver/Src/stm32f4xx_hal.o
                0x08000d90                HAL_IncTick
 .text.HAL_GetTick
                0x08000db8       0x18 ./Drivers/STM32F4xx_HAL_Driver/Src/stm32f4xx_hal.o
                0x08000db8                HAL_GetTick
 .text.HAL_Delay
                0x08000dd0       0x48 ./Drivers/STM32F4xx_HAL_Driver/Src/stm32f4xx_hal.o
                0x08000dd0                HAL_Delay
 .text.__NVIC_SetPriorityGrouping
                0x08000e18       0x48 ./Drivers/STM32F4xx_HAL_Driver/Src/stm32f4xx_hal_cortex.o
 .text.__NVIC_GetPriorityGrouping
                0x08000e60       0x1c ./Drivers/STM32F4xx_HAL_Driver/Src/stm32f4xx_hal_cortex.o
 .text.__NVIC_EnableIRQ
                0x08000e7c       0x3c ./Drivers/STM32F4xx_HAL_Driver/Src/stm32f4xx_hal_cortex.o
 .text.__NVIC_SetPriority
                0x08000eb8       0x54 ./Drivers/STM32F4xx_HAL_Driver/Src/stm32f4xx_hal_cortex.o
 .text.NVIC_EncodePriority
                0x08000f0c       0x66 ./Drivers/STM32F4xx_HAL_Driver/Src/stm32f4xx_hal_cortex.o
 *fill*         0x08000f72        0x2 
 .text.SysTick_Config
                0x08000f74       0x44 ./Drivers/STM32F4xx_HAL_Driver/Src/stm32f4xx_hal_cortex.o
 .text.HAL_NVIC_SetPriorityGrouping
                0x08000fb8       0x16 ./Drivers/STM32F4xx_HAL_Driver/Src/stm32f4xx_hal_cortex.o
                0x08000fb8                HAL_NVIC_SetPriorityGrouping
 .text.HAL_NVIC_SetPriority
                0x08000fce       0x38 ./Drivers/STM32F4xx_HAL_Driver/Src/stm32f4xx_hal_cortex.o
                0x08000fce                HAL_NVIC_SetPriority
 .text.HAL_NVIC_EnableIRQ
                0x08001006       0x1c ./Drivers/STM32F4xx_HAL_Driver/Src/stm32f4xx_hal_cortex.o
                0x08001006                HAL_NVIC_EnableIRQ
 .text.HAL_SYSTICK_Config
                0x08001022       0x18 ./Drivers/STM32F4xx_HAL_Driver/Src/stm32f4xx_hal_cortex.o
                0x08001022                HAL_SYSTICK_Config
 .text.HAL_DAC_Init
                0x0800103a       0x44 ./Drivers/STM32F4xx_HAL_Driver/Src/stm32f4xx_hal_dac.o
                0x0800103a                HAL_DAC_Init
 .text.HAL_DAC_Start
                0x0800107e       0xae ./Drivers/STM32F4xx_HAL_Driver/Src/stm32f4xx_hal_dac.o
                0x0800107e                HAL_DAC_Start
 .text.HAL_DAC_SetValue
                0x0800112c       0x54 ./Drivers/STM32F4xx_HAL_Driver/Src/stm32f4xx_hal_dac.o
                0x0800112c                HAL_DAC_SetValue
 .text.HAL_DAC_ConfigChannel
                0x08001180       0xb2 ./Drivers/STM32F4xx_HAL_Driver/Src/stm32f4xx_hal_dac.o
                0x08001180                HAL_DAC_ConfigChannel
 *fill*         0x08001232        0x2 
 .text.HAL_GPIO_Init
                0x08001234      0x338 ./Drivers/STM32F4xx_HAL_Driver/Src/stm32f4xx_hal_gpio.o
                0x08001234                HAL_GPIO_Init
 .text.HAL_GPIO_WritePin
                0x0800156c       0x32 ./Drivers/STM32F4xx_HAL_Driver/Src/stm32f4xx_hal_gpio.o
                0x0800156c                HAL_GPIO_WritePin
 .text.HAL_HCD_Init
                0x0800159e       0xce ./Drivers/STM32F4xx_HAL_Driver/Src/stm32f4xx_hal_hcd.o
                0x0800159e                HAL_HCD_Init
 .text.HAL_HCD_HC_Init
                0x0800166c      0x170 ./Drivers/STM32F4xx_HAL_Driver/Src/stm32f4xx_hal_hcd.o
                0x0800166c                HAL_HCD_HC_Init
 .text.HAL_HCD_HC_SubmitRequest
                0x080017dc      0x33c ./Drivers/STM32F4xx_HAL_Driver/Src/stm32f4xx_hal_hcd.o
                0x080017dc                HAL_HCD_HC_SubmitRequest
 .text.HAL_HCD_IRQHandler
                0x08001b18      0x220 ./Drivers/STM32F4xx_HAL_Driver/Src/stm32f4xx_hal_hcd.o
                0x08001b18                HAL_HCD_IRQHandler
 .text.HAL_HCD_Start
                0x08001d38       0x46 ./Drivers/STM32F4xx_HAL_Driver/Src/stm32f4xx_hal_hcd.o
                0x08001d38                HAL_HCD_Start
 .text.HAL_HCD_Stop
                0x08001d7e       0x3a ./Drivers/STM32F4xx_HAL_Driver/Src/stm32f4xx_hal_hcd.o
                0x08001d7e                HAL_HCD_Stop
 .text.HAL_HCD_ResetPort
                0x08001db8       0x1c ./Drivers/STM32F4xx_HAL_Driver/Src/stm32f4xx_hal_hcd.o
                0x08001db8                HAL_HCD_ResetPort
 .text.HAL_HCD_HC_GetURBState
                0x08001dd4       0x2a ./Drivers/STM32F4xx_HAL_Driver/Src/stm32f4xx_hal_hcd.o
                0x08001dd4                HAL_HCD_HC_GetURBState
 .text.HAL_HCD_HC_GetXferCount
                0x08001dfe       0x2a ./Drivers/STM32F4xx_HAL_Driver/Src/stm32f4xx_hal_hcd.o
                0x08001dfe                HAL_HCD_HC_GetXferCount
 .text.HAL_HCD_GetCurrentFrame
                0x08001e28       0x1c ./Drivers/STM32F4xx_HAL_Driver/Src/stm32f4xx_hal_hcd.o
                0x08001e28                HAL_HCD_GetCurrentFrame
 .text.HAL_HCD_GetCurrentSpeed
                0x08001e44       0x1c ./Drivers/STM32F4xx_HAL_Driver/Src/stm32f4xx_hal_hcd.o
                0x08001e44                HAL_HCD_GetCurrentSpeed
 .text.HAL_HCD_HC_ClearHubInfo
                0x08001e60       0x6a ./Drivers/STM32F4xx_HAL_Driver/Src/stm32f4xx_hal_hcd.o
                0x08001e60                HAL_HCD_HC_ClearHubInfo
 .text.HCD_HC_IN_IRQHandler
                0x08001eca      0xcd2 ./Drivers/STM32F4xx_HAL_Driver/Src/stm32f4xx_hal_hcd.o
 .text.HCD_HC_OUT_IRQHandler
                0x08002b9c      0x97e ./Drivers/STM32F4xx_HAL_Driver/Src/stm32f4xx_hal_hcd.o
 .text.HCD_RXQLVL_IRQHandler
                0x0800351a      0x1be ./Drivers/STM32F4xx_HAL_Driver/Src/stm32f4xx_hal_hcd.o
 .text.HCD_Port_IRQHandler
                0x080036d8       0xe6 ./Drivers/STM32F4xx_HAL_Driver/Src/stm32f4xx_hal_hcd.o
 *fill*         0x080037be        0x2 
 .text.HAL_I2C_Init
                0x080037c0      0x288 ./Drivers/STM32F4xx_HAL_Driver/Src/stm32f4xx_hal_i2c.o
                0x080037c0                HAL_I2C_Init
 .text.HAL_RCC_OscConfig
                0x08003a48      0x4f0 ./Drivers/STM32F4xx_HAL_Driver/Src/stm32f4xx_hal_rcc.o
                0x08003a48                HAL_RCC_OscConfig
 .text.HAL_RCC_ClockConfig
                0x08003f38      0x1cc ./Drivers/STM32F4xx_HAL_Driver/Src/stm32f4xx_hal_rcc.o
                0x08003f38                HAL_RCC_ClockConfig
 .text.HAL_RCC_GetSysClockFreq
                0x08004104      0x20c ./Drivers/STM32F4xx_HAL_Driver/Src/stm32f4xx_hal_rcc.o
                0x08004104                HAL_RCC_GetSysClockFreq
 .text.HAL_RCC_GetHCLKFreq
                0x08004310       0x18 ./Drivers/STM32F4xx_HAL_Driver/Src/stm32f4xx_hal_rcc.o
                0x08004310                HAL_RCC_GetHCLKFreq
 .text.HAL_RCC_GetPCLK1Freq
                0x08004328       0x28 ./Drivers/STM32F4xx_HAL_Driver/Src/stm32f4xx_hal_rcc.o
                0x08004328                HAL_RCC_GetPCLK1Freq
 .text.HAL_SPI_Init
                0x08004350      0x112 ./Drivers/STM32F4xx_HAL_Driver/Src/stm32f4xx_hal_spi.o
                0x08004350                HAL_SPI_Init
 .text.USB_CoreInit
                0x08004462       0xc8 ./Drivers/STM32F4xx_HAL_Driver/Src/stm32f4xx_ll_usb.o
                0x08004462                USB_CoreInit
 .text.USB_EnableGlobalInt
                0x0800452a       0x22 ./Drivers/STM32F4xx_HAL_Driver/Src/stm32f4xx_ll_usb.o
                0x0800452a                USB_EnableGlobalInt
 .text.USB_DisableGlobalInt
                0x0800454c       0x22 ./Drivers/STM32F4xx_HAL_Driver/Src/stm32f4xx_ll_usb.o
                0x0800454c                USB_DisableGlobalInt
 .text.USB_SetCurrentMode
                0x0800456e       0x98 ./Drivers/STM32F4xx_HAL_Driver/Src/stm32f4xx_ll_usb.o
                0x0800456e                USB_SetCurrentMode
 .text.USB_FlushTxFifo
                0x08004606       0x64 ./Drivers/STM32F4xx_HAL_Driver/Src/stm32f4xx_ll_usb.o
                0x08004606                USB_FlushTxFifo
 .text.USB_FlushRxFifo
                0x0800466a       0x5c ./Drivers/STM32F4xx_HAL_Driver/Src/stm32f4xx_ll_usb.o
                0x0800466a                USB_FlushRxFifo
 .text.USB_WritePacket
                0x080046c6       0x7c ./Drivers/STM32F4xx_HAL_Driver/Src/stm32f4xx_ll_usb.o
                0x080046c6                USB_WritePacket
 .text.USB_ReadPacket
                0x08004742       0xb0 ./Drivers/STM32F4xx_HAL_Driver/Src/stm32f4xx_ll_usb.o
                0x08004742                USB_ReadPacket
 .text.USB_ReadInterrupts
                0x080047f2       0x26 ./Drivers/STM32F4xx_HAL_Driver/Src/stm32f4xx_ll_usb.o
                0x080047f2                USB_ReadInterrupts
 .text.USB_ReadChInterrupts
                0x08004818       0x42 ./Drivers/STM32F4xx_HAL_Driver/Src/stm32f4xx_ll_usb.o
                0x08004818                USB_ReadChInterrupts
 .text.USB_GetMode
                0x0800485a       0x1c ./Drivers/STM32F4xx_HAL_Driver/Src/stm32f4xx_ll_usb.o
                0x0800485a                USB_GetMode
 .text.USB_CoreReset
                0x08004876       0x70 ./Drivers/STM32F4xx_HAL_Driver/Src/stm32f4xx_ll_usb.o
 *fill*         0x080048e6        0x2 
 .text.USB_HostInit
                0x080048e8      0x188 ./Drivers/STM32F4xx_HAL_Driver/Src/stm32f4xx_ll_usb.o
                0x080048e8                USB_HostInit
 .text.USB_InitFSLSPClkSel
                0x08004a70       0x7a ./Drivers/STM32F4xx_HAL_Driver/Src/stm32f4xx_ll_usb.o
                0x08004a70                USB_InitFSLSPClkSel
 .text.USB_ResetPort
                0x08004aea       0x54 ./Drivers/STM32F4xx_HAL_Driver/Src/stm32f4xx_ll_usb.o
                0x08004aea                USB_ResetPort
 .text.USB_DriveVbus
                0x08004b3e       0x72 ./Drivers/STM32F4xx_HAL_Driver/Src/stm32f4xx_ll_usb.o
                0x08004b3e                USB_DriveVbus
 .text.USB_GetHostSpeed
                0x08004bb0       0x2e ./Drivers/STM32F4xx_HAL_Driver/Src/stm32f4xx_ll_usb.o
                0x08004bb0                USB_GetHostSpeed
 .text.USB_GetCurrentFrame
                0x08004bde       0x22 ./Drivers/STM32F4xx_HAL_Driver/Src/stm32f4xx_ll_usb.o
                0x08004bde                USB_GetCurrentFrame
 .text.USB_HC_Init
                0x08004c00      0x258 ./Drivers/STM32F4xx_HAL_Driver/Src/stm32f4xx_ll_usb.o
                0x08004c00                USB_HC_Init
 .text.USB_HC_StartXfer
                0x08004e58      0x4f4 ./Drivers/STM32F4xx_HAL_Driver/Src/stm32f4xx_ll_usb.o
                0x08004e58                USB_HC_StartXfer
 .text.USB_HC_ReadInterrupt
                0x0800534c       0x22 ./Drivers/STM32F4xx_HAL_Driver/Src/stm32f4xx_ll_usb.o
                0x0800534c                USB_HC_ReadInterrupt
 .text.USB_HC_Halt
                0x0800536e      0x240 ./Drivers/STM32F4xx_HAL_Driver/Src/stm32f4xx_ll_usb.o
                0x0800536e                USB_HC_Halt
 *fill*         0x080055ae        0x2 
 .text.USB_DoPing
                0x080055b0       0x78 ./Drivers/STM32F4xx_HAL_Driver/Src/stm32f4xx_ll_usb.o
                0x080055b0                USB_DoPing
 .text.USB_StopHost
                0x08005628      0x124 ./Drivers/STM32F4xx_HAL_Driver/Src/stm32f4xx_ll_usb.o
                0x08005628                USB_StopHost
 .text.USBH_CDC_InterfaceInit
                0x0800574c      0x2ac ./Middlewares/ST/STM32_USB_Host_Library/Class/CDC/Src/usbh_cdc.o
 .text.USBH_CDC_InterfaceDeInit
                0x080059f8       0xb2 ./Middlewares/ST/STM32_USB_Host_Library/Class/CDC/Src/usbh_cdc.o
 .text.USBH_CDC_ClassRequest
                0x08005aaa       0x3e ./Middlewares/ST/STM32_USB_Host_Library/Class/CDC/Src/usbh_cdc.o
 .text.USBH_CDC_Process
                0x08005ae8      0x12c ./Middlewares/ST/STM32_USB_Host_Library/Class/CDC/Src/usbh_cdc.o
 .text.USBH_CDC_SOFProcess
                0x08005c14       0x16 ./Middlewares/ST/STM32_USB_Host_Library/Class/CDC/Src/usbh_cdc.o
 .text.GetLineCoding
                0x08005c2a       0x3e ./Middlewares/ST/STM32_USB_Host_Library/Class/CDC/Src/usbh_cdc.o
 .text.SetLineCoding
                0x08005c68       0x3e ./Middlewares/ST/STM32_USB_Host_Library/Class/CDC/Src/usbh_cdc.o
 .text.CDC_ProcessTransmission
                0x08005ca6       0xec ./Middlewares/ST/STM32_USB_Host_Library/Class/CDC/Src/usbh_cdc.o
 .text.CDC_ProcessReception
                0x08005d92       0xb6 ./Middlewares/ST/STM32_USB_Host_Library/Class/CDC/Src/usbh_cdc.o
 .text.USBH_CDC_TransmitCallback
                0x08005e48       0x14 ./Middlewares/ST/STM32_USB_Host_Library/Class/CDC/Src/usbh_cdc.o
                0x08005e48                USBH_CDC_TransmitCallback
 .text.USBH_CDC_ReceiveCallback
                0x08005e5c       0x14 ./Middlewares/ST/STM32_USB_Host_Library/Class/CDC/Src/usbh_cdc.o
                0x08005e5c                USBH_CDC_ReceiveCallback
 .text.USBH_CDC_LineCodingChanged
                0x08005e70       0x14 ./Middlewares/ST/STM32_USB_Host_Library/Class/CDC/Src/usbh_cdc.o
                0x08005e70                USBH_CDC_LineCodingChanged
 .text.USBH_Init
                0x08005e84       0x74 ./Middlewares/ST/STM32_USB_Host_Library/Core/Src/usbh_core.o
                0x08005e84                USBH_Init
 .text.DeInitStateMachine
                0x08005ef8       0xe2 ./Middlewares/ST/STM32_USB_Host_Library/Core/Src/usbh_core.o
 .text.USBH_RegisterClass
                0x08005fda       0x54 ./Middlewares/ST/STM32_USB_Host_Library/Core/Src/usbh_core.o
                0x08005fda                USBH_RegisterClass
 .text.USBH_SelectInterface
                0x0800602e       0x38 ./Middlewares/ST/STM32_USB_Host_Library/Core/Src/usbh_core.o
                0x0800602e                USBH_SelectInterface
 .text.USBH_FindInterface
                0x08006066       0x8c ./Middlewares/ST/STM32_USB_Host_Library/Core/Src/usbh_core.o
                0x08006066                USBH_FindInterface
 .text.USBH_Start
                0x080060f2       0x20 ./Middlewares/ST/STM32_USB_Host_Library/Core/Src/usbh_core.o
                0x080060f2                USBH_Start
 *fill*         0x08006112        0x2 
 .text.USBH_Process
                0x08006114      0x3d4 ./Middlewares/ST/STM32_USB_Host_Library/Core/Src/usbh_core.o
                0x08006114                USBH_Process
 .text.USBH_HandleEnum
                0x080064e8      0x3c0 ./Middlewares/ST/STM32_USB_Host_Library/Core/Src/usbh_core.o
 .text.USBH_LL_SetTimer
                0x080068a8       0x1e ./Middlewares/ST/STM32_USB_Host_Library/Core/Src/usbh_core.o
                0x080068a8                USBH_LL_SetTimer
 .text.USBH_LL_IncTimer
                0x080068c6       0x24 ./Middlewares/ST/STM32_USB_Host_Library/Core/Src/usbh_core.o
                0x080068c6                USBH_LL_IncTimer
 .text.USBH_HandleSof
                0x080068ea       0x30 ./Middlewares/ST/STM32_USB_Host_Library/Core/Src/usbh_core.o
 .text.USBH_LL_PortEnabled
                0x0800691a       0x1c ./Middlewares/ST/STM32_USB_Host_Library/Core/Src/usbh_core.o
                0x0800691a                USBH_LL_PortEnabled
 .text.USBH_LL_PortDisabled
                0x08006936       0x24 ./Middlewares/ST/STM32_USB_Host_Library/Core/Src/usbh_core.o
                0x08006936                USBH_LL_PortDisabled
 .text.USBH_LL_Connect
                0x0800695a       0x2e ./Middlewares/ST/STM32_USB_Host_Library/Core/Src/usbh_core.o
                0x0800695a                USBH_LL_Connect
 .text.USBH_LL_Disconnect
                0x08006988       0x48 ./Middlewares/ST/STM32_USB_Host_Library/Core/Src/usbh_core.o
                0x08006988                USBH_LL_Disconnect
 .text.USBH_Get_DevDesc
                0x080069d0       0x58 ./Middlewares/ST/STM32_USB_Host_Library/Core/Src/usbh_ctlreq.o
                0x080069d0                USBH_Get_DevDesc
 .text.USBH_Get_CfgDesc
                0x08006a28       0x54 ./Middlewares/ST/STM32_USB_Host_Library/Core/Src/usbh_ctlreq.o
                0x08006a28                USBH_Get_CfgDesc
 .text.USBH_Get_StringDesc
                0x08006a7c       0x68 ./Middlewares/ST/STM32_USB_Host_Library/Core/Src/usbh_ctlreq.o
                0x08006a7c                USBH_Get_StringDesc
 .text.USBH_GetDescriptor
                0x08006ae4       0x6a ./Middlewares/ST/STM32_USB_Host_Library/Core/Src/usbh_ctlreq.o
                0x08006ae4                USBH_GetDescriptor
 .text.USBH_SetAddress
                0x08006b4e       0x48 ./Middlewares/ST/STM32_USB_Host_Library/Core/Src/usbh_ctlreq.o
                0x08006b4e                USBH_SetAddress
 .text.USBH_SetCfg
                0x08006b96       0x46 ./Middlewares/ST/STM32_USB_Host_Library/Core/Src/usbh_ctlreq.o
                0x08006b96                USBH_SetCfg
 .text.USBH_SetFeature
                0x08006bdc       0x48 ./Middlewares/ST/STM32_USB_Host_Library/Core/Src/usbh_ctlreq.o
                0x08006bdc                USBH_SetFeature
 .text.USBH_ClrFeature
                0x08006c24       0x48 ./Middlewares/ST/STM32_USB_Host_Library/Core/Src/usbh_ctlreq.o
                0x08006c24                USBH_ClrFeature
 .text.USBH_ParseDevDesc
                0x08006c6c      0x160 ./Middlewares/ST/STM32_USB_Host_Library/Core/Src/usbh_ctlreq.o
 .text.USBH_ParseCfgDesc
                0x08006dcc      0x1f8 ./Middlewares/ST/STM32_USB_Host_Library/Core/Src/usbh_ctlreq.o
 .text.USBH_ParseInterfaceDesc
                0x08006fc4       0x5e ./Middlewares/ST/STM32_USB_Host_Library/Core/Src/usbh_ctlreq.o
 .text.USBH_ParseEPDesc
                0x08007022      0x1d0 ./Middlewares/ST/STM32_USB_Host_Library/Core/Src/usbh_ctlreq.o
 .text.USBH_ParseStringDesc
                0x080071f2       0x66 ./Middlewares/ST/STM32_USB_Host_Library/Core/Src/usbh_ctlreq.o
 .text.USBH_GetNextDesc
                0x08007258       0x34 ./Middlewares/ST/STM32_USB_Host_Library/Core/Src/usbh_ctlreq.o
                0x08007258                USBH_GetNextDesc
 .text.USBH_CtlReq
                0x0800728c       0x7a ./Middlewares/ST/STM32_USB_Host_Library/Core/Src/usbh_ctlreq.o
                0x0800728c                USBH_CtlReq
 *fill*         0x08007306        0x2 
 .text.USBH_HandleControl
                0x08007308      0x2ec ./Middlewares/ST/STM32_USB_Host_Library/Core/Src/usbh_ctlreq.o
 .text.USBH_CtlSendSetup
                0x080075f4       0x34 ./Middlewares/ST/STM32_USB_Host_Library/Core/Src/usbh_ioreq.o
                0x080075f4                USBH_CtlSendSetup
 .text.USBH_CtlSendData
                0x08007628       0x4a ./Middlewares/ST/STM32_USB_Host_Library/Core/Src/usbh_ioreq.o
                0x08007628                USBH_CtlSendData
 .text.USBH_CtlReceiveData
                0x08007672       0x3c ./Middlewares/ST/STM32_USB_Host_Library/Core/Src/usbh_ioreq.o
                0x08007672                USBH_CtlReceiveData
 .text.USBH_BulkSendData
                0x080076ae       0x4a ./Middlewares/ST/STM32_USB_Host_Library/Core/Src/usbh_ioreq.o
                0x080076ae                USBH_BulkSendData
 .text.USBH_BulkReceiveData
                0x080076f8       0x3c ./Middlewares/ST/STM32_USB_Host_Library/Core/Src/usbh_ioreq.o
                0x080076f8                USBH_BulkReceiveData
 .text.USBH_OpenPipe
                0x08007734       0x3e ./Middlewares/ST/STM32_USB_Host_Library/Core/Src/usbh_pipes.o
                0x08007734                USBH_OpenPipe
 .text.USBH_ClosePipe
                0x08007772       0x20 ./Middlewares/ST/STM32_USB_Host_Library/Core/Src/usbh_pipes.o
                0x08007772                USBH_ClosePipe
 .text.USBH_AllocPipe
                0x08007792       0x42 ./Middlewares/ST/STM32_USB_Host_Library/Core/Src/usbh_pipes.o
                0x08007792                USBH_AllocPipe
 .text.USBH_FreePipe
                0x080077d4       0x3c ./Middlewares/ST/STM32_USB_Host_Library/Core/Src/usbh_pipes.o
                0x080077d4                USBH_FreePipe
 .text.USBH_GetFreePipe
                0x08007810       0x48 ./Middlewares/ST/STM32_USB_Host_Library/Core/Src/usbh_pipes.o
 .text.MX_USB_HOST_Init
                0x08007858       0x4c ./USB_HOST/App/usb_host.o
                0x08007858                MX_USB_HOST_Init
 .text.MX_USB_HOST_Process
                0x080078a4       0x14 ./USB_HOST/App/usb_host.o
                0x080078a4                MX_USB_HOST_Process
 .text.USBH_UserProcess
                0x080078b8       0x5c ./USB_HOST/App/usb_host.o
 .text.HAL_HCD_MspInit
                0x08007914       0xc4 ./USB_HOST/Target/usbh_conf.o
                0x08007914                HAL_HCD_MspInit
 .text.HAL_HCD_SOF_Callback
                0x080079d8       0x1c ./USB_HOST/Target/usbh_conf.o
                0x080079d8                HAL_HCD_SOF_Callback
 .text.HAL_HCD_Connect_Callback
                0x080079f4       0x1c ./USB_HOST/Target/usbh_conf.o
                0x080079f4                HAL_HCD_Connect_Callback
 .text.HAL_HCD_Disconnect_Callback
                0x08007a10       0x1c ./USB_HOST/Target/usbh_conf.o
                0x08007a10                HAL_HCD_Disconnect_Callback
 .text.HAL_HCD_HC_NotifyURBChange_Callback
                0x08007a2c       0x1c ./USB_HOST/Target/usbh_conf.o
                0x08007a2c                HAL_HCD_HC_NotifyURBChange_Callback
 .text.HAL_HCD_PortEnabled_Callback
                0x08007a48       0x1c ./USB_HOST/Target/usbh_conf.o
                0x08007a48                HAL_HCD_PortEnabled_Callback
 .text.HAL_HCD_PortDisabled_Callback
                0x08007a64       0x1c ./USB_HOST/Target/usbh_conf.o
                0x08007a64                HAL_HCD_PortDisabled_Callback
 .text.USBH_LL_Init
                0x08007a80       0x78 ./USB_HOST/Target/usbh_conf.o
                0x08007a80                USBH_LL_Init
 .text.USBH_LL_Start
                0x08007af8       0x36 ./USB_HOST/Target/usbh_conf.o
                0x08007af8                USBH_LL_Start
 .text.USBH_LL_Stop
                0x08007b2e       0x36 ./USB_HOST/Target/usbh_conf.o
                0x08007b2e                USBH_LL_Stop
 .text.USBH_LL_GetSpeed
                0x08007b64       0x4e ./USB_HOST/Target/usbh_conf.o
                0x08007b64                USBH_LL_GetSpeed
 .text.USBH_LL_ResetPort
                0x08007bb2       0x36 ./USB_HOST/Target/usbh_conf.o
                0x08007bb2                USBH_LL_ResetPort
 .text.USBH_LL_GetLastXferSize
                0x08007be8       0x26 ./USB_HOST/Target/usbh_conf.o
                0x08007be8                USBH_LL_GetLastXferSize
 .text.USBH_LL_OpenPipe
                0x08007c0e       0x5e ./USB_HOST/Target/usbh_conf.o
                0x08007c0e                USBH_LL_OpenPipe
 .text.USBH_LL_ClosePipe
                0x08007c6c       0x1a ./USB_HOST/Target/usbh_conf.o
                0x08007c6c                USBH_LL_ClosePipe
 .text.USBH_LL_SubmitURB
                0x08007c86       0x62 ./USB_HOST/Target/usbh_conf.o
                0x08007c86                USBH_LL_SubmitURB
 .text.USBH_LL_GetURBState
                0x08007ce8       0x26 ./USB_HOST/Target/usbh_conf.o
                0x08007ce8                USBH_LL_GetURBState
 .text.USBH_LL_DriverVBUS
                0x08007d0e       0x2e ./USB_HOST/Target/usbh_conf.o
                0x08007d0e                USBH_LL_DriverVBUS
 .text.USBH_LL_SetToggle
                0x08007d3c       0x66 ./USB_HOST/Target/usbh_conf.o
                0x08007d3c                USBH_LL_SetToggle
 .text.USBH_Delay
                0x08007da2       0x16 ./USB_HOST/Target/usbh_conf.o
                0x08007da2                USBH_Delay
 .text.USBH_Get_USB_Status
                0x08007db8       0x58 ./USB_HOST/Target/usbh_conf.o
                0x08007db8                USBH_Get_USB_Status
 .text.MX_DriverVbusFS
                0x08007e10       0x38 ./USB_HOST/Target/usbh_platform.o
                0x08007e10                MX_DriverVbusFS
 .text.malloc   0x08007e48       0x10 C:/ST/STM32CubeIDE_2.1.1/STM32CubeIDE/plugins/com.st.stm32cube.ide.mcu.externaltools.gnu-tools-for-stm32.14.3.rel1.win32_1.0.100.202602081740/tools/bin/../lib/gcc/arm-none-eabi/14.3.1/../../../../arm-none-eabi/lib/thumb/v7e-m+fp/hard\libc_nano.a(libc_a-malloc.o)
                0x08007e48                malloc
 .text.free     0x08007e58       0x10 C:/ST/STM32CubeIDE_2.1.1/STM32CubeIDE/plugins/com.st.stm32cube.ide.mcu.externaltools.gnu-tools-for-stm32.14.3.rel1.win32_1.0.100.202602081740/tools/bin/../lib/gcc/arm-none-eabi/14.3.1/../../../../arm-none-eabi/lib/thumb/v7e-m+fp/hard\libc_nano.a(libc_a-malloc.o)
                0x08007e58                free
 .text.sbrk_aligned
                0x08007e68       0x44 C:/ST/STM32CubeIDE_2.1.1/STM32CubeIDE/plugins/com.st.stm32cube.ide.mcu.externaltools.gnu-tools-for-stm32.14.3.rel1.win32_1.0.100.202602081740/tools/bin/../lib/gcc/arm-none-eabi/14.3.1/../../../../arm-none-eabi/lib/thumb/v7e-m+fp/hard\libc_nano.a(libc_a-mallocr.o)
 .text._malloc_r
                0x08007eac      0x100 C:/ST/STM32CubeIDE_2.1.1/STM32CubeIDE/plugins/com.st.stm32cube.ide.mcu.externaltools.gnu-tools-for-stm32.14.3.rel1.win32_1.0.100.202602081740/tools/bin/../lib/gcc/arm-none-eabi/14.3.1/../../../../arm-none-eabi/lib/thumb/v7e-m+fp/hard\libc_nano.a(libc_a-mallocr.o)
                0x08007eac                _malloc_r
 .text.__malloc_lock
                0x08007fac        0xc C:/ST/STM32CubeIDE_2.1.1/STM32CubeIDE/plugins/com.st.stm32cube.ide.mcu.externaltools.gnu-tools-for-stm32.14.3.rel1.win32_1.0.100.202602081740/tools/bin/../lib/gcc/arm-none-eabi/14.3.1/../../../../arm-none-eabi/lib/thumb/v7e-m+fp/hard\libc_nano.a(libc_a-mlock.o)
                0x08007fac                __malloc_lock
 .text.__malloc_unlock
                0x08007fb8        0xc C:/ST/STM32CubeIDE_2.1.1/STM32CubeIDE/plugins/com.st.stm32cube.ide.mcu.externaltools.gnu-tools-for-stm32.14.3.rel1.win32_1.0.100.202602081740/tools/bin/../lib/gcc/arm-none-eabi/14.3.1/../../../../arm-none-eabi/lib/thumb/v7e-m+fp/hard\libc_nano.a(libc_a-mlock.o)
                0x08007fb8                __malloc_unlock
 .text.memset   0x08007fc4       0x10 C:/ST/STM32CubeIDE_2.1.1/STM32CubeIDE/plugins/com.st.stm32cube.ide.mcu.externaltools.gnu-tools-for-stm32.14.3.rel1.win32_1.0.100.202602081740/tools/bin/../lib/gcc/arm-none-eabi/14.3.1/../../../../arm-none-eabi/lib/thumb/v7e-m+fp/hard\libc_nano.a(libc_a-memset.o)
                0x08007fc4                memset
 .text._sbrk_r  0x08007fd4       0x20 C:/ST/STM32CubeIDE_2.1.1/STM32CubeIDE/plugins/com.st.stm32cube.ide.mcu.externaltools.gnu-tools-for-stm32.14.3.rel1.win32_1.0.100.202602081740/tools/bin/../lib/gcc/arm-none-eabi/14.3.1/../../../../arm-none-eabi/lib/thumb/v7e-m+fp/hard\libc_nano.a(libc_a-sbrkr.o)
                0x08007fd4                _sbrk_r
 .text.__errno  0x08007ff4        0xc C:/ST/STM32CubeIDE_2.1.1/STM32CubeIDE/plugins/com.st.stm32cube.ide.mcu.externaltools.gnu-tools-for-stm32.14.3.rel1.win32_1.0.100.202602081740/tools/bin/../lib/gcc/arm-none-eabi/14.3.1/../../../../arm-none-eabi/lib/thumb/v7e-m+fp/hard\libc_nano.a(libc_a-errno.o)
                0x08007ff4                __errno
 .text.__libc_init_array
                0x08008000       0x48 C:/ST/STM32CubeIDE_2.1.1/STM32CubeIDE/plugins/com.st.stm32cube.ide.mcu.externaltools.gnu-tools-for-stm32.14.3.rel1.win32_1.0.100.202602081740/tools/bin/../lib/gcc/arm-none-eabi/14.3.1/../../../../arm-none-eabi/lib/thumb/v7e-m+fp/hard\libc_nano.a(libc_a-init.o)
                0x08008000                __libc_init_array
 .text.__retarget_lock_acquire_recursive
                0x08008048        0x2 C:/ST/STM32CubeIDE_2.1.1/STM32CubeIDE/plugins/com.st.stm32cube.ide.mcu.externaltools.gnu-tools-for-stm32.14.3.rel1.win32_1.0.100.202602081740/tools/bin/../lib/gcc/arm-none-eabi/14.3.1/../../../../arm-none-eabi/lib/thumb/v7e-m+fp/hard\libc_nano.a(libc_a-lock.o)
                0x08008048                __retarget_lock_acquire_recursive
 .text.__retarget_lock_release_recursive
                0x0800804a        0x2 C:/ST/STM32CubeIDE_2.1.1/STM32CubeIDE/plugins/com.st.stm32cube.ide.mcu.externaltools.gnu-tools-for-stm32.14.3.rel1.win32_1.0.100.202602081740/tools/bin/../lib/gcc/arm-none-eabi/14.3.1/../../../../arm-none-eabi/lib/thumb/v7e-m+fp/hard\libc_nano.a(libc_a-lock.o)
                0x0800804a                __retarget_lock_release_recursive
 .text._free_r  0x0800804c       0x94 C:/ST/STM32CubeIDE_2.1.1/STM32CubeIDE/plugins/com.st.stm32cube.ide.mcu.externaltools.gnu-tools-for-stm32.14.3.rel1.win32_1.0.100.202602081740/tools/bin/../lib/gcc/arm-none-eabi/14.3.1/../../../../arm-none-eabi/lib/thumb/v7e-m+fp/hard\libc_nano.a(libc_a-freer.o)
                0x0800804c                _free_r
 *(.glue_7)
 .glue_7        0x080080e0        0x0 linker stubs
 *(.glue_7t)
 .glue_7t       0x080080e0        0x0 linker stubs
 *(.eh_frame)
 .eh_frame      0x080080e0        0x0 C:/ST/STM32CubeIDE_2.1.1/STM32CubeIDE/plugins/com.st.stm32cube.ide.mcu.externaltools.gnu-tools-for-stm32.14.3.rel1.win32_1.0.100.202602081740/tools/bin/../lib/gcc/arm-none-eabi/14.3.1/thumb/v7e-m+fp/hard/crtbegin.o
 *(.init)
 .init          0x080080e0        0x4 C:/ST/STM32CubeIDE_2.1.1/STM32CubeIDE/plugins/com.st.stm32cube.ide.mcu.externaltools.gnu-tools-for-stm32.14.3.rel1.win32_1.0.100.202602081740/tools/bin/../lib/gcc/arm-none-eabi/14.3.1/thumb/v7e-m+fp/hard/crti.o
                0x080080e0                _init
 .init          0x080080e4        0x8 C:/ST/STM32CubeIDE_2.1.1/STM32CubeIDE/plugins/com.st.stm32cube.ide.mcu.externaltools.gnu-tools-for-stm32.14.3.rel1.win32_1.0.100.202602081740/tools/bin/../lib/gcc/arm-none-eabi/14.3.1/thumb/v7e-m+fp/hard/crtn.o
 *(.fini)
 .fini          0x080080ec        0x4 C:/ST/STM32CubeIDE_2.1.1/STM32CubeIDE/plugins/com.st.stm32cube.ide.mcu.externaltools.gnu-tools-for-stm32.14.3.rel1.win32_1.0.100.202602081740/tools/bin/../lib/gcc/arm-none-eabi/14.3.1/thumb/v7e-m+fp/hard/crti.o
                0x080080ec                _fini
 .fini          0x080080f0        0x8 C:/ST/STM32CubeIDE_2.1.1/STM32CubeIDE/plugins/com.st.stm32cube.ide.mcu.externaltools.gnu-tools-for-stm32.14.3.rel1.win32_1.0.100.202602081740/tools/bin/../lib/gcc/arm-none-eabi/14.3.1/thumb/v7e-m+fp/hard/crtn.o
                0x080080f8                        . = ALIGN (0x4)
                0x080080f8                        _etext = .

.vfp11_veneer   0x080080f8        0x0
 .vfp11_veneer  0x080080f8        0x0 linker stubs

.v4_bx          0x080080f8        0x0
 .v4_bx         0x080080f8        0x0 linker stubs

.iplt           0x080080f8        0x0
 .iplt          0x080080f8        0x0 C:/ST/STM32CubeIDE_2.1.1/STM32CubeIDE/plugins/com.st.stm32cube.ide.mcu.externaltools.gnu-tools-for-stm32.14.3.rel1.win32_1.0.100.202602081740/tools/bin/../lib/gcc/arm-none-eabi/14.3.1/thumb/v7e-m+fp/hard/crtbegin.o

.rodata         0x080080f8       0x1c
                0x080080f8                        . = ALIGN (0x4)
 *(.rodata)
 .rodata        0x080080f8        0x4 ./Middlewares/ST/STM32_USB_Host_Library/Class/CDC/Src/usbh_cdc.o
 *(.rodata*)
 .rodata.AHBPrescTable
                0x080080fc       0x10 ./Core/Src/system_stm32f4xx.o
                0x080080fc                AHBPrescTable
 .rodata.APBPrescTable
                0x0800810c        0x8 ./Core/Src/system_stm32f4xx.o
                0x0800810c                APBPrescTable
                0x08008114                        . = ALIGN (0x4)

.ARM.extab      0x08008114        0x0
                0x08008114                        . = ALIGN (0x4)
 *(.ARM.extab* .gnu.linkonce.armextab.*)
                0x08008114                        . = ALIGN (0x4)

.ARM            0x08008114        0x8
                0x08008114                        . = ALIGN (0x4)
                0x08008114                        __exidx_start = .
 *(.ARM.exidx*)
 .ARM.exidx     0x08008114        0x8 C:/ST/STM32CubeIDE_2.1.1/STM32CubeIDE/plugins/com.st.stm32cube.ide.mcu.externaltools.gnu-tools-for-stm32.14.3.rel1.win32_1.0.100.202602081740/tools/bin/../lib/gcc/arm-none-eabi/14.3.1/thumb/v7e-m+fp/hard\libgcc.a(_udivmoddi4.o)
                0x0800811c                        __exidx_end = .
                0x0800811c                        . = ALIGN (0x4)

.preinit_array  0x0800811c        0x0
                0x0800811c                        . = ALIGN (0x4)
                0x0800811c                        PROVIDE (__preinit_array_start = .)
 *(.preinit_array*)
                0x0800811c                        PROVIDE (__preinit_array_end = .)
                0x0800811c                        . = ALIGN (0x4)

.init_array     0x0800811c        0x4
                0x0800811c                        . = ALIGN (0x4)
                0x0800811c                        PROVIDE (__init_array_start = .)
 *(SORT_BY_NAME(.init_array.*))
 *(.init_array*)
 .init_array    0x0800811c        0x4 C:/ST/STM32CubeIDE_2.1.1/STM32CubeIDE/plugins/com.st.stm32cube.ide.mcu.externaltools.gnu-tools-for-stm32.14.3.rel1.win32_1.0.100.202602081740/tools/bin/../lib/gcc/arm-none-eabi/14.3.1/thumb/v7e-m+fp/hard/crtbegin.o
                0x08008120                        PROVIDE (__init_array_end = .)
                0x08008120                        . = ALIGN (0x4)

.fini_array     0x08008120        0x4
                0x08008120                        . = ALIGN (0x4)
                [!provide]                        PROVIDE (__fini_array_start = .)
 *(SORT_BY_NAME(.fini_array.*))
 *(.fini_array*)
 .fini_array    0x08008120        0x4 C:/ST/STM32CubeIDE_2.1.1/STM32CubeIDE/plugins/com.st.stm32cube.ide.mcu.externaltools.gnu-tools-for-stm32.14.3.rel1.win32_1.0.100.202602081740/tools/bin/../lib/gcc/arm-none-eabi/14.3.1/thumb/v7e-m+fp/hard/crtbegin.o
                [!provide]                        PROVIDE (__fini_array_end = .)
                0x08008124                        . = ALIGN (0x4)
                0x08008124                        _sidata = LOADADDR (.data)

.rel.dyn        0x08008124        0x0
 .rel.iplt      0x08008124        0x0 C:/ST/STM32CubeIDE_2.1.1/STM32CubeIDE/plugins/com.st.stm32cube.ide.mcu.externaltools.gnu-tools-for-stm32.14.3.rel1.win32_1.0.100.202602081740/tools/bin/../lib/gcc/arm-none-eabi/14.3.1/thumb/v7e-m+fp/hard/crtbegin.o

.data           0x20000000       0x7c load address 0x08008124
                0x20000000                        . = ALIGN (0x4)
                0x20000000                        _sdata = .
 *(.data)
 *(.data*)
 .data.SystemCoreClock
                0x20000000        0x4 ./Core/Src/system_stm32f4xx.o
                0x20000000                SystemCoreClock
 .data.uwTickPrio
                0x20000004        0x4 ./Drivers/STM32F4xx_HAL_Driver/Src/stm32f4xx_hal.o
                0x20000004                uwTickPrio
 .data.uwTickFreq
                0x20000008        0x1 ./Drivers/STM32F4xx_HAL_Driver/Src/stm32f4xx_hal.o
                0x20000008                uwTickFreq
 *fill*         0x20000009        0x3 
 .data.CDC_Class
                0x2000000c       0x20 ./Middlewares/ST/STM32_USB_Host_Library/Class/CDC/Src/usbh_cdc.o
                0x2000000c                CDC_Class
 .data._impure_ptr
                0x2000002c        0x4 C:/ST/STM32CubeIDE_2.1.1/STM32CubeIDE/plugins/com.st.stm32cube.ide.mcu.externaltools.gnu-tools-for-stm32.14.3.rel1.win32_1.0.100.202602081740/tools/bin/../lib/gcc/arm-none-eabi/14.3.1/../../../../arm-none-eabi/lib/thumb/v7e-m+fp/hard\libc_nano.a(libc_a-impure.o)
                0x2000002c                _impure_ptr
 .data._impure_data
                0x20000030       0x4c C:/ST/STM32CubeIDE_2.1.1/STM32CubeIDE/plugins/com.st.stm32cube.ide.mcu.externaltools.gnu-tools-for-stm32.14.3.rel1.win32_1.0.100.202602081740/tools/bin/../lib/gcc/arm-none-eabi/14.3.1/../../../../arm-none-eabi/lib/thumb/v7e-m+fp/hard\libc_nano.a(libc_a-impure.o)
                0x20000030                _impure_data
 *(.RamFunc)
 *(.RamFunc*)
                0x2000007c                        . = ALIGN (0x4)
                0x2000007c                        _edata = .
                0x080081a0                        _siccmram = LOADADDR (.ccmram)

.igot.plt       0x2000007c        0x0 load address 0x080081a0
 .igot.plt      0x2000007c        0x0 C:/ST/STM32CubeIDE_2.1.1/STM32CubeIDE/plugins/com.st.stm32cube.ide.mcu.externaltools.gnu-tools-for-stm32.14.3.rel1.win32_1.0.100.202602081740/tools/bin/../lib/gcc/arm-none-eabi/14.3.1/thumb/v7e-m+fp/hard/crtbegin.o

.ccmram         0x10000000        0x0 load address 0x080081a0
                0x10000000                        . = ALIGN (0x4)
                0x10000000                        _sccmram = .
 *(.ccmram)
 *(.ccmram*)
                0x10000000                        . = ALIGN (0x4)
                0x10000000                        _eccmram = .
                0x10000000                        . = ALIGN (0x4)

.bss            0x2000007c      0x9e8
                0x2000007c                        _sbss = .
                0x2000007c                        __bss_start__ = _sbss
 *(.bss)
 .bss           0x2000007c       0x1c C:/ST/STM32CubeIDE_2.1.1/STM32CubeIDE/plugins/com.st.stm32cube.ide.mcu.externaltools.gnu-tools-for-stm32.14.3.rel1.win32_1.0.100.202602081740/tools/bin/../lib/gcc/arm-none-eabi/14.3.1/thumb/v7e-m+fp/hard/crtbegin.o
 *(.bss*)
 .bss.hdac      0x20000098       0x14 ./Core/Src/main.o
                0x20000098                hdac
 .bss.hi2c1     0x200000ac       0x54 ./Core/Src/main.o
                0x200000ac                hi2c1
 .bss.hspi1     0x20000100       0x58 ./Core/Src/main.o
                0x20000100                hspi1
 .bss.__sbrk_heap_end
                0x20000158        0x4 ./Core/Src/sysmem.o
 .bss.uwTick    0x2000015c        0x4 ./Drivers/STM32F4xx_HAL_Driver/Src/stm32f4xx_hal.o
                0x2000015c                uwTick
 .bss.hUsbHostFS
                0x20000160      0x3d8 ./USB_HOST/App/usb_host.o
                0x20000160                hUsbHostFS
 .bss.Appli_state
                0x20000538        0x1 ./USB_HOST/App/usb_host.o
                0x20000538                Appli_state
 *fill*         0x20000539        0x3 
 .bss.hhcd_USB_OTG_FS
                0x2000053c      0x3e0 ./USB_HOST/Target/usbh_conf.o
                0x2000053c                hhcd_USB_OTG_FS
 .bss.__malloc_sbrk_start
                0x2000091c        0x4 C:/ST/STM32CubeIDE_2.1.1/STM32CubeIDE/plugins/com.st.stm32cube.ide.mcu.externaltools.gnu-tools-for-stm32.14.3.rel1.win32_1.0.100.202602081740/tools/bin/../lib/gcc/arm-none-eabi/14.3.1/../../../../arm-none-eabi/lib/thumb/v7e-m+fp/hard\libc_nano.a(libc_a-mallocr.o)
                0x2000091c                __malloc_sbrk_start
 .bss.__malloc_free_list
                0x20000920        0x4 C:/ST/STM32CubeIDE_2.1.1/STM32CubeIDE/plugins/com.st.stm32cube.ide.mcu.externaltools.gnu-tools-for-stm32.14.3.rel1.win32_1.0.100.202602081740/tools/bin/../lib/gcc/arm-none-eabi/14.3.1/../../../../arm-none-eabi/lib/thumb/v7e-m+fp/hard\libc_nano.a(libc_a-mallocr.o)
                0x20000920                __malloc_free_list
 .bss.__sf      0x20000924      0x138 C:/ST/STM32CubeIDE_2.1.1/STM32CubeIDE/plugins/com.st.stm32cube.ide.mcu.externaltools.gnu-tools-for-stm32.14.3.rel1.win32_1.0.100.202602081740/tools/bin/../lib/gcc/arm-none-eabi/14.3.1/../../../../arm-none-eabi/lib/thumb/v7e-m+fp/hard\libc_nano.a(libc_a-findfp.o)
                0x20000924                __sf
 .bss.errno     0x20000a5c        0x4 C:/ST/STM32CubeIDE_2.1.1/STM32CubeIDE/plugins/com.st.stm32cube.ide.mcu.externaltools.gnu-tools-for-stm32.14.3.rel1.win32_1.0.100.202602081740/tools/bin/../lib/gcc/arm-none-eabi/14.3.1/../../../../arm-none-eabi/lib/thumb/v7e-m+fp/hard\libc_nano.a(libc_a-reent.o)
                0x20000a5c                errno
 .bss.__lock___malloc_recursive_mutex
                0x20000a60        0x1 C:/ST/STM32CubeIDE_2.1.1/STM32CubeIDE/plugins/com.st.stm32cube.ide.mcu.externaltools.gnu-tools-for-stm32.14.3.rel1.win32_1.0.100.202602081740/tools/bin/../lib/gcc/arm-none-eabi/14.3.1/../../../../arm-none-eabi/lib/thumb/v7e-m+fp/hard\libc_nano.a(libc_a-lock.o)
                0x20000a60                __lock___malloc_recursive_mutex
 *(COMMON)
                0x20000a64                        . = ALIGN (0x4)
 *fill*         0x20000a61        0x3 
                0x20000a64                        _ebss = .
                0x20000a64                        __bss_end__ = _ebss

._user_heap_stack
                0x20000a64      0x604
                0x20000a68                        . = ALIGN (0x8)
 *fill*         0x20000a64        0x4 
                [!provide]                        PROVIDE (end = .)
                0x20000a68                        PROVIDE (_end = .)
                0x20000c68                        . = (. + _Min_Heap_Size)
 *fill*         0x20000a68      0x200 
                0x20001068                        . = (. + _Min_Stack_Size)
 *fill*         0x20000c68      0x400 
                0x20001068                        . = ALIGN (0x8)

/DISCARD/
 libc.a(*)
 libm.a(*)
 libgcc.a(*)

.ARM.attributes
                0x00000000       0x30
 *(.ARM.attributes)
 .ARM.attributes
                0x00000000       0x22 C:/ST/STM32CubeIDE_2.1.1/STM32CubeIDE/plugins/com.st.stm32cube.ide.mcu.externaltools.gnu-tools-for-stm32.14.3.rel1.win32_1.0.100.202602081740/tools/bin/../lib/gcc/arm-none-eabi/14.3.1/thumb/v7e-m+fp/hard/crti.o
 .ARM.attributes
                0x00000022       0x34 C:/ST/STM32CubeIDE_2.1.1/STM32CubeIDE/plugins/com.st.stm32cube.ide.mcu.externaltools.gnu-tools-for-stm32.14.3.rel1.win32_1.0.100.202602081740/tools/bin/../lib/gcc/arm-none-eabi/14.3.1/thumb/v7e-m+fp/hard/crtbegin.o
 .ARM.attributes
                0x00000056       0x34 ./Core/Src/main.o
 .ARM.attributes
                0x0000008a       0x34 ./Core/Src/stm32f4xx_hal_msp.o
 .ARM.attributes
                0x000000be       0x34 ./Core/Src/stm32f4xx_it.o
 .ARM.attributes
                0x000000f2       0x34 ./Core/Src/sysmem.o
 .ARM.attributes
                0x00000126       0x34 ./Core/Src/system_stm32f4xx.o
 .ARM.attributes
                0x0000015a       0x21 ./Core/Startup/startup_stm32f407vgtx.o
 .ARM.attributes
                0x0000017b       0x34 ./Drivers/STM32F4xx_HAL_Driver/Src/stm32f4xx_hal.o
 .ARM.attributes
                0x000001af       0x34 ./Drivers/STM32F4xx_HAL_Driver/Src/stm32f4xx_hal_cortex.o
 .ARM.attributes
                0x000001e3       0x34 ./Drivers/STM32F4xx_HAL_Driver/Src/stm32f4xx_hal_dac.o
 .ARM.attributes
                0x00000217       0x34 ./Drivers/STM32F4xx_HAL_Driver/Src/stm32f4xx_hal_gpio.o
 .ARM.attributes
                0x0000024b       0x34 ./Drivers/STM32F4xx_HAL_Driver/Src/stm32f4xx_hal_hcd.o
 .ARM.attributes
                0x0000027f       0x34 ./Drivers/STM32F4xx_HAL_Driver/Src/stm32f4xx_hal_i2c.o
 .ARM.attributes
                0x000002b3       0x34 ./Drivers/STM32F4xx_HAL_Driver/Src/stm32f4xx_hal_rcc.o
 .ARM.attributes
                0x000002e7       0x34 ./Drivers/STM32F4xx_HAL_Driver/Src/stm32f4xx_hal_spi.o
 .ARM.attributes
                0x0000031b       0x34 ./Drivers/STM32F4xx_HAL_Driver/Src/stm32f4xx_ll_usb.o
 .ARM.attributes
                0x0000034f       0x34 ./Middlewares/ST/STM32_USB_Host_Library/Class/CDC/Src/usbh_cdc.o
 .ARM.attributes
                0x00000383       0x34 ./Middlewares/ST/STM32_USB_Host_Library/Core/Src/usbh_core.o
 .ARM.attributes
                0x000003b7       0x34 ./Middlewares/ST/STM32_USB_Host_Library/Core/Src/usbh_ctlreq.o
 .ARM.attributes
                0x000003eb       0x34 ./Middlewares/ST/STM32_USB_Host_Library/Core/Src/usbh_ioreq.o
 .ARM.attributes
                0x0000041f       0x34 ./Middlewares/ST/STM32_USB_Host_Library/Core/Src/usbh_pipes.o
 .ARM.attributes
                0x00000453       0x34 ./USB_HOST/App/usb_host.o
 .ARM.attributes
                0x00000487       0x34 ./USB_HOST/Target/usbh_conf.o
 .ARM.attributes
                0x000004bb       0x34 ./USB_HOST/Target/usbh_platform.o
 .ARM.attributes
                0x000004ef       0x34 C:/ST/STM32CubeIDE_2.1.1/STM32CubeIDE/plugins/com.st.stm32cube.ide.mcu.externaltools.gnu-tools-for-stm32.14.3.rel1.win32_1.0.100.202602081740/tools/bin/../lib/gcc/arm-none-eabi/14.3.1/../../../../arm-none-eabi/lib/thumb/v7e-m+fp/hard\libc_nano.a(libc_a-malloc.o)
 .ARM.attributes
                0x00000523       0x34 C:/ST/STM32CubeIDE_2.1.1/STM32CubeIDE/plugins/com.st.stm32cube.ide.mcu.externaltools.gnu-tools-for-stm32.14.3.rel1.win32_1.0.100.202602081740/tools/bin/../lib/gcc/arm-none-eabi/14.3.1/../../../../arm-none-eabi/lib/thumb/v7e-m+fp/hard\libc_nano.a(libc_a-mallocr.o)
 .ARM.attributes
                0x00000557       0x34 C:/ST/STM32CubeIDE_2.1.1/STM32CubeIDE/plugins/com.st.stm32cube.ide.mcu.externaltools.gnu-tools-for-stm32.14.3.rel1.win32_1.0.100.202602081740/tools/bin/../lib/gcc/arm-none-eabi/14.3.1/../../../../arm-none-eabi/lib/thumb/v7e-m+fp/hard\libc_nano.a(libc_a-mlock.o)
 .ARM.attributes
                0x0000058b       0x34 C:/ST/STM32CubeIDE_2.1.1/STM32CubeIDE/plugins/com.st.stm32cube.ide.mcu.externaltools.gnu-tools-for-stm32.14.3.rel1.win32_1.0.100.202602081740/tools/bin/../lib/gcc/arm-none-eabi/14.3.1/../../../../arm-none-eabi/lib/thumb/v7e-m+fp/hard\libc_nano.a(libc_a-findfp.o)
 .ARM.attributes
                0x000005bf       0x34 C:/ST/STM32CubeIDE_2.1.1/STM32CubeIDE/plugins/com.st.stm32cube.ide.mcu.externaltools.gnu-tools-for-stm32.14.3.rel1.win32_1.0.100.202602081740/tools/bin/../lib/gcc/arm-none-eabi/14.3.1/../../../../arm-none-eabi/lib/thumb/v7e-m+fp/hard\libc_nano.a(libc_a-memset.o)
 .ARM.attributes
                0x000005f3       0x34 C:/ST/STM32CubeIDE_2.1.1/STM32CubeIDE/plugins/com.st.stm32cube.ide.mcu.externaltools.gnu-tools-for-stm32.14.3.rel1.win32_1.0.100.202602081740/tools/bin/../lib/gcc/arm-none-eabi/14.3.1/../../../../arm-none-eabi/lib/thumb/v7e-m+fp/hard\libc_nano.a(libc_a-reent.o)
 .ARM.attributes
                0x00000627       0x34 C:/ST/STM32CubeIDE_2.1.1/STM32CubeIDE/plugins/com.st.stm32cube.ide.mcu.externaltools.gnu-tools-for-stm32.14.3.rel1.win32_1.0.100.202602081740/tools/bin/../lib/gcc/arm-none-eabi/14.3.1/../../../../arm-none-eabi/lib/thumb/v7e-m+fp/hard\libc_nano.a(libc_a-impure.o)
 .ARM.attributes
                0x0000065b       0x34 C:/ST/STM32CubeIDE_2.1.1/STM32CubeIDE/plugins/com.st.stm32cube.ide.mcu.externaltools.gnu-tools-for-stm32.14.3.rel1.win32_1.0.100.202602081740/tools/bin/../lib/gcc/arm-none-eabi/14.3.1/../../../../arm-none-eabi/lib/thumb/v7e-m+fp/hard\libc_nano.a(libc_a-sbrkr.o)
 .ARM.attributes
                0x0000068f       0x34 C:/ST/STM32CubeIDE_2.1.1/STM32CubeIDE/plugins/com.st.stm32cube.ide.mcu.externaltools.gnu-tools-for-stm32.14.3.rel1.win32_1.0.100.202602081740/tools/bin/../lib/gcc/arm-none-eabi/14.3.1/../../../../arm-none-eabi/lib/thumb/v7e-m+fp/hard\libc_nano.a(libc_a-errno.o)
 .ARM.attributes
                0x000006c3       0x34 C:/ST/STM32CubeIDE_2.1.1/STM32CubeIDE/plugins/com.st.stm32cube.ide.mcu.externaltools.gnu-tools-for-stm32.14.3.rel1.win32_1.0.100.202602081740/tools/bin/../lib/gcc/arm-none-eabi/14.3.1/../../../../arm-none-eabi/lib/thumb/v7e-m+fp/hard\libc_nano.a(libc_a-init.o)
 .ARM.attributes
                0x000006f7       0x34 C:/ST/STM32CubeIDE_2.1.1/STM32CubeIDE/plugins/com.st.stm32cube.ide.mcu.externaltools.gnu-tools-for-stm32.14.3.rel1.win32_1.0.100.202602081740/tools/bin/../lib/gcc/arm-none-eabi/14.3.1/../../../../arm-none-eabi/lib/thumb/v7e-m+fp/hard\libc_nano.a(libc_a-lock.o)
 .ARM.attributes
                0x0000072b       0x34 C:/ST/STM32CubeIDE_2.1.1/STM32CubeIDE/plugins/com.st.stm32cube.ide.mcu.externaltools.gnu-tools-for-stm32.14.3.rel1.win32_1.0.100.202602081740/tools/bin/../lib/gcc/arm-none-eabi/14.3.1/../../../../arm-none-eabi/lib/thumb/v7e-m+fp/hard\libc_nano.a(libc_a-freer.o)
 .ARM.attributes
                0x0000075f       0x22 C:/ST/STM32CubeIDE_2.1.1/STM32CubeIDE/plugins/com.st.stm32cube.ide.mcu.externaltools.gnu-tools-for-stm32.14.3.rel1.win32_1.0.100.202602081740/tools/bin/../lib/gcc/arm-none-eabi/14.3.1/thumb/v7e-m+fp/hard\libgcc.a(_aeabi_uldivmod.o)
 .ARM.attributes
                0x00000781       0x34 C:/ST/STM32CubeIDE_2.1.1/STM32CubeIDE/plugins/com.st.stm32cube.ide.mcu.externaltools.gnu-tools-for-stm32.14.3.rel1.win32_1.0.100.202602081740/tools/bin/../lib/gcc/arm-none-eabi/14.3.1/thumb/v7e-m+fp/hard\libgcc.a(_udivmoddi4.o)
 .ARM.attributes
                0x000007b5       0x22 C:/ST/STM32CubeIDE_2.1.1/STM32CubeIDE/plugins/com.st.stm32cube.ide.mcu.externaltools.gnu-tools-for-stm32.14.3.rel1.win32_1.0.100.202602081740/tools/bin/../lib/gcc/arm-none-eabi/14.3.1/thumb/v7e-m+fp/hard\libgcc.a(_dvmd_tls.o)
 .ARM.attributes
                0x000007d7       0x22 C:/ST/STM32CubeIDE_2.1.1/STM32CubeIDE/plugins/com.st.stm32cube.ide.mcu.externaltools.gnu-tools-for-stm32.14.3.rel1.win32_1.0.100.202602081740/tools/bin/../lib/gcc/arm-none-eabi/14.3.1/thumb/v7e-m+fp/hard/crtn.o
OUTPUT(16_HAL_DAC.elf elf32-littlearm)
LOAD linker stubs
LOAD C:/ST/STM32CubeIDE_2.1.1/STM32CubeIDE/plugins/com.st.stm32cube.ide.mcu.externaltools.gnu-tools-for-stm32.14.3.rel1.win32_1.0.100.202602081740/tools/bin/../lib/gcc/arm-none-eabi/14.3.1/../../../../arm-none-eabi/lib/thumb/v7e-m+fp/hard\libc.a
LOAD C:/ST/STM32CubeIDE_2.1.1/STM32CubeIDE/plugins/com.st.stm32cube.ide.mcu.externaltools.gnu-tools-for-stm32.14.3.rel1.win32_1.0.100.202602081740/tools/bin/../lib/gcc/arm-none-eabi/14.3.1/../../../../arm-none-eabi/lib/thumb/v7e-m+fp/hard\libm.a
LOAD C:/ST/STM32CubeIDE_2.1.1/STM32CubeIDE/plugins/com.st.stm32cube.ide.mcu.externaltools.gnu-tools-for-stm32.14.3.rel1.win32_1.0.100.202602081740/tools/bin/../lib/gcc/arm-none-eabi/14.3.1/thumb/v7e-m+fp/hard\libgcc.a

.debug_info     0x00000000    0x1347c
 .debug_info    0x00000000     0x1135 ./Core/Src/main.o
 .debug_info    0x00001135      0xe2a ./Core/Src/stm32f4xx_hal_msp.o
 .debug_info    0x00001f5f      0x6a5 ./Core/Src/stm32f4xx_it.o
 .debug_info    0x00002604      0x168 ./Core/Src/sysmem.o
 .debug_info    0x0000276c      0x512 ./Core/Src/system_stm32f4xx.o
 .debug_info    0x00002c7e       0x30 ./Core/Startup/startup_stm32f407vgtx.o
 .debug_info    0x00002cae      0x944 ./Drivers/STM32F4xx_HAL_Driver/Src/stm32f4xx_hal.o
 .debug_info    0x000035f2      0xd8c ./Drivers/STM32F4xx_HAL_Driver/Src/stm32f4xx_hal_cortex.o
 .debug_info    0x0000437e      0xa01 ./Drivers/STM32F4xx_HAL_Driver/Src/stm32f4xx_hal_dac.o
 .debug_info    0x00004d7f      0x6c3 ./Drivers/STM32F4xx_HAL_Driver/Src/stm32f4xx_hal_gpio.o
 .debug_info    0x00005442     0x114c ./Drivers/STM32F4xx_HAL_Driver/Src/stm32f4xx_hal_hcd.o
 .debug_info    0x0000658e     0x2415 ./Drivers/STM32F4xx_HAL_Driver/Src/stm32f4xx_hal_i2c.o
 .debug_info    0x000089a3      0x8c3 ./Drivers/STM32F4xx_HAL_Driver/Src/stm32f4xx_hal_rcc.o
 .debug_info    0x00009266     0x1525 ./Drivers/STM32F4xx_HAL_Driver/Src/stm32f4xx_hal_spi.o
 .debug_info    0x0000a78b     0x1993 ./Drivers/STM32F4xx_HAL_Driver/Src/stm32f4xx_ll_usb.o
 .debug_info    0x0000c11e     0x146d ./Middlewares/ST/STM32_USB_Host_Library/Class/CDC/Src/usbh_cdc.o
 .debug_info    0x0000d58b      0xfa9 ./Middlewares/ST/STM32_USB_Host_Library/Core/Src/usbh_core.o
 .debug_info    0x0000e534      0xfaf ./Middlewares/ST/STM32_USB_Host_Library/Core/Src/usbh_ctlreq.o
 .debug_info    0x0000f4e3      0xc2e ./Middlewares/ST/STM32_USB_Host_Library/Core/Src/usbh_ioreq.o
 .debug_info    0x00010111      0xa91 ./Middlewares/ST/STM32_USB_Host_Library/Core/Src/usbh_pipes.o
 .debug_info    0x00010ba2      0xa13 ./USB_HOST/App/usb_host.o
 .debug_info    0x000115b5     0x1cef ./USB_HOST/Target/usbh_conf.o
 .debug_info    0x000132a4      0x1d8 ./USB_HOST/Target/usbh_platform.o

.debug_abbrev   0x00000000     0x3394
 .debug_abbrev  0x00000000      0x29e ./Core/Src/main.o
 .debug_abbrev  0x0000029e      0x1c3 ./Core/Src/stm32f4xx_hal_msp.o
 .debug_abbrev  0x00000461      0x1a4 ./Core/Src/stm32f4xx_it.o
 .debug_abbrev  0x00000605       0xbc ./Core/Src/sysmem.o
 .debug_abbrev  0x000006c1      0x11a ./Core/Src/system_stm32f4xx.o
 .debug_abbrev  0x000007db       0x24 ./Core/Startup/startup_stm32f407vgtx.o
 .debug_abbrev  0x000007ff      0x214 ./Drivers/STM32F4xx_HAL_Driver/Src/stm32f4xx_hal.o
 .debug_abbrev  0x00000a13      0x31d ./Drivers/STM32F4xx_HAL_Driver/Src/stm32f4xx_hal_cortex.o
 .debug_abbrev  0x00000d30      0x1fa ./Drivers/STM32F4xx_HAL_Driver/Src/stm32f4xx_hal_dac.o
 .debug_abbrev  0x00000f2a      0x1d4 ./Drivers/STM32F4xx_HAL_Driver/Src/stm32f4xx_hal_gpio.o
 .debug_abbrev  0x000010fe      0x296 ./Drivers/STM32F4xx_HAL_Driver/Src/stm32f4xx_hal_hcd.o
 .debug_abbrev  0x00001394      0x2ad ./Drivers/STM32F4xx_HAL_Driver/Src/stm32f4xx_hal_i2c.o
 .debug_abbrev  0x00001641      0x2b7 ./Drivers/STM32F4xx_HAL_Driver/Src/stm32f4xx_hal_rcc.o
 .debug_abbrev  0x000018f8      0x27a ./Drivers/STM32F4xx_HAL_Driver/Src/stm32f4xx_hal_spi.o
 .debug_abbrev  0x00001b72      0x2b3 ./Drivers/STM32F4xx_HAL_Driver/Src/stm32f4xx_ll_usb.o
 .debug_abbrev  0x00001e25      0x33c ./Middlewares/ST/STM32_USB_Host_Library/Class/CDC/Src/usbh_cdc.o
 .debug_abbrev  0x00002161      0x32a ./Middlewares/ST/STM32_USB_Host_Library/Core/Src/usbh_core.o
 .debug_abbrev  0x0000248b      0x2ff ./Middlewares/ST/STM32_USB_Host_Library/Core/Src/usbh_ctlreq.o
 .debug_abbrev  0x0000278a      0x245 ./Middlewares/ST/STM32_USB_Host_Library/Core/Src/usbh_ioreq.o
 .debug_abbrev  0x000029cf      0x281 ./Middlewares/ST/STM32_USB_Host_Library/Core/Src/usbh_pipes.o
 .debug_abbrev  0x00002c50      0x26e ./USB_HOST/App/usb_host.o
 .debug_abbrev  0x00002ebe      0x3c2 ./USB_HOST/Target/usbh_conf.o
 .debug_abbrev  0x00003280      0x114 ./USB_HOST/Target/usbh_platform.o

.debug_aranges  0x00000000     0x1030
 .debug_aranges
                0x00000000       0x50 ./Core/Src/main.o
 .debug_aranges
                0x00000050       0x50 ./Core/Src/stm32f4xx_hal_msp.o
 .debug_aranges
                0x000000a0       0x68 ./Core/Src/stm32f4xx_it.o
 .debug_aranges
                0x00000108       0x20 ./Core/Src/sysmem.o
 .debug_aranges
                0x00000128       0x28 ./Core/Src/system_stm32f4xx.o
 .debug_aranges
                0x00000150       0x28 ./Core/Startup/startup_stm32f407vgtx.o
 .debug_aranges
                0x00000178       0xf0 ./Drivers/STM32F4xx_HAL_Driver/Src/stm32f4xx_hal.o
 .debug_aranges
                0x00000268      0x130 ./Drivers/STM32F4xx_HAL_Driver/Src/stm32f4xx_hal_cortex.o
 .debug_aranges
                0x00000398       0xc0 ./Drivers/STM32F4xx_HAL_Driver/Src/stm32f4xx_hal_dac.o
 .debug_aranges
                0x00000458       0x58 ./Drivers/STM32F4xx_HAL_Driver/Src/stm32f4xx_hal_gpio.o
 .debug_aranges
                0x000004b0      0x108 ./Drivers/STM32F4xx_HAL_Driver/Src/stm32f4xx_hal_hcd.o
 .debug_aranges
                0x000005b8      0x2a8 ./Drivers/STM32F4xx_HAL_Driver/Src/stm32f4xx_hal_i2c.o
 .debug_aranges
                0x00000860       0x88 ./Drivers/STM32F4xx_HAL_Driver/Src/stm32f4xx_hal_rcc.o
 .debug_aranges
                0x000008e8      0x1d0 ./Drivers/STM32F4xx_HAL_Driver/Src/stm32f4xx_hal_spi.o
 .debug_aranges
                0x00000ab8      0x1a0 ./Drivers/STM32F4xx_HAL_Driver/Src/stm32f4xx_ll_usb.o
 .debug_aranges
                0x00000c58       0xa8 ./Middlewares/ST/STM32_USB_Host_Library/Class/CDC/Src/usbh_cdc.o
 .debug_aranges
                0x00000d00       0xc0 ./Middlewares/ST/STM32_USB_Host_Library/Core/Src/usbh_core.o
 .debug_aranges
                0x00000dc0       0xa0 ./Middlewares/ST/STM32_USB_Host_Library/Core/Src/usbh_ctlreq.o
 .debug_aranges
                0x00000e60       0x60 ./Middlewares/ST/STM32_USB_Host_Library/Core/Src/usbh_ioreq.o
 .debug_aranges
                0x00000ec0       0x40 ./Middlewares/ST/STM32_USB_Host_Library/Core/Src/usbh_pipes.o
 .debug_aranges
                0x00000f00       0x30 ./USB_HOST/App/usb_host.o
 .debug_aranges
                0x00000f30       0xe0 ./USB_HOST/Target/usbh_conf.o
 .debug_aranges
                0x00001010       0x20 ./USB_HOST/Target/usbh_platform.o

.debug_rnglists
                0x00000000      0xc4b
 .debug_rnglists
                0x00000000       0x3a ./Core/Src/main.o
 .debug_rnglists
                0x0000003a       0x3a ./Core/Src/stm32f4xx_hal_msp.o
 .debug_rnglists
                0x00000074       0x49 ./Core/Src/stm32f4xx_it.o
 .debug_rnglists
                0x000000bd       0x13 ./Core/Src/sysmem.o
 .debug_rnglists
                0x000000d0       0x1a ./Core/Src/system_stm32f4xx.o
 .debug_rnglists
                0x000000ea       0x19 ./Core/Startup/startup_stm32f407vgtx.o
 .debug_rnglists
                0x00000103       0xaf ./Drivers/STM32F4xx_HAL_Driver/Src/stm32f4xx_hal.o
 .debug_rnglists
                0x000001b2       0xe0 ./Drivers/STM32F4xx_HAL_Driver/Src/stm32f4xx_hal_cortex.o
 .debug_rnglists
                0x00000292       0x90 ./Drivers/STM32F4xx_HAL_Driver/Src/stm32f4xx_hal_dac.o
 .debug_rnglists
                0x00000322       0x3f ./Drivers/STM32F4xx_HAL_Driver/Src/stm32f4xx_hal_gpio.o
 .debug_rnglists
                0x00000361       0xca ./Drivers/STM32F4xx_HAL_Driver/Src/stm32f4xx_hal_hcd.o
 .debug_rnglists
                0x0000042b      0x23c ./Drivers/STM32F4xx_HAL_Driver/Src/stm32f4xx_hal_i2c.o
 .debug_rnglists
                0x00000667       0x66 ./Drivers/STM32F4xx_HAL_Driver/Src/stm32f4xx_hal_rcc.o
 .debug_rnglists
                0x000006cd      0x16f ./Drivers/STM32F4xx_HAL_Driver/Src/stm32f4xx_hal_spi.o
 .debug_rnglists
                0x0000083c      0x147 ./Drivers/STM32F4xx_HAL_Driver/Src/stm32f4xx_ll_usb.o
 .debug_rnglists
                0x00000983       0x7e ./Middlewares/ST/STM32_USB_Host_Library/Class/CDC/Src/usbh_cdc.o
 .debug_rnglists
                0x00000a01       0x8f ./Middlewares/ST/STM32_USB_Host_Library/Core/Src/usbh_core.o
 .debug_rnglists
                0x00000a90       0x77 ./Middlewares/ST/STM32_USB_Host_Library/Core/Src/usbh_ctlreq.o
 .debug_rnglists
                0x00000b07       0x43 ./Middlewares/ST/STM32_USB_Host_Library/Core/Src/usbh_ioreq.o
 .debug_rnglists
                0x00000b4a       0x2b ./Middlewares/ST/STM32_USB_Host_Library/Core/Src/usbh_pipes.o
 .debug_rnglists
                0x00000b75       0x1f ./USB_HOST/App/usb_host.o
 .debug_rnglists
                0x00000b94       0xa4 ./USB_HOST/Target/usbh_conf.o
 .debug_rnglists
                0x00000c38       0x13 ./USB_HOST/Target/usbh_platform.o

.debug_macro    0x00000000    0x22f74
 .debug_macro   0x00000000      0x21a ./Core/Src/main.o
 .debug_macro   0x0000021a      0xad8 ./Core/Src/main.o
 .debug_macro   0x00000cf2      0x2a7 ./Core/Src/main.o
 .debug_macro   0x00000f99       0x2e ./Core/Src/main.o
 .debug_macro   0x00000fc7       0x2f ./Core/Src/main.o
 .debug_macro   0x00000ff6       0x22 ./Core/Src/main.o
 .debug_macro   0x00001018       0x8e ./Core/Src/main.o
 .debug_macro   0x000010a6       0x51 ./Core/Src/main.o
 .debug_macro   0x000010f7      0x103 ./Core/Src/main.o
 .debug_macro   0x000011fa       0x6a ./Core/Src/main.o
 .debug_macro   0x00001264      0x1df ./Core/Src/main.o
 .debug_macro   0x00001443       0x1c ./Core/Src/main.o
 .debug_macro   0x0000145f       0x22 ./Core/Src/main.o
 .debug_macro   0x00001481       0xfb ./Core/Src/main.o
 .debug_macro   0x0000157c     0x1011 ./Core/Src/main.o
 .debug_macro   0x0000258d      0x11f ./Core/Src/main.o
 .debug_macro   0x000026ac    0x15ea5 ./Core/Src/main.o
 .debug_macro   0x00018551       0x6d ./Core/Src/main.o
 .debug_macro   0x000185be     0x3693 ./Core/Src/main.o
 .debug_macro   0x0001bc51      0x190 ./Core/Src/main.o
 .debug_macro   0x0001bde1       0x5c ./Core/Src/main.o
 .debug_macro   0x0001be3d      0x980 ./Core/Src/main.o
 .debug_macro   0x0001c7bd      0x9e9 ./Core/Src/main.o
 .debug_macro   0x0001d1a6      0x115 ./Core/Src/main.o
 .debug_macro   0x0001d2bb      0x13e ./Core/Src/main.o
 .debug_macro   0x0001d3f9       0xa5 ./Core/Src/main.o
 .debug_macro   0x0001d49e      0x174 ./Core/Src/main.o
 .debug_macro   0x0001d612      0x287 ./Core/Src/main.o
 .debug_macro   0x0001d899       0x5f ./Core/Src/main.o
 .debug_macro   0x0001d8f8      0x236 ./Core/Src/main.o
 .debug_macro   0x0001db2e      0x122 ./Core/Src/main.o
 .debug_macro   0x0001dc50       0xa6 ./Core/Src/main.o
 .debug_macro   0x0001dcf6      0x12c ./Core/Src/main.o
 .debug_macro   0x0001de22      0x21e ./Core/Src/main.o
 .debug_macro   0x0001e040       0x2e ./Core/Src/main.o
 .debug_macro   0x0001e06e      0x1b5 ./Core/Src/main.o
 .debug_macro   0x0001e223       0xd6 ./Core/Src/main.o
 .debug_macro   0x0001e2f9      0x127 ./Core/Src/main.o
 .debug_macro   0x0001e420       0x7e ./Core/Src/main.o
 .debug_macro   0x0001e49e       0x89 ./Core/Src/main.o
 .debug_macro   0x0001e527      0x225 ./Core/Src/main.o
 .debug_macro   0x0001e74c      0x293 ./Core/Src/main.o
 .debug_macro   0x0001e9df       0x98 ./Core/Src/main.o
 .debug_macro   0x0001ea77      0x12d ./Core/Src/main.o
 .debug_macro   0x0001eba4      0x184 ./Core/Src/main.o
 .debug_macro   0x0001ed28      0x210 ./Core/Src/stm32f4xx_hal_msp.o
 .debug_macro   0x0001ef38      0x21a ./Core/Src/stm32f4xx_it.o
 .debug_macro   0x0001f152      0x112 ./Core/Src/sysmem.o
 .debug_macro   0x0001f264      0x23c ./Core/Src/sysmem.o
 .debug_macro   0x0001f4a0      0x201 ./Core/Src/system_stm32f4xx.o
 .debug_macro   0x0001f6a1      0x261 ./Drivers/STM32F4xx_HAL_Driver/Src/stm32f4xx_hal.o
 .debug_macro   0x0001f902      0x201 ./Drivers/STM32F4xx_HAL_Driver/Src/stm32f4xx_hal_cortex.o
 .debug_macro   0x0001fb03      0x202 ./Drivers/STM32F4xx_HAL_Driver/Src/stm32f4xx_hal_dac.o
 .debug_macro   0x0001fd05      0x207 ./Drivers/STM32F4xx_HAL_Driver/Src/stm32f4xx_hal_gpio.o
 .debug_macro   0x0001ff0c      0x201 ./Drivers/STM32F4xx_HAL_Driver/Src/stm32f4xx_hal_hcd.o
 .debug_macro   0x0002010d      0x24f ./Drivers/STM32F4xx_HAL_Driver/Src/stm32f4xx_hal_i2c.o
 .debug_macro   0x0002035c      0x225 ./Drivers/STM32F4xx_HAL_Driver/Src/stm32f4xx_hal_rcc.o
 .debug_macro   0x00020581      0x210 ./Drivers/STM32F4xx_HAL_Driver/Src/stm32f4xx_hal_spi.o
 .debug_macro   0x00020791      0x201 ./Drivers/STM32F4xx_HAL_Driver/Src/stm32f4xx_ll_usb.o
 .debug_macro   0x00020992      0x3a8 ./Middlewares/ST/STM32_USB_Host_Library/Class/CDC/Src/usbh_cdc.o
 .debug_macro   0x00020d3a       0x16 ./Middlewares/ST/STM32_USB_Host_Library/Class/CDC/Src/usbh_cdc.o
 .debug_macro   0x00020d50       0x9e ./Middlewares/ST/STM32_USB_Host_Library/Class/CDC/Src/usbh_cdc.o
 .debug_macro   0x00020dee      0x112 ./Middlewares/ST/STM32_USB_Host_Library/Class/CDC/Src/usbh_cdc.o
 .debug_macro   0x00020f00       0x16 ./Middlewares/ST/STM32_USB_Host_Library/Class/CDC/Src/usbh_cdc.o
 .debug_macro   0x00020f16       0x16 ./Middlewares/ST/STM32_USB_Host_Library/Class/CDC/Src/usbh_cdc.o
 .debug_macro   0x00020f2c       0x20 ./Middlewares/ST/STM32_USB_Host_Library/Class/CDC/Src/usbh_cdc.o
 .debug_macro   0x00020f4c       0x56 ./Middlewares/ST/STM32_USB_Host_Library/Class/CDC/Src/usbh_cdc.o
 .debug_macro   0x00020fa2       0x73 ./Middlewares/ST/STM32_USB_Host_Library/Class/CDC/Src/usbh_cdc.o
 .debug_macro   0x00021015      0x23a ./Middlewares/ST/STM32_USB_Host_Library/Class/CDC/Src/usbh_cdc.o
 .debug_macro   0x0002124f       0x2e ./Middlewares/ST/STM32_USB_Host_Library/Class/CDC/Src/usbh_cdc.o
 .debug_macro   0x0002127d       0x2e ./Middlewares/ST/STM32_USB_Host_Library/Class/CDC/Src/usbh_cdc.o
 .debug_macro   0x000212ab       0x28 ./Middlewares/ST/STM32_USB_Host_Library/Class/CDC/Src/usbh_cdc.o
 .debug_macro   0x000212d3      0x15b ./Middlewares/ST/STM32_USB_Host_Library/Class/CDC/Src/usbh_cdc.o
 .debug_macro   0x0002142e      0x3a5 ./Middlewares/ST/STM32_USB_Host_Library/Core/Src/usbh_core.o
 .debug_macro   0x000217d3      0x39d ./Middlewares/ST/STM32_USB_Host_Library/Core/Src/usbh_ctlreq.o
 .debug_macro   0x00021b70       0x28 ./Middlewares/ST/STM32_USB_Host_Library/Core/Src/usbh_ctlreq.o
 .debug_macro   0x00021b98      0x397 ./Middlewares/ST/STM32_USB_Host_Library/Core/Src/usbh_ioreq.o
 .debug_macro   0x00021f2f      0x397 ./Middlewares/ST/STM32_USB_Host_Library/Core/Src/usbh_pipes.o
 .debug_macro   0x000222c6      0x3a6 ./USB_HOST/App/usb_host.o
 .debug_macro   0x0002266c       0x61 ./USB_HOST/App/usb_host.o
 .debug_macro   0x000226cd      0x18a ./USB_HOST/App/usb_host.o
 .debug_macro   0x00022857      0x161 ./USB_HOST/App/usb_host.o
 .debug_macro   0x000229b8      0x3a7 ./USB_HOST/Target/usbh_conf.o
 .debug_macro   0x00022d5f      0x215 ./USB_HOST/Target/usbh_platform.o

.debug_line     0x00000000    0x15b8b
 .debug_line    0x00000000      0x9b4 ./Core/Src/main.o
 .debug_line    0x000009b4      0x88a ./Core/Src/stm32f4xx_hal_msp.o
 .debug_line    0x0000123e      0x86e ./Core/Src/stm32f4xx_it.o
 .debug_line    0x00001aac      0x58d ./Core/Src/sysmem.o
 .debug_line    0x00002039      0x81d ./Core/Src/system_stm32f4xx.o
 .debug_line    0x00002856       0x7a ./Core/Startup/startup_stm32f407vgtx.o
 .debug_line    0x000028d0      0xa9c ./Drivers/STM32F4xx_HAL_Driver/Src/stm32f4xx_hal.o
 .debug_line    0x0000336c      0xd69 ./Drivers/STM32F4xx_HAL_Driver/Src/stm32f4xx_hal_cortex.o
 .debug_line    0x000040d5      0xbab ./Drivers/STM32F4xx_HAL_Driver/Src/stm32f4xx_hal_dac.o
 .debug_line    0x00004c80      0xbee ./Drivers/STM32F4xx_HAL_Driver/Src/stm32f4xx_hal_gpio.o
 .debug_line    0x0000586e     0x163f ./Drivers/STM32F4xx_HAL_Driver/Src/stm32f4xx_hal_hcd.o
 .debug_line    0x00006ead     0x3b46 ./Drivers/STM32F4xx_HAL_Driver/Src/stm32f4xx_hal_i2c.o
 .debug_line    0x0000a9f3      0xea8 ./Drivers/STM32F4xx_HAL_Driver/Src/stm32f4xx_hal_rcc.o
 .debug_line    0x0000b89b     0x1d34 ./Drivers/STM32F4xx_HAL_Driver/Src/stm32f4xx_hal_spi.o
 .debug_line    0x0000d5cf     0x1dd3 ./Drivers/STM32F4xx_HAL_Driver/Src/stm32f4xx_ll_usb.o
 .debug_line    0x0000f3a2      0xf34 ./Middlewares/ST/STM32_USB_Host_Library/Class/CDC/Src/usbh_cdc.o
 .debug_line    0x000102d6     0x11ba ./Middlewares/ST/STM32_USB_Host_Library/Core/Src/usbh_core.o
 .debug_line    0x00011490     0x1132 ./Middlewares/ST/STM32_USB_Host_Library/Core/Src/usbh_ctlreq.o
 .debug_line    0x000125c2      0xb07 ./Middlewares/ST/STM32_USB_Host_Library/Core/Src/usbh_ioreq.o
 .debug_line    0x000130c9      0xab4 ./Middlewares/ST/STM32_USB_Host_Library/Core/Src/usbh_pipes.o
 .debug_line    0x00013b7d      0xaa7 ./USB_HOST/App/usb_host.o
 .debug_line    0x00014624      0xd8d ./USB_HOST/Target/usbh_conf.o
 .debug_line    0x000153b1      0x7da ./USB_HOST/Target/usbh_platform.o

.debug_str      0x00000000    0xcb379
 .debug_str     0x00000000    0xcb379 ./Core/Src/main.o
                              0xc1544 (size before relaxing)
 .debug_str     0x000cb379    0xc12f2 ./Core/Src/stm32f4xx_hal_msp.o
 .debug_str     0x000cb379    0xc0e68 ./Core/Src/stm32f4xx_it.o
 .debug_str     0x000cb379     0x771e ./Core/Src/sysmem.o
 .debug_str     0x000cb379    0xc048e ./Core/Src/system_stm32f4xx.o
 .debug_str     0x000cb379       0x96 ./Core/Startup/startup_stm32f407vgtx.o
 .debug_str     0x000cb379    0xc1012 ./Drivers/STM32F4xx_HAL_Driver/Src/stm32f4xx_hal.o
 .debug_str     0x000cb379    0xc0d8e ./Drivers/STM32F4xx_HAL_Driver/Src/stm32f4xx_hal_cortex.o
 .debug_str     0x000cb379    0xc0910 ./Drivers/STM32F4xx_HAL_Driver/Src/stm32f4xx_hal_dac.o
 .debug_str     0x000cb379    0xc0609 ./Drivers/STM32F4xx_HAL_Driver/Src/stm32f4xx_hal_gpio.o
 .debug_str     0x000cb379    0xc0d76 ./Drivers/STM32F4xx_HAL_Driver/Src/stm32f4xx_hal_hcd.o
 .debug_str     0x000cb379    0xc14ac ./Drivers/STM32F4xx_HAL_Driver/Src/stm32f4xx_hal_i2c.o
 .debug_str     0x000cb379    0xc08c2 ./Drivers/STM32F4xx_HAL_Driver/Src/stm32f4xx_hal_rcc.o
 .debug_str     0x000cb379    0xc0d4c ./Drivers/STM32F4xx_HAL_Driver/Src/stm32f4xx_hal_spi.o
 .debug_str     0x000cb379    0xc0e47 ./Drivers/STM32F4xx_HAL_Driver/Src/stm32f4xx_ll_usb.o
 .debug_str     0x000cb379    0xc695b ./Middlewares/ST/STM32_USB_Host_Library/Class/CDC/Src/usbh_cdc.o
 .debug_str     0x000cb379    0xc5e68 ./Middlewares/ST/STM32_USB_Host_Library/Core/Src/usbh_core.o
 .debug_str     0x000cb379    0xc5e17 ./Middlewares/ST/STM32_USB_Host_Library/Core/Src/usbh_ctlreq.o
 .debug_str     0x000cb379    0xc5c0a ./Middlewares/ST/STM32_USB_Host_Library/Core/Src/usbh_ioreq.o
 .debug_str     0x000cb379    0xc5ba0 ./Middlewares/ST/STM32_USB_Host_Library/Core/Src/usbh_pipes.o
 .debug_str     0x000cb379    0xc62ab ./USB_HOST/App/usb_host.o
 .debug_str     0x000cb379    0xc6b1c ./USB_HOST/Target/usbh_conf.o
 .debug_str     0x000cb379    0xc039d ./USB_HOST/Target/usbh_platform.o

.comment        0x00000000       0x43
 .comment       0x00000000       0x43 ./Core/Src/main.o
                                 0x44 (size before relaxing)
 .comment       0x00000043       0x44 ./Core/Src/stm32f4xx_hal_msp.o
 .comment       0x00000043       0x44 ./Core/Src/stm32f4xx_it.o
 .comment       0x00000043       0x44 ./Core/Src/sysmem.o
 .comment       0x00000043       0x44 ./Core/Src/system_stm32f4xx.o
 .comment       0x00000043       0x44 ./Drivers/STM32F4xx_HAL_Driver/Src/stm32f4xx_hal.o
 .comment       0x00000043       0x44 ./Drivers/STM32F4xx_HAL_Driver/Src/stm32f4xx_hal_cortex.o
 .comment       0x00000043       0x44 ./Drivers/STM32F4xx_HAL_Driver/Src/stm32f4xx_hal_dac.o
 .comment       0x00000043       0x44 ./Drivers/STM32F4xx_HAL_Driver/Src/stm32f4xx_hal_gpio.o
 .comment       0x00000043       0x44 ./Drivers/STM32F4xx_HAL_Driver/Src/stm32f4xx_hal_hcd.o
 .comment       0x00000043       0x44 ./Drivers/STM32F4xx_HAL_Driver/Src/stm32f4xx_hal_i2c.o
 .comment       0x00000043       0x44 ./Drivers/STM32F4xx_HAL_Driver/Src/stm32f4xx_hal_rcc.o
 .comment       0x00000043       0x44 ./Drivers/STM32F4xx_HAL_Driver/Src/stm32f4xx_hal_spi.o
 .comment       0x00000043       0x44 ./Drivers/STM32F4xx_HAL_Driver/Src/stm32f4xx_ll_usb.o
 .comment       0x00000043       0x44 ./Middlewares/ST/STM32_USB_Host_Library/Class/CDC/Src/usbh_cdc.o
 .comment       0x00000043       0x44 ./Middlewares/ST/STM32_USB_Host_Library/Core/Src/usbh_core.o
 .comment       0x00000043       0x44 ./Middlewares/ST/STM32_USB_Host_Library/Core/Src/usbh_ctlreq.o
 .comment       0x00000043       0x44 ./Middlewares/ST/STM32_USB_Host_Library/Core/Src/usbh_ioreq.o
 .comment       0x00000043       0x44 ./Middlewares/ST/STM32_USB_Host_Library/Core/Src/usbh_pipes.o
 .comment       0x00000043       0x44 ./USB_HOST/App/usb_host.o
 .comment       0x00000043       0x44 ./USB_HOST/Target/usbh_conf.o
 .comment       0x00000043       0x44 ./USB_HOST/Target/usbh_platform.o

.debug_frame    0x00000000     0x4348
 .debug_frame   0x00000000       0xe8 ./Core/Src/main.o
 .debug_frame   0x000000e8      0x10c ./Core/Src/stm32f4xx_hal_msp.o
 .debug_frame   0x000001f4      0x114 ./Core/Src/stm32f4xx_it.o
 .debug_frame   0x00000308       0x34 ./Core/Src/sysmem.o
 .debug_frame   0x0000033c       0x50 ./Core/Src/system_stm32f4xx.o
 .debug_frame   0x0000038c      0x31c ./Drivers/STM32F4xx_HAL_Driver/Src/stm32f4xx_hal.o
 .debug_frame   0x000006a8      0x4b8 ./Drivers/STM32F4xx_HAL_Driver/Src/stm32f4xx_hal_cortex.o
 .debug_frame   0x00000b60      0x304 ./Drivers/STM32F4xx_HAL_Driver/Src/stm32f4xx_hal_dac.o
 .debug_frame   0x00000e64      0x130 ./Drivers/STM32F4xx_HAL_Driver/Src/stm32f4xx_hal_gpio.o
 .debug_frame   0x00000f94      0x460 ./Drivers/STM32F4xx_HAL_Driver/Src/stm32f4xx_hal_hcd.o
 .debug_frame   0x000013f4      0xbf4 ./Drivers/STM32F4xx_HAL_Driver/Src/stm32f4xx_hal_i2c.o
 .debug_frame   0x00001fe8      0x1d8 ./Drivers/STM32F4xx_HAL_Driver/Src/stm32f4xx_hal_rcc.o
 .debug_frame   0x000021c0      0x7e0 ./Drivers/STM32F4xx_HAL_Driver/Src/stm32f4xx_hal_spi.o
 .debug_frame   0x000029a0      0x724 ./Drivers/STM32F4xx_HAL_Driver/Src/stm32f4xx_ll_usb.o
 .debug_frame   0x000030c4      0x2a0 ./Middlewares/ST/STM32_USB_Host_Library/Class/CDC/Src/usbh_cdc.o
 .debug_frame   0x00003364      0x30c ./Middlewares/ST/STM32_USB_Host_Library/Core/Src/usbh_core.o
 .debug_frame   0x00003670      0x278 ./Middlewares/ST/STM32_USB_Host_Library/Core/Src/usbh_ctlreq.o
 .debug_frame   0x000038e8      0x154 ./Middlewares/ST/STM32_USB_Host_Library/Core/Src/usbh_ioreq.o
 .debug_frame   0x00003a3c       0xc4 ./Middlewares/ST/STM32_USB_Host_Library/Core/Src/usbh_pipes.o
 .debug_frame   0x00003b00       0x6c ./USB_HOST/App/usb_host.o
 .debug_frame   0x00003b6c      0x39c ./USB_HOST/Target/usbh_conf.o
 .debug_frame   0x00003f08       0x34 ./USB_HOST/Target/usbh_platform.o
 .debug_frame   0x00003f3c       0x30 C:/ST/STM32CubeIDE_2.1.1/STM32CubeIDE/plugins/com.st.stm32cube.ide.mcu.externaltools.gnu-tools-for-stm32.14.3.rel1.win32_1.0.100.202602081740/tools/bin/../lib/gcc/arm-none-eabi/14.3.1/../../../../arm-none-eabi/lib/thumb/v7e-m+fp/hard\libc_nano.a(libc_a-malloc.o)
 .debug_frame   0x00003f6c       0x50 C:/ST/STM32CubeIDE_2.1.1/STM32CubeIDE/plugins/com.st.stm32cube.ide.mcu.externaltools.gnu-tools-for-stm32.14.3.rel1.win32_1.0.100.202602081740/tools/bin/../lib/gcc/arm-none-eabi/14.3.1/../../../../arm-none-eabi/lib/thumb/v7e-m+fp/hard\libc_nano.a(libc_a-mallocr.o)
 .debug_frame   0x00003fbc       0x30 C:/ST/STM32CubeIDE_2.1.1/STM32CubeIDE/plugins/com.st.stm32cube.ide.mcu.externaltools.gnu-tools-for-stm32.14.3.rel1.win32_1.0.100.202602081740/tools/bin/../lib/gcc/arm-none-eabi/14.3.1/../../../../arm-none-eabi/lib/thumb/v7e-m+fp/hard\libc_nano.a(libc_a-mlock.o)
 .debug_frame   0x00003fec      0x144 C:/ST/STM32CubeIDE_2.1.1/STM32CubeIDE/plugins/com.st.stm32cube.ide.mcu.externaltools.gnu-tools-for-stm32.14.3.rel1.win32_1.0.100.202602081740/tools/bin/../lib/gcc/arm-none-eabi/14.3.1/../../../../arm-none-eabi/lib/thumb/v7e-m+fp/hard\libc_nano.a(libc_a-findfp.o)
 .debug_frame   0x00004130       0x20 C:/ST/STM32CubeIDE_2.1.1/STM32CubeIDE/plugins/com.st.stm32cube.ide.mcu.externaltools.gnu-tools-for-stm32.14.3.rel1.win32_1.0.100.202602081740/tools/bin/../lib/gcc/arm-none-eabi/14.3.1/../../../../arm-none-eabi/lib/thumb/v7e-m+fp/hard\libc_nano.a(libc_a-memset.o)
 .debug_frame   0x00004150       0x38 C:/ST/STM32CubeIDE_2.1.1/STM32CubeIDE/plugins/com.st.stm32cube.ide.mcu.externaltools.gnu-tools-for-stm32.14.3.rel1.win32_1.0.100.202602081740/tools/bin/../lib/gcc/arm-none-eabi/14.3.1/../../../../arm-none-eabi/lib/thumb/v7e-m+fp/hard\libc_nano.a(libc_a-reent.o)
 .debug_frame   0x00004188       0x2c C:/ST/STM32CubeIDE_2.1.1/STM32CubeIDE/plugins/com.st.stm32cube.ide.mcu.externaltools.gnu-tools-for-stm32.14.3.rel1.win32_1.0.100.202602081740/tools/bin/../lib/gcc/arm-none-eabi/14.3.1/../../../../arm-none-eabi/lib/thumb/v7e-m+fp/hard\libc_nano.a(libc_a-sbrkr.o)
 .debug_frame   0x000041b4       0x20 C:/ST/STM32CubeIDE_2.1.1/STM32CubeIDE/plugins/com.st.stm32cube.ide.mcu.externaltools.gnu-tools-for-stm32.14.3.rel1.win32_1.0.100.202602081740/tools/bin/../lib/gcc/arm-none-eabi/14.3.1/../../../../arm-none-eabi/lib/thumb/v7e-m+fp/hard\libc_nano.a(libc_a-errno.o)
 .debug_frame   0x000041d4       0x2c C:/ST/STM32CubeIDE_2.1.1/STM32CubeIDE/plugins/com.st.stm32cube.ide.mcu.externaltools.gnu-tools-for-stm32.14.3.rel1.win32_1.0.100.202602081740/tools/bin/../lib/gcc/arm-none-eabi/14.3.1/../../../../arm-none-eabi/lib/thumb/v7e-m+fp/hard\libc_nano.a(libc_a-init.o)
 .debug_frame   0x00004200       0xb0 C:/ST/STM32CubeIDE_2.1.1/STM32CubeIDE/plugins/com.st.stm32cube.ide.mcu.externaltools.gnu-tools-for-stm32.14.3.rel1.win32_1.0.100.202602081740/tools/bin/../lib/gcc/arm-none-eabi/14.3.1/../../../../arm-none-eabi/lib/thumb/v7e-m+fp/hard\libc_nano.a(libc_a-lock.o)
 .debug_frame   0x000042b0       0x38 C:/ST/STM32CubeIDE_2.1.1/STM32CubeIDE/plugins/com.st.stm32cube.ide.mcu.externaltools.gnu-tools-for-stm32.14.3.rel1.win32_1.0.100.202602081740/tools/bin/../lib/gcc/arm-none-eabi/14.3.1/../../../../arm-none-eabi/lib/thumb/v7e-m+fp/hard\libc_nano.a(libc_a-freer.o)
 .debug_frame   0x000042e8       0x2c C:/ST/STM32CubeIDE_2.1.1/STM32CubeIDE/plugins/com.st.stm32cube.ide.mcu.externaltools.gnu-tools-for-stm32.14.3.rel1.win32_1.0.100.202602081740/tools/bin/../lib/gcc/arm-none-eabi/14.3.1/thumb/v7e-m+fp/hard\libgcc.a(_aeabi_uldivmod.o)
 .debug_frame   0x00004314       0x34 C:/ST/STM32CubeIDE_2.1.1/STM32CubeIDE/plugins/com.st.stm32cube.ide.mcu.externaltools.gnu-tools-for-stm32.14.3.rel1.win32_1.0.100.202602081740/tools/bin/../lib/gcc/arm-none-eabi/14.3.1/thumb/v7e-m+fp/hard\libgcc.a(_udivmoddi4.o)

.debug_line_str
                0x00000000       0x7a
 .debug_line_str
                0x00000000       0x7a ./Core/Startup/startup_stm32f407vgtx.o
