../Core/Src/main.c:81:5:main	104	static
../Core/Src/main.c:166:6:SystemClock_Config	88	static
../Core/Src/main.c:213:13:MX_I2C1_Init	8	static
../Core/Src/main.c:247:13:MX_I2S3_Init	8	static
../Core/Src/main.c:281:13:MX_SPI1_Init	8	static
../Core/Src/main.c:319:13:MX_GPIO_Init	56	static
../Core/Src/main.c:423:6:StartDefaultTask	16	static
../Core/Src/main.c:443:6:StartBlueLedTask	16	static
../Core/Src/main.c:465:6:StartButtonTask	16	static
../Core/Src/main.c:496:6:Error_Handler	4	static,ignoring_inline_asm
