Archive member included to satisfy reference by file (symbol)

C:/ST/STM32CubeIDE_1.19.0/STM32CubeIDE/plugins/com.st.stm32cube.ide.mcu.externaltools.gnu-tools-for-stm32.13.3.rel1.win32_1.0.0.202411081344/tools/bin/../lib/gcc/arm-none-eabi/13.3.1/../../../../arm-none-eabi/lib/thumb/v7e-m+fp/hard\libc_nano.a(libc_a-exit.o)
                              C:/ST/STM32CubeIDE_1.19.0/STM32CubeIDE/plugins/com.st.stm32cube.ide.mcu.externaltools.gnu-tools-for-stm32.13.3.rel1.win32_1.0.0.202411081344/tools/bin/../lib/gcc/arm-none-eabi/13.3.1/../../../../arm-none-eabi/lib/thumb/v7e-m+fp/hard/crt0.o (exit)
C:/ST/STM32CubeIDE_1.19.0/STM32CubeIDE/plugins/com.st.stm32cube.ide.mcu.externaltools.gnu-tools-for-stm32.13.3.rel1.win32_1.0.0.202411081344/tools/bin/../lib/gcc/arm-none-eabi/13.3.1/../../../../arm-none-eabi/lib/thumb/v7e-m+fp/hard\libc_nano.a(libc_a-findfp.o)
                              C:/ST/STM32CubeIDE_1.19.0/STM32CubeIDE/plugins/com.st.stm32cube.ide.mcu.externaltools.gnu-tools-for-stm32.13.3.rel1.win32_1.0.0.202411081344/tools/bin/../lib/gcc/arm-none-eabi/13.3.1/../../../../arm-none-eabi/lib/thumb/v7e-m+fp/hard\libc_nano.a(libc_a-exit.o) (__stdio_exit_handler)
C:/ST/STM32CubeIDE_1.19.0/STM32CubeIDE/plugins/com.st.stm32cube.ide.mcu.externaltools.gnu-tools-for-stm32.13.3.rel1.win32_1.0.0.202411081344/tools/bin/../lib/gcc/arm-none-eabi/13.3.1/../../../../arm-none-eabi/lib/thumb/v7e-m+fp/hard\libc_nano.a(libc_a-fwalk.o)
                              C:/ST/STM32CubeIDE_1.19.0/STM32CubeIDE/plugins/com.st.stm32cube.ide.mcu.externaltools.gnu-tools-for-stm32.13.3.rel1.win32_1.0.0.202411081344/tools/bin/../lib/gcc/arm-none-eabi/13.3.1/../../../../arm-none-eabi/lib/thumb/v7e-m+fp/hard\libc_nano.a(libc_a-findfp.o) (_fwalk_sglue)
C:/ST/STM32CubeIDE_1.19.0/STM32CubeIDE/plugins/com.st.stm32cube.ide.mcu.externaltools.gnu-tools-for-stm32.13.3.rel1.win32_1.0.0.202411081344/tools/bin/../lib/gcc/arm-none-eabi/13.3.1/../../../../arm-none-eabi/lib/thumb/v7e-m+fp/hard\libc_nano.a(libc_a-stdio.o)
                              C:/ST/STM32CubeIDE_1.19.0/STM32CubeIDE/plugins/com.st.stm32cube.ide.mcu.externaltools.gnu-tools-for-stm32.13.3.rel1.win32_1.0.0.202411081344/tools/bin/../lib/gcc/arm-none-eabi/13.3.1/../../../../arm-none-eabi/lib/thumb/v7e-m+fp/hard\libc_nano.a(libc_a-findfp.o) (__sread)
C:/ST/STM32CubeIDE_1.19.0/STM32CubeIDE/plugins/com.st.stm32cube.ide.mcu.externaltools.gnu-tools-for-stm32.13.3.rel1.win32_1.0.0.202411081344/tools/bin/../lib/gcc/arm-none-eabi/13.3.1/../../../../arm-none-eabi/lib/thumb/v7e-m+fp/hard\libc_nano.a(libc_a-memset.o)
                              C:/ST/STM32CubeIDE_1.19.0/STM32CubeIDE/plugins/com.st.stm32cube.ide.mcu.externaltools.gnu-tools-for-stm32.13.3.rel1.win32_1.0.0.202411081344/tools/bin/../lib/gcc/arm-none-eabi/13.3.1/../../../../arm-none-eabi/lib/thumb/v7e-m+fp/hard/crt0.o (memset)
C:/ST/STM32CubeIDE_1.19.0/STM32CubeIDE/plugins/com.st.stm32cube.ide.mcu.externaltools.gnu-tools-for-stm32.13.3.rel1.win32_1.0.0.202411081344/tools/bin/../lib/gcc/arm-none-eabi/13.3.1/../../../../arm-none-eabi/lib/thumb/v7e-m+fp/hard\libc_nano.a(libc_a-closer.o)
                              C:/ST/STM32CubeIDE_1.19.0/STM32CubeIDE/plugins/com.st.stm32cube.ide.mcu.externaltools.gnu-tools-for-stm32.13.3.rel1.win32_1.0.0.202411081344/tools/bin/../lib/gcc/arm-none-eabi/13.3.1/../../../../arm-none-eabi/lib/thumb/v7e-m+fp/hard\libc_nano.a(libc_a-stdio.o) (_close_r)
C:/ST/STM32CubeIDE_1.19.0/STM32CubeIDE/plugins/com.st.stm32cube.ide.mcu.externaltools.gnu-tools-for-stm32.13.3.rel1.win32_1.0.0.202411081344/tools/bin/../lib/gcc/arm-none-eabi/13.3.1/../../../../arm-none-eabi/lib/thumb/v7e-m+fp/hard\libc_nano.a(libc_a-reent.o)
                              C:/ST/STM32CubeIDE_1.19.0/STM32CubeIDE/plugins/com.st.stm32cube.ide.mcu.externaltools.gnu-tools-for-stm32.13.3.rel1.win32_1.0.0.202411081344/tools/bin/../lib/gcc/arm-none-eabi/13.3.1/../../../../arm-none-eabi/lib/thumb/v7e-m+fp/hard\libc_nano.a(libc_a-closer.o) (errno)
C:/ST/STM32CubeIDE_1.19.0/STM32CubeIDE/plugins/com.st.stm32cube.ide.mcu.externaltools.gnu-tools-for-stm32.13.3.rel1.win32_1.0.0.202411081344/tools/bin/../lib/gcc/arm-none-eabi/13.3.1/../../../../arm-none-eabi/lib/thumb/v7e-m+fp/hard\libc_nano.a(libc_a-impure.o)
                              C:/ST/STM32CubeIDE_1.19.0/STM32CubeIDE/plugins/com.st.stm32cube.ide.mcu.externaltools.gnu-tools-for-stm32.13.3.rel1.win32_1.0.0.202411081344/tools/bin/../lib/gcc/arm-none-eabi/13.3.1/../../../../arm-none-eabi/lib/thumb/v7e-m+fp/hard\libc_nano.a(libc_a-reent.o) (_impure_ptr)
C:/ST/STM32CubeIDE_1.19.0/STM32CubeIDE/plugins/com.st.stm32cube.ide.mcu.externaltools.gnu-tools-for-stm32.13.3.rel1.win32_1.0.0.202411081344/tools/bin/../lib/gcc/arm-none-eabi/13.3.1/../../../../arm-none-eabi/lib/thumb/v7e-m+fp/hard\libc_nano.a(libc_a-lseekr.o)
[...]
Memory Configuration

Name             Origin             Length             Attributes
CCMRAM           0x10000000         0x00010000         xrw
RAM              0x20000000         0x00020000         xrw
FLASH            0x08000000         0x00100000         xr
*default*        0x00000000         0xffffffff

Linker script and memory map

LOAD C:/ST/STM32CubeIDE_1.19.0/STM32CubeIDE/plugins/com.st.stm32cube.ide.mcu.externaltools.gnu-tools-for-stm32.13.3.rel1.win32_1.0.0.202411081344/tools/bin/../lib/gcc/arm-none-eabi/13.3.1/thumb/v7e-m+fp/hard/crti.o
LOAD C:/ST/STM32CubeIDE_1.19.0/STM32CubeIDE/plugins/com.st.stm32cube.ide.mcu.externaltools.gnu-tools-for-stm32.13.3.rel1.win32_1.0.0.202411081344/tools/bin/../lib/gcc/arm-none-eabi/13.3.1/thumb/v7e-m+fp/hard/crtbegin.o
LOAD C:/ST/STM32CubeIDE_1.19.0/STM32CubeIDE/plugins/com.st.stm32cube.ide.mcu.externaltools.gnu-tools-for-stm32.13.3.rel1.win32_1.0.0.202411081344/tools/bin/../lib/gcc/arm-none-eabi/13.3.1/../../../../arm-none-eabi/lib/thumb/v7e-m+fp/hard/crt0.o
LOAD ./Core/Src/freertos.o
LOAD ./Core/Src/main.o
LOAD ./Core/Src/stm32f4xx_hal_msp.o
LOAD ./Core/Src/stm32f4xx_it.o
LOAD ./Core/Src/syscalls.o
LOAD ./Core/Src/sysmem.o
LOAD ./Core/Src/system_stm32f4xx.o
LOAD ./Core/Startup/startup_stm32f407vgtx.o
LOAD ./Drivers/STM32F4xx_HAL_Driver/Src/stm32f4xx_hal.o
LOAD ./Drivers/STM32F4xx_HAL_Driver/Src/stm32f4xx_hal_cortex.o
LOAD ./Drivers/STM32F4xx_HAL_Driver/Src/stm32f4xx_hal_dma.o
LOAD ./Drivers/STM32F4xx_HAL_Driver/Src/stm32f4xx_hal_dma_ex.o
LOAD ./Drivers/STM32F4xx_HAL_Driver/Src/stm32f4xx_hal_exti.o
LOAD ./Drivers/STM32F4xx_HAL_Driver/Src/stm32f4xx_hal_flash.o
LOAD ./Drivers/STM32F4xx_HAL_Driver/Src/stm32f4xx_hal_flash_ex.o
LOAD ./Drivers/STM32F4xx_HAL_Driver/Src/stm32f4xx_hal_flash_ramfunc.o
LOAD ./Drivers/STM32F4xx_HAL_Driver/Src/stm32f4xx_hal_gpio.o
LOAD ./Drivers/STM32F4xx_HAL_Driver/Src/stm32f4xx_hal_pwr.o
LOAD ./Drivers/STM32F4xx_HAL_Driver/Src/stm32f4xx_hal_pwr_ex.o
LOAD ./Drivers/STM32F4xx_HAL_Driver/Src/stm32f4xx_hal_rcc.o
LOAD ./Drivers/STM32F4xx_HAL_Driver/Src/stm32f4xx_hal_rcc_ex.o
LOAD ./Middlewares/Third_Party/FreeRTOS/Source/CMSIS_RTOS_V2/cmsis_os2.o
LOAD ./Middlewares/Third_Party/FreeRTOS/Source/croutine.o
LOAD ./Middlewares/Third_Party/FreeRTOS/Source/event_groups.o
LOAD ./Middlewares/Third_Party/FreeRTOS/Source/list.o
LOAD ./Middlewares/Third_Party/FreeRTOS/Source/queue.o
LOAD ./Middlewares/Third_Party/FreeRTOS/Source/stream_buffer.o
LOAD ./Middlewares/Third_Party/FreeRTOS/Source/tasks.o
LOAD ./Middlewares/Third_Party/FreeRTOS/Source/timers.o
LOAD ./Middlewares/Third_Party/FreeRTOS/Source/portable/GCC/ARM_CM4F/port.o
LOAD ./Middlewares/Third_Party/FreeRTOS/Source/portable/MemMang/heap_4.o
START GROUP
LOAD C:/ST/STM32CubeIDE_1.19.0/STM32CubeIDE/plugins/com.st.stm32cube.ide.mcu.externaltools.gnu-tools-for-stm32.13.3.rel1.win32_1.0.0.202411081344/tools/bin/../lib/gcc/arm-none-eabi/13.3.1/../../../../arm-none-eabi/lib/thumb/v7e-m+fp/hard\libc_nano.a
LOAD C:/ST/STM32CubeIDE_1.19.0/STM32CubeIDE/plugins/com.st.stm32cube.ide.mcu.externaltools.gnu-tools-for-stm32.13.3.rel1.win32_1.0.0.202411081344/tools/bin/../lib/gcc/arm-none-eabi/13.3.1/../../../../arm-none-eabi/lib/thumb/v7e-m+fp/hard\libm.a
END GROUP
START GROUP
LOAD C:/ST/STM32CubeIDE_1.19.0/STM32CubeIDE/plugins/com.st.stm32cube.ide.mcu.externaltools.gnu-tools-for-stm32.13.3.rel1.win32_1.0.0.202411081344/tools/bin/../lib/gcc/arm-none-eabi/13.3.1/thumb/v7e-m+fp/hard\libgcc.a
LOAD C:/ST/STM32CubeIDE_1.19.0/STM32CubeIDE/plugins/com.st.stm32cube.ide.mcu.externaltools.gnu-tools-for-stm32.13.3.rel1.win32_1.0.0.202411081344/tools/bin/../lib/gcc/arm-none-eabi/13.3.1/../../../../arm-none-eabi/lib/thumb/v7e-m+fp/hard\libc_nano.a
END GROUP
START GROUP
LOAD C:/ST/STM32CubeIDE_1.19.0/STM32CubeIDE/plugins/com.st.stm32cube.ide.mcu.externaltools.gnu-tools-for-stm32.13.3.rel1.win32_1.0.0.202411081344/tools/bin/../lib/gcc/arm-none-eabi/13.3.1/thumb/v7e-m+fp/hard\libgcc.a
LOAD C:/ST/STM32CubeIDE_1.19.0/STM32CubeIDE/plugins/com.st.stm32cube.ide.mcu.externaltools.gnu-tools-for-stm32.13.3.rel1.win32_1.0.0.202411081344/tools/bin/../lib/gcc/arm-none-eabi/13.3.1/../../../../arm-none-eabi/lib/thumb/v7e-m+fp/hard\libc_nano.a
LOAD C:/ST/STM32CubeIDE_1.19.0/STM32CubeIDE/plugins/com.st.stm32cube.ide.mcu.externaltools.gnu-tools-for-stm32.13.3.rel1.win32_1.0.0.202411081344/tools/bin/../lib/gcc/arm-none-eabi/13.3.1/../../../../arm-none-eabi/lib/thumb/v7e-m+fp/hard\libnosys.a
END GROUP
START GROUP
LOAD C:/ST/STM32CubeIDE_1.19.0/STM32CubeIDE/plugins/com.st.stm32cube.ide.mcu.externaltools.gnu-tools-for-stm32.13.3.rel1.win32_1.0.0.202411081344/tools/bin/../lib/gcc/arm-none-eabi/13.3.1/thumb/v7e-m+fp/hard\libgcc.a
LOAD C:/ST/STM32CubeIDE_1.19.0/STM32CubeIDE/plugins/com.st.stm32cube.ide.mcu.externaltools.gnu-tools-for-stm32.13.3.rel1.win32_1.0.0.202411081344/tools/bin/../lib/gcc/arm-none-eabi/13.3.1/../../../../arm-none-eabi/lib/thumb/v7e-m+fp/hard\libc_nano.a
LOAD C:/ST/STM32CubeIDE_1.19.0/STM32CubeIDE/plugins/com.st.stm32cube.ide.mcu.externaltools.gnu-tools-for-stm32.13.3.rel1.win32_1.0.0.202411081344/tools/bin/../lib/gcc/arm-none-eabi/13.3.1/../../../../arm-none-eabi/lib/thumb/v7e-m+fp/hard\libnosys.a
END GROUP
LOAD C:/ST/STM32CubeIDE_1.19.0/STM32CubeIDE/plugins/com.st.stm32cube.ide.mcu.externaltools.gnu-tools-for-stm32.13.3.rel1.win32_1.0.0.202411081344/tools/bin/../lib/gcc/arm-none-eabi/13.3.1/thumb/v7e-m+fp/hard/crtend.o
LOAD C:/ST/STM32CubeIDE_1.19.0/STM32CubeIDE/plugins/com.st.stm32cube.ide.mcu.externaltools.gnu-tools-for-stm32.13.3.rel1.win32_1.0.0.202411081344/tools/bin/../lib/gcc/arm-none-eabi/13.3.1/thumb/v7e-m+fp/hard/crtn.o
                0x20020000                        _estack = (ORIGIN (RAM) + LENGTH (RAM))
                0x00000200                        _Min_Heap_Size = 0x200
                0x00000400                        _Min_Stack_Size = 0x400

.isr_vector     0x08000000      0x188
                0x08000000                        . = ALIGN (0x4)
 *(.isr_vector)
 .isr_vector    0x08000000      0x188 ./Core/Startup/startup_stm32f407vgtx.o
                0x08000000                g_pfnVectors
                0x08000188                        . = ALIGN (0x4)

.text           0x08000190     0x43f4
                0x08000190                        . = ALIGN (0x4)
 *(.text)
 .text          0x08000190       0x40 C:/ST/STM32CubeIDE_1.19.0/STM32CubeIDE/plugins/com.st.stm32cube.ide.mcu.externaltools.gnu-tools-for-stm32.13.3.rel1.win32_1.0.0.202411081344/tools/bin/../lib/gcc/arm-none-eabi/13.3.1/thumb/v7e-m+fp/hard/crtbegin.o
 .text          0x080001d0       0x30 C:/ST/STM32CubeIDE_1.19.0/STM32CubeIDE/plugins/com.st.stm32cube.ide.mcu.externaltools.gnu-tools-for-stm32.13.3.rel1.win32_1.0.0.202411081344/tools/bin/../lib/gcc/arm-none-eabi/13.3.1/thumb/v7e-m+fp/hard\libgcc.a(_aeabi_uldivmod.o)
                0x080001d0                __aeabi_uldivmod
 .text          0x08000200      0x2f8 C:/ST/STM32CubeIDE_1.19.0/STM32CubeIDE/plugins/com.st.stm32cube.ide.mcu.externaltools.gnu-tools-for-stm32.13.3.rel1.win32_1.0.0.202411081344/tools/bin/../lib/gcc/arm-none-eabi/13.3.1/thumb/v7e-m+fp/hard\libgcc.a(_udivmoddi4.o)
                0x08000200                __udivmoddi4
 .text          0x080004f8        0x4 C:/ST/STM32CubeIDE_1.19.0/STM32CubeIDE/plugins/com.st.stm32cube.ide.mcu.externaltools.gnu-tools-for-stm32.13.3.rel1.win32_1.0.0.202411081344/tools/bin/../lib/gcc/arm-none-eabi/13.3.1/thumb/v7e-m+fp/hard\libgcc.a(_dvmd_tls.o)
                0x080004f8                __aeabi_idiv0
                0x080004f8                __aeabi_ldiv0
 *(.text*)
 .text.vApplicationIdleHook
                0x080004fc       0x38 ./Core/Src/freertos.o
                0x080004fc                vApplicationIdleHook
 .text.main     0x08000534       0x54 ./Core/Src/main.o
                0x08000534                main
 .text.SystemClock_Config
                0x08000588       0xd4 ./Core/Src/main.o
                0x08000588                SystemClock_Config
 .text.MX_GPIO_Init
                0x0800065c      0x2bc ./Core/Src/main.o
 .text.StartDefaultTask
                0x08000918       0x10 ./Core/Src/main.o
                0x08000918                StartDefaultTask
 .text.LED_Task
                0x08000928       0x24 ./Core/Src/main.o
                0x08000928                LED_Task
 .text.Error_Handler
                0x0800094c        0xc ./Core/Src/main.o
                0x0800094c                Error_Handler
 .text.HAL_MspInit
                0x08000958       0x58 ./Core/Src/stm32f4xx_hal_msp.o
                0x08000958                HAL_MspInit
 .text.NMI_Handler
                0x080009b0        0x8 ./Core/Src/stm32f4xx_it.o
                0x080009b0                NMI_Handler
 .text.HardFault_Handler
                0x080009b8        0x8 ./Core/Src/stm32f4xx_it.o
                0x080009b8                HardFault_Handler
 .text.MemManage_Handler
                0x080009c0        0x8 ./Core/Src/stm32f4xx_it.o
                0x080009c0                MemManage_Handler
 .text.BusFault_Handler
                0x080009c8        0x8 ./Core/Src/stm32f4xx_it.o
                0x080009c8                BusFault_Handler
 .text.UsageFault_Handler
                0x080009d0        0x8 ./Core/Src/stm32f4xx_it.o
                0x080009d0                UsageFault_Handler
 .text.DebugMon_Handler
                0x080009d8        0xe ./Core/Src/stm32f4xx_it.o
                0x080009d8                DebugMon_Handler
 .text.SysTick_Handler
                0x080009e6       0x1a ./Core/Src/stm32f4xx_it.o
                0x080009e6                SysTick_Handler
 .text.SystemInit
                0x08000a00       0x24 ./Core/Src/system_stm32f4xx.o
                0x08000a00                SystemInit
 .text.Reset_Handler
                0x08000a24       0x50 ./Core/Startup/startup_stm32f407vgtx.o
                0x08000a24                Reset_Handler
 .text.Default_Handler
                0x08000a74        0x2 ./Core/Startup/startup_stm32f407vgtx.o
                0x08000a74                RTC_Alarm_IRQHandler
                0x08000a74                HASH_RNG_IRQHandler
                0x08000a74                EXTI2_IRQHandler
                0x08000a74                TIM8_CC_IRQHandler
                0x08000a74                TIM1_CC_IRQHandler
                0x08000a74                DMA2_Stream5_IRQHandler
                0x08000a74                DMA1_Stream5_IRQHandler
                0x08000a74                PVD_IRQHandler
                0x08000a74                SDIO_IRQHandler
                0x08000a74                TAMP_STAMP_IRQHandler
                0x08000a74                CAN2_RX1_IRQHandler
                0x08000a74                EXTI3_IRQHandler
                0x08000a74                TIM8_TRG_COM_TIM14_IRQHandler
                0x08000a74                TIM1_UP_TIM10_IRQHandler
                0x08000a74                TIM8_UP_TIM13_IRQHandler
                0x08000a74                I2C3_ER_IRQHandler
                0x08000a74                EXTI0_IRQHandler
                0x08000a74                I2C2_EV_IRQHandler
                0x08000a74                DMA1_Stream2_IRQHandler
                0x08000a74                CAN1_RX0_IRQHandler
                0x08000a74                FPU_IRQHandler
                0x08000a74                OTG_HS_WKUP_IRQHandler
                0x08000a74                CAN2_SCE_IRQHandler
                0x08000a74                DMA2_Stream2_IRQHandler
                0x08000a74                SPI1_IRQHandler
                0x08000a74                TIM6_DAC_IRQHandler
                0x08000a74                TIM1_BRK_TIM9_IRQHandler
                0x08000a74                DCMI_IRQHandler
                0x08000a74                CAN2_RX0_IRQHandler
                0x08000a74                DMA2_Stream3_IRQHandler
                0x08000a74                USART6_IRQHandler
                0x08000a74                USART3_IRQHandler
                0x08000a74                CAN1_RX1_IRQHandler
                0x08000a74                UART5_IRQHandler
                0x08000a74                DMA2_Stream0_IRQHandler
                0x08000a74                TIM4_IRQHandler
                0x08000a74                I2C1_EV_IRQHandler
                0x08000a74                DMA1_Stream6_IRQHandler
                0x08000a74                DMA1_Stream1_IRQHandler
                0x08000a74                UART4_IRQHandler
                0x08000a74                TIM3_IRQHandler
                0x08000a74                RCC_IRQHandler
                0x08000a74                TIM8_BRK_TIM12_IRQHandler
                0x08000a74                Default_Handler
                0x08000a74                EXTI15_10_IRQHandler
                0x08000a74                ADC_IRQHandler
                0x08000a74                DMA1_Stream7_IRQHandler
                0x08000a74                TIM7_IRQHandler
                0x08000a74                CAN2_TX_IRQHandler
                0x08000a74                TIM5_IRQHandler
                0x08000a74                DMA2_Stream7_IRQHandler
                0x08000a74                I2C3_EV_IRQHandler
                0x08000a74                EXTI9_5_IRQHandler
                0x08000a74                RTC_WKUP_IRQHandler
                0x08000a74                ETH_WKUP_IRQHandler
                0x08000a74                SPI2_IRQHandler
                0x08000a74                OTG_HS_EP1_IN_IRQHandler
                0x08000a74                DMA1_Stream0_IRQHandler
                0x08000a74                CAN1_TX_IRQHandler
                0x08000a74                EXTI4_IRQHandler
                0x08000a74                FSMC_IRQHandler
                0x08000a74                ETH_IRQHandler
                0x08000a74                OTG_HS_EP1_OUT_IRQHandler
                0x08000a74                WWDG_IRQHandler
                0x08000a74                TIM2_IRQHandler
                0x08000a74                OTG_FS_WKUP_IRQHandler
                0x08000a74                TIM1_TRG_COM_TIM11_IRQHandler
                0x08000a74                OTG_HS_IRQHandler
                0x08000a74                EXTI1_IRQHandler
                0x08000a74                USART2_IRQHandler
                0x08000a74                I2C2_ER_IRQHandler
                0x08000a74                DMA2_Stream1_IRQHandler
                0x08000a74                CAN1_SCE_IRQHandler
                0x08000a74                FLASH_IRQHandler
                0x08000a74                DMA2_Stream4_IRQHandler
                0x08000a74                USART1_IRQHandler
                0x08000a74                OTG_FS_IRQHandler
                0x08000a74                SPI3_IRQHandler
                0x08000a74                DMA1_Stream4_IRQHandler
                0x08000a74                I2C1_ER_IRQHandler
                0x08000a74                DMA2_Stream6_IRQHandler
                0x08000a74                DMA1_Stream3_IRQHandler
 *fill*         0x08000a76        0x2 
 .text.HAL_Init
                0x08000a78       0x44 ./Drivers/STM32F4xx_HAL_Driver/Src/stm32f4xx_hal.o
                0x08000a78                HAL_Init
 .text.HAL_InitTick
                0x08000abc       0x60 ./Drivers/STM32F4xx_HAL_Driver/Src/stm32f4xx_hal.o
                0x08000abc                HAL_InitTick
 .text.HAL_IncTick
                0x08000b1c       0x28 ./Drivers/STM32F4xx_HAL_Driver/Src/stm32f4xx_hal.o
                0x08000b1c                HAL_IncTick
 .text.HAL_GetTick
                0x08000b44       0x18 ./Drivers/STM32F4xx_HAL_Driver/Src/stm32f4xx_hal.o
                0x08000b44                HAL_GetTick
 .text.__NVIC_SetPriorityGrouping
                0x08000b5c       0x48 ./Drivers/STM32F4xx_HAL_Driver/Src/stm32f4xx_hal_cortex.o
 .text.__NVIC_GetPriorityGrouping
                0x08000ba4       0x1c ./Drivers/STM32F4xx_HAL_Driver/Src/stm32f4xx_hal_cortex.o
 .text.__NVIC_SetPriority
                0x08000bc0       0x54 ./Drivers/STM32F4xx_HAL_Driver/Src/stm32f4xx_hal_cortex.o
 .text.NVIC_EncodePriority
                0x08000c14       0x66 ./Drivers/STM32F4xx_HAL_Driver/Src/stm32f4xx_hal_cortex.o
 *fill*         0x08000c7a        0x2 
 .text.SysTick_Config
                0x08000c7c       0x44 ./Drivers/STM32F4xx_HAL_Driver/Src/stm32f4xx_hal_cortex.o
 .text.HAL_NVIC_SetPriorityGrouping
                0x08000cc0       0x16 ./Drivers/STM32F4xx_HAL_Driver/Src/stm32f4xx_hal_cortex.o
                0x08000cc0                HAL_NVIC_SetPriorityGrouping
 .text.HAL_NVIC_SetPriority
                0x08000cd6       0x38 ./Drivers/STM32F4xx_HAL_Driver/Src/stm32f4xx_hal_cortex.o
                0x08000cd6                HAL_NVIC_SetPriority
 .text.HAL_SYSTICK_Config
                0x08000d0e       0x18 ./Drivers/STM32F4xx_HAL_Driver/Src/stm32f4xx_hal_cortex.o
                0x08000d0e                HAL_SYSTICK_Config
 *fill*         0x08000d26        0x2 
 .text.HAL_GPIO_Init
                0x08000d28      0x338 ./Drivers/STM32F4xx_HAL_Driver/Src/stm32f4xx_hal_gpio.o
                0x08000d28                HAL_GPIO_Init
 .text.HAL_GPIO_WritePin
                0x08001060       0x32 ./Drivers/STM32F4xx_HAL_Driver/Src/stm32f4xx_hal_gpio.o
                0x08001060                HAL_GPIO_WritePin
 .text.HAL_GPIO_TogglePin
                0x08001092       0x34 ./Drivers/STM32F4xx_HAL_Driver/Src/stm32f4xx_hal_gpio.o
                0x08001092                HAL_GPIO_TogglePin
 *fill*         0x080010c6        0x2 
 .text.HAL_RCC_OscConfig
                0x080010c8      0x4f0 ./Drivers/STM32F4xx_HAL_Driver/Src/stm32f4xx_hal_rcc.o
                0x080010c8                HAL_RCC_OscConfig
 .text.HAL_RCC_ClockConfig
                0x080015b8      0x1cc ./Drivers/STM32F4xx_HAL_Driver/Src/stm32f4xx_hal_rcc.o
                0x080015b8                HAL_RCC_ClockConfig
 .text.HAL_RCC_GetSysClockFreq
                0x08001784      0x20c ./Drivers/STM32F4xx_HAL_Driver/Src/stm32f4xx_hal_rcc.o
                0x08001784                HAL_RCC_GetSysClockFreq
 .text.__NVIC_SetPriority
                0x08001990       0x54 ./Middlewares/Third_Party/FreeRTOS/Source/CMSIS_RTOS_V2/cmsis_os2.o
 .text.SVC_Setup
                0x080019e4       0x12 ./Middlewares/Third_Party/FreeRTOS/Source/CMSIS_RTOS_V2/cmsis_os2.o
 *fill*         0x080019f6        0x2 
 .text.osKernelInitialize
                0x080019f8       0x48 ./Middlewares/Third_Party/FreeRTOS/Source/CMSIS_RTOS_V2/cmsis_os2.o
                0x080019f8                osKernelInitialize
 .text.osKernelStart
                0x08001a40       0x4c ./Middlewares/Third_Party/FreeRTOS/Source/CMSIS_RTOS_V2/cmsis_os2.o
                0x08001a40                osKernelStart
 .text.osThreadNew
                0x08001a8c      0x124 ./Middlewares/Third_Party/FreeRTOS/Source/CMSIS_RTOS_V2/cmsis_os2.o
                0x08001a8c                osThreadNew
 .text.osDelay  0x08001bb0       0x36 ./Middlewares/Third_Party/FreeRTOS/Source/CMSIS_RTOS_V2/cmsis_os2.o
                0x08001bb0                osDelay
 *fill*         0x08001be6        0x2 
 .text.vApplicationGetIdleTaskMemory
                0x08001be8       0x34 ./Middlewares/Third_Party/FreeRTOS/Source/CMSIS_RTOS_V2/cmsis_os2.o
                0x08001be8                vApplicationGetIdleTaskMemory
 .text.vApplicationGetTimerTaskMemory
                0x08001c1c       0x34 ./Middlewares/Third_Party/FreeRTOS/Source/CMSIS_RTOS_V2/cmsis_os2.o
                0x08001c1c                vApplicationGetTimerTaskMemory
 .text.vListInitialise
                0x08001c50       0x40 ./Middlewares/Third_Party/FreeRTOS/Source/list.o
                0x08001c50                vListInitialise
 .text.vListInitialiseItem
                0x08001c90       0x1a ./Middlewares/Third_Party/FreeRTOS/Source/list.o
                0x08001c90                vListInitialiseItem
 .text.vListInsertEnd
                0x08001caa       0x48 ./Middlewares/Third_Party/FreeRTOS/Source/list.o
                0x08001caa                vListInsertEnd
 .text.vListInsert
                0x08001cf2       0x72 ./Middlewares/Third_Party/FreeRTOS/Source/list.o
                0x08001cf2                vListInsert
 .text.uxListRemove
                0x08001d64       0x54 ./Middlewares/Third_Party/FreeRTOS/Source/list.o
                0x08001d64                uxListRemove
 .text.xQueueGenericReset
                0x08001db8       0xd4 ./Middlewares/Third_Party/FreeRTOS/Source/queue.o
                0x08001db8                xQueueGenericReset
 .text.xQueueGenericCreateStatic
                0x08001e8c       0xfa ./Middlewares/Third_Party/FreeRTOS/Source/queue.o
                0x08001e8c                xQueueGenericCreateStatic
 .text.prvInitialiseNewQueue
                0x08001f86       0x46 ./Middlewares/Third_Party/FreeRTOS/Source/queue.o
 .text.xQueueGenericSend
                0x08001fcc      0x204 ./Middlewares/Third_Party/FreeRTOS/Source/queue.o
                0x08001fcc                xQueueGenericSend
 .text.xQueueGenericSendFromISR
                0x080021d0      0x13c ./Middlewares/Third_Party/FreeRTOS/Source/queue.o
                0x080021d0                xQueueGenericSendFromISR
 .text.xQueueReceive
                0x0800230c      0x1c4 ./Middlewares/Third_Party/FreeRTOS/Source/queue.o
                0x0800230c                xQueueReceive
 .text.prvCopyDataToQueue
                0x080024d0       0xd4 ./Middlewares/Third_Party/FreeRTOS/Source/queue.o
 .text.prvCopyDataFromQueue
                0x080025a4       0x4c ./Middlewares/Third_Party/FreeRTOS/Source/queue.o
 .text.prvUnlockQueue
                0x080025f0       0xa4 ./Middlewares/Third_Party/FreeRTOS/Source/queue.o
 .text.prvIsQueueEmpty
                0x08002694       0x2c ./Middlewares/Third_Party/FreeRTOS/Source/queue.o
 .text.prvIsQueueFull
                0x080026c0       0x30 ./Middlewares/Third_Party/FreeRTOS/Source/queue.o
 .text.vQueueAddToRegistry
                0x080026f0       0x54 ./Middlewares/Third_Party/FreeRTOS/Source/queue.o
                0x080026f0                vQueueAddToRegistry
 .text.vQueueWaitForMessageRestricted
                0x08002744       0x68 ./Middlewares/Third_Party/FreeRTOS/Source/queue.o
                0x08002744                vQueueWaitForMessageRestricted
 .text.xTaskCreateStatic
                0x080027ac       0xc0 ./Middlewares/Third_Party/FreeRTOS/Source/tasks.o
                0x080027ac                xTaskCreateStatic
 .text.xTaskCreate
                0x0800286c       0x8a ./Middlewares/Third_Party/FreeRTOS/Source/tasks.o
                0x0800286c                xTaskCreate
 .text.prvInitialiseNewTask
                0x080028f6      0x120 ./Middlewares/Third_Party/FreeRTOS/Source/tasks.o
 *fill*         0x08002a16        0x2 
 .text.prvAddNewTaskToReadyList
                0x08002a18       0xe0 ./Middlewares/Third_Party/FreeRTOS/Source/tasks.o
 .text.vTaskDelay
                0x08002af8       0x6c ./Middlewares/Third_Party/FreeRTOS/Source/tasks.o
                0x08002af8                vTaskDelay
 .text.vTaskStartScheduler
                0x08002b64       0xd0 ./Middlewares/Third_Party/FreeRTOS/Source/tasks.o
                0x08002b64                vTaskStartScheduler
 .text.vTaskSuspendAll
                0x08002c34       0x1c ./Middlewares/Third_Party/FreeRTOS/Source/tasks.o
                0x08002c34                vTaskSuspendAll
 .text.xTaskResumeAll
                0x08002c50      0x13c ./Middlewares/Third_Party/FreeRTOS/Source/tasks.o
                0x08002c50                xTaskResumeAll
 .text.xTaskGetTickCount
                0x08002d8c       0x20 ./Middlewares/Third_Party/FreeRTOS/Source/tasks.o
                0x08002d8c                xTaskGetTickCount
 .text.xTaskIncrementTick
                0x08002dac      0x174 ./Middlewares/Third_Party/FreeRTOS/Source/tasks.o
                0x08002dac                xTaskIncrementTick
 .text.vTaskSwitchContext
                0x08002f20       0xbc ./Middlewares/Third_Party/FreeRTOS/Source/tasks.o
                0x08002f20                vTaskSwitchContext
 .text.vTaskPlaceOnEventList
                0x08002fdc       0x4c ./Middlewares/Third_Party/FreeRTOS/Source/tasks.o
                0x08002fdc                vTaskPlaceOnEventList
 .text.vTaskPlaceOnEventListRestricted
                0x08003028       0x58 ./Middlewares/Third_Party/FreeRTOS/Source/tasks.o
                0x08003028                vTaskPlaceOnEventListRestricted
 .text.xTaskRemoveFromEventList
                0x08003080       0xc8 ./Middlewares/Third_Party/FreeRTOS/Source/tasks.o
                0x08003080                xTaskRemoveFromEventList
 .text.vTaskInternalSetTimeOutState
                0x08003148       0x2c ./Middlewares/Third_Party/FreeRTOS/Source/tasks.o
                0x08003148                vTaskInternalSetTimeOutState
 .text.xTaskCheckForTimeOut
                0x08003174       0xc8 ./Middlewares/Third_Party/FreeRTOS/Source/tasks.o
                0x08003174                xTaskCheckForTimeOut
 .text.vTaskMissedYield
                0x0800323c       0x18 ./Middlewares/Third_Party/FreeRTOS/Source/tasks.o
                0x0800323c                vTaskMissedYield
 .text.prvIdleTask
                0x08003254       0x34 ./Middlewares/Third_Party/FreeRTOS/Source/tasks.o
 .text.prvInitialiseTaskLists
                0x08003288       0x80 ./Middlewares/Third_Party/FreeRTOS/Source/tasks.o
 .text.prvCheckTasksWaitingTermination
                0x08003308       0x5c ./Middlewares/Third_Party/FreeRTOS/Source/tasks.o
 .text.prvDeleteTCB
                0x08003364       0x60 ./Middlewares/Third_Party/FreeRTOS/Source/tasks.o
 .text.prvResetNextTaskUnblockTime
                0x080033c4       0x40 ./Middlewares/Third_Party/FreeRTOS/Source/tasks.o
 .text.xTaskGetSchedulerState
                0x08003404       0x3c ./Middlewares/Third_Party/FreeRTOS/Source/tasks.o
                0x08003404                xTaskGetSchedulerState
 .text.xTaskPriorityDisinherit
                0x08003440       0xe0 ./Middlewares/Third_Party/FreeRTOS/Source/tasks.o
                0x08003440                xTaskPriorityDisinherit
 .text.prvAddCurrentTaskToDelayedList
                0x08003520       0xa8 ./Middlewares/Third_Party/FreeRTOS/Source/tasks.o
 .text.xTimerCreateTimerTask
                0x080035c8       0x94 ./Middlewares/Third_Party/FreeRTOS/Source/timers.o
                0x080035c8                xTimerCreateTimerTask
 .text.xTimerGenericCommand
                0x0800365c       0x9c ./Middlewares/Third_Party/FreeRTOS/Source/timers.o
                0x0800365c                xTimerGenericCommand
 .text.prvProcessExpiredTimer
                0x080036f8       0x9c ./Middlewares/Third_Party/FreeRTOS/Source/timers.o
 .text.prvTimerTask
                0x08003794       0x26 ./Middlewares/Third_Party/FreeRTOS/Source/timers.o
 *fill*         0x080037ba        0x2 
 .text.prvProcessTimerOrBlockTask
                0x080037bc       0x9c ./Middlewares/Third_Party/FreeRTOS/Source/timers.o
 .text.prvGetNextExpireTime
                0x08003858       0x48 ./Middlewares/Third_Party/FreeRTOS/Source/timers.o
 .text.prvSampleTimeNow
                0x080038a0       0x40 ./Middlewares/Third_Party/FreeRTOS/Source/timers.o
 .text.prvInsertTimerInActiveList
                0x080038e0       0x84 ./Middlewares/Third_Party/FreeRTOS/Source/timers.o
 .text.prvProcessReceivedCommands
                0x08003964      0x1cc ./Middlewares/Third_Party/FreeRTOS/Source/timers.o
 .text.prvSwitchTimerLists
                0x08003b30       0xcc ./Middlewares/Third_Party/FreeRTOS/Source/timers.o
 .text.prvCheckForValidListAndQueue
                0x08003bfc       0x80 ./Middlewares/Third_Party/FreeRTOS/Source/timers.o
 .text.pxPortInitialiseStack
                0x08003c7c       0x68 ./Middlewares/Third_Party/FreeRTOS/Source/portable/GCC/ARM_CM4F/port.o
                0x08003c7c                pxPortInitialiseStack
 .text.prvTaskExitError
                0x08003ce4       0x5c ./Middlewares/Third_Party/FreeRTOS/Source/portable/GCC/ARM_CM4F/port.o
 .text.SVC_Handler
                0x08003d40       0x28 ./Middlewares/Third_Party/FreeRTOS/Source/portable/GCC/ARM_CM4F/port.o
                0x08003d40                SVC_Handler
 .text.prvPortStartFirstTask
                0x08003d68       0x28 ./Middlewares/Third_Party/FreeRTOS/Source/portable/GCC/ARM_CM4F/port.o
 .text.xPortStartScheduler
                0x08003d90      0x148 ./Middlewares/Third_Party/FreeRTOS/Source/portable/GCC/ARM_CM4F/port.o
                0x08003d90                xPortStartScheduler
 .text.vPortEnterCritical
                0x08003ed8       0x64 ./Middlewares/Third_Party/FreeRTOS/Source/portable/GCC/ARM_CM4F/port.o
                0x08003ed8                vPortEnterCritical
 .text.vPortExitCritical
                0x08003f3c       0x54 ./Middlewares/Third_Party/FreeRTOS/Source/portable/GCC/ARM_CM4F/port.o
                0x08003f3c                vPortExitCritical
 .text.PendSV_Handler
                0x08003f90       0x68 ./Middlewares/Third_Party/FreeRTOS/Source/portable/GCC/ARM_CM4F/port.o
                0x08003f90                PendSV_Handler
 .text.xPortSysTickHandler
                0x08003ff8       0x44 ./Middlewares/Third_Party/FreeRTOS/Source/portable/GCC/ARM_CM4F/port.o
                0x08003ff8                xPortSysTickHandler
 .text.vPortSetupTimerInterrupt
                0x0800403c       0x48 ./Middlewares/Third_Party/FreeRTOS/Source/portable/GCC/ARM_CM4F/port.o
                0x0800403c                vPortSetupTimerInterrupt
 .text.vPortEnableVFP
                0x08004084       0x14 ./Middlewares/Third_Party/FreeRTOS/Source/portable/GCC/ARM_CM4F/port.o
 .text.vPortValidateInterruptPriority
                0x08004098       0x84 ./Middlewares/Third_Party/FreeRTOS/Source/portable/GCC/ARM_CM4F/port.o
                0x08004098                vPortValidateInterruptPriority
 .text.pvPortMalloc
                0x0800411c      0x19c ./Middlewares/Third_Party/FreeRTOS/Source/portable/MemMang/heap_4.o
                0x0800411c                pvPortMalloc
 .text.vPortFree
                0x080042b8       0xc8 ./Middlewares/Third_Party/FreeRTOS/Source/portable/MemMang/heap_4.o
                0x080042b8                vPortFree
 .text.prvHeapInit
                0x08004380       0xc4 ./Middlewares/Third_Party/FreeRTOS/Source/portable/MemMang/heap_4.o
 .text.prvInsertBlockIntoFreeList
                0x08004444       0xb4 ./Middlewares/Third_Party/FreeRTOS/Source/portable/MemMang/heap_4.o
 .text.memset   0x080044f8       0x10 C:/ST/STM32CubeIDE_1.19.0/STM32CubeIDE/plugins/com.st.stm32cube.ide.mcu.externaltools.gnu-tools-for-stm32.13.3.rel1.win32_1.0.0.202411081344/tools/bin/../lib/gcc/arm-none-eabi/13.3.1/../../../../arm-none-eabi/lib/thumb/v7e-m+fp/hard\libc_nano.a(libc_a-memset.o)
                0x080044f8                memset
 .text.__libc_init_array
                0x08004508       0x48 C:/ST/STM32CubeIDE_1.19.0/STM32CubeIDE/plugins/com.st.stm32cube.ide.mcu.externaltools.gnu-tools-for-stm32.13.3.rel1.win32_1.0.0.202411081344/tools/bin/../lib/gcc/arm-none-eabi/13.3.1/../../../../arm-none-eabi/lib/thumb/v7e-m+fp/hard\libc_nano.a(libc_a-init.o)
                0x08004508                __libc_init_array
 .text.memcpy   0x08004550       0x1c C:/ST/STM32CubeIDE_1.19.0/STM32CubeIDE/plugins/com.st.stm32cube.ide.mcu.externaltools.gnu-tools-for-stm32.13.3.rel1.win32_1.0.0.202411081344/tools/bin/../lib/gcc/arm-none-eabi/13.3.1/../../../../arm-none-eabi/lib/thumb/v7e-m+fp/hard\libc_nano.a(libc_a-memcpy-stub.o)
                0x08004550                memcpy
 *(.glue_7)
 .glue_7        0x0800456c        0x0 linker stubs
 *(.glue_7t)
 .glue_7t       0x0800456c        0x0 linker stubs
 *(.eh_frame)
 .eh_frame      0x0800456c        0x0 C:/ST/STM32CubeIDE_1.19.0/STM32CubeIDE/plugins/com.st.stm32cube.ide.mcu.externaltools.gnu-tools-for-stm32.13.3.rel1.win32_1.0.0.202411081344/tools/bin/../lib/gcc/arm-none-eabi/13.3.1/thumb/v7e-m+fp/hard/crtbegin.o
 *(.init)
 .init          0x0800456c        0x4 C:/ST/STM32CubeIDE_1.19.0/STM32CubeIDE/plugins/com.st.stm32cube.ide.mcu.externaltools.gnu-tools-for-stm32.13.3.rel1.win32_1.0.0.202411081344/tools/bin/../lib/gcc/arm-none-eabi/13.3.1/thumb/v7e-m+fp/hard/crti.o
                0x0800456c                _init
 .init          0x08004570        0x8 C:/ST/STM32CubeIDE_1.19.0/STM32CubeIDE/plugins/com.st.stm32cube.ide.mcu.externaltools.gnu-tools-for-stm32.13.3.rel1.win32_1.0.0.202411081344/tools/bin/../lib/gcc/arm-none-eabi/13.3.1/thumb/v7e-m+fp/hard/crtn.o
 *(.fini)
 .fini          0x08004578        0x4 C:/ST/STM32CubeIDE_1.19.0/STM32CubeIDE/plugins/com.st.stm32cube.ide.mcu.externaltools.gnu-tools-for-stm32.13.3.rel1.win32_1.0.0.202411081344/tools/bin/../lib/gcc/arm-none-eabi/13.3.1/thumb/v7e-m+fp/hard/crti.o
                0x08004578                _fini
 .fini          0x0800457c        0x8 C:/ST/STM32CubeIDE_1.19.0/STM32CubeIDE/plugins/com.st.stm32cube.ide.mcu.externaltools.gnu-tools-for-stm32.13.3.rel1.win32_1.0.0.202411081344/tools/bin/../lib/gcc/arm-none-eabi/13.3.1/thumb/v7e-m+fp/hard/crtn.o
                0x08004584                        . = ALIGN (0x4)
                0x08004584                        _etext = .

.vfp11_veneer   0x08004584        0x0
 .vfp11_veneer  0x08004584        0x0 linker stubs

.v4_bx          0x08004584        0x0
 .v4_bx         0x08004584        0x0 linker stubs

.iplt           0x08004584        0x0
 .iplt          0x08004584        0x0 C:/ST/STM32CubeIDE_1.19.0/STM32CubeIDE/plugins/com.st.stm32cube.ide.mcu.externaltools.gnu-tools-for-stm32.13.3.rel1.win32_1.0.0.202411081344/tools/bin/../lib/gcc/arm-none-eabi/13.3.1/thumb/v7e-m+fp/hard/crtbegin.o

.rodata         0x08004584       0x88
                0x08004584                        . = ALIGN (0x4)
 *(.rodata)
 .rodata        0x08004584       0x15 ./Core/Src/main.o
 *fill*         0x08004599        0x3 
 .rodata        0x0800459c        0x5 ./Middlewares/Third_Party/FreeRTOS/Source/tasks.o
 *fill*         0x080045a1        0x3 
 .rodata        0x080045a4        0xd ./Middlewares/Third_Party/FreeRTOS/Source/timers.o
 *(.rodata*)
 *fill*         0x080045b1        0x3 
 .rodata.defaultTask_attributes
                0x080045b4       0x24 ./Core/Src/main.o
                0x080045b4                defaultTask_attributes
 .rodata.myTask02_attributes
                0x080045d8       0x24 ./Core/Src/main.o
                0x080045d8                myTask02_attributes
 .rodata.AHBPrescTable
                0x080045fc       0x10 ./Core/Src/system_stm32f4xx.o
                0x080045fc                AHBPrescTable
                0x0800460c                        . = ALIGN (0x4)

.ARM.extab      0x0800460c        0x0
                0x0800460c                        . = ALIGN (0x4)
 *(.ARM.extab* .gnu.linkonce.armextab.*)
                0x0800460c                        . = ALIGN (0x4)

.ARM            0x0800460c        0x8
                0x0800460c                        . = ALIGN (0x4)
                0x0800460c                        __exidx_start = .
 *(.ARM.exidx*)
 .ARM.exidx     0x0800460c        0x8 C:/ST/STM32CubeIDE_1.19.0/STM32CubeIDE/plugins/com.st.stm32cube.ide.mcu.externaltools.gnu-tools-for-stm32.13.3.rel1.win32_1.0.0.202411081344/tools/bin/../lib/gcc/arm-none-eabi/13.3.1/thumb/v7e-m+fp/hard\libgcc.a(_udivmoddi4.o)
                0x08004614                        __exidx_end = .
                0x08004614                        . = ALIGN (0x4)

.preinit_array  0x08004614        0x0
                0x08004614                        . = ALIGN (0x4)
                0x08004614                        PROVIDE (__preinit_array_start = .)
 *(.preinit_array*)
                0x08004614                        PROVIDE (__preinit_array_end = .)
                0x08004614                        . = ALIGN (0x4)

.init_array     0x08004614        0x4
                0x08004614                        . = ALIGN (0x4)
                0x08004614                        PROVIDE (__init_array_start = .)
 *(SORT_BY_NAME(.init_array.*))
 *(.init_array*)
 .init_array    0x08004614        0x4 C:/ST/STM32CubeIDE_1.19.0/STM32CubeIDE/plugins/com.st.stm32cube.ide.mcu.externaltools.gnu-tools-for-stm32.13.3.rel1.win32_1.0.0.202411081344/tools/bin/../lib/gcc/arm-none-eabi/13.3.1/thumb/v7e-m+fp/hard/crtbegin.o
                0x08004618                        PROVIDE (__init_array_end = .)
                0x08004618                        . = ALIGN (0x4)

.fini_array     0x08004618        0x4
                0x08004618                        . = ALIGN (0x4)
                [!provide]                        PROVIDE (__fini_array_start = .)
 *(SORT_BY_NAME(.fini_array.*))
 *(.fini_array*)
 .fini_array    0x08004618        0x4 C:/ST/STM32CubeIDE_1.19.0/STM32CubeIDE/plugins/com.st.stm32cube.ide.mcu.externaltools.gnu-tools-for-stm32.13.3.rel1.win32_1.0.0.202411081344/tools/bin/../lib/gcc/arm-none-eabi/13.3.1/thumb/v7e-m+fp/hard/crtbegin.o
                [!provide]                        PROVIDE (__fini_array_end = .)
                0x0800461c                        . = ALIGN (0x4)
                0x0800461c                        _sidata = LOADADDR (.data)

.rel.dyn        0x0800461c        0x0
 .rel.iplt      0x0800461c        0x0 C:/ST/STM32CubeIDE_1.19.0/STM32CubeIDE/plugins/com.st.stm32cube.ide.mcu.externaltools.gnu-tools-for-stm32.13.3.rel1.win32_1.0.0.202411081344/tools/bin/../lib/gcc/arm-none-eabi/13.3.1/thumb/v7e-m+fp/hard/crtbegin.o

.data           0x20000000       0x10 load address 0x0800461c
                0x20000000                        . = ALIGN (0x4)
                0x20000000                        _sdata = .
 *(.data)
 *(.data*)
 .data.SystemCoreClock
                0x20000000        0x4 ./Core/Src/system_stm32f4xx.o
                0x20000000                SystemCoreClock
 .data.uwTickPrio
                0x20000004        0x4 ./Drivers/STM32F4xx_HAL_Driver/Src/stm32f4xx_hal.o
                0x20000004                uwTickPrio
 .data.uwTickFreq
                0x20000008        0x1 ./Drivers/STM32F4xx_HAL_Driver/Src/stm32f4xx_hal.o
                0x20000008                uwTickFreq
 *fill*         0x20000009        0x3 
 .data.uxCriticalNesting
                0x2000000c        0x4 ./Middlewares/Third_Party/FreeRTOS/Source/portable/GCC/ARM_CM4F/port.o
 *(.RamFunc)
 *(.RamFunc*)
                0x20000010                        . = ALIGN (0x4)
                0x20000010                        _edata = .
                0x0800462c                        _siccmram = LOADADDR (.ccmram)

.igot.plt       0x20000010        0x0 load address 0x0800462c
 .igot.plt      0x20000010        0x0 C:/ST/STM32CubeIDE_1.19.0/STM32CubeIDE/plugins/com.st.stm32cube.ide.mcu.externaltools.gnu-tools-for-stm32.13.3.rel1.win32_1.0.0.202411081344/tools/bin/../lib/gcc/arm-none-eabi/13.3.1/thumb/v7e-m+fp/hard/crtbegin.o

.ccmram         0x10000000        0x0 load address 0x0800462c
                0x10000000                        . = ALIGN (0x4)
                0x10000000                        _sccmram = .
 *(.ccmram)
 *(.ccmram*)
                0x10000000                        . = ALIGN (0x4)
                0x10000000                        _eccmram = .
                0x10000000                        . = ALIGN (0x4)

.bss            0x20000010     0x4978
                0x20000010                        _sbss = .
                0x20000010                        __bss_start__ = _sbss
 *(.bss)
 .bss           0x20000010       0x1c C:/ST/STM32CubeIDE_1.19.0/STM32CubeIDE/plugins/com.st.stm32cube.ide.mcu.externaltools.gnu-tools-for-stm32.13.3.rel1.win32_1.0.0.202411081344/tools/bin/../lib/gcc/arm-none-eabi/13.3.1/thumb/v7e-m+fp/hard/crtbegin.o
 *(.bss*)
 .bss.defaultTaskHandle
                0x2000002c        0x4 ./Core/Src/main.o
                0x2000002c                defaultTaskHandle
 .bss.myTask02Handle
                0x20000030        0x4 ./Core/Src/main.o
                0x20000030                myTask02Handle
 .bss.uwTick    0x20000034        0x4 ./Drivers/STM32F4xx_HAL_Driver/Src/stm32f4xx_hal.o
                0x20000034                uwTick
 .bss.KernelState
                0x20000038        0x4 ./Middlewares/Third_Party/FreeRTOS/Source/CMSIS_RTOS_V2/cmsis_os2.o
 .bss.Idle_TCB.3
                0x2000003c       0x5c ./Middlewares/Third_Party/FreeRTOS/Source/CMSIS_RTOS_V2/cmsis_os2.o
 .bss.Idle_Stack.2
                0x20000098      0x200 ./Middlewares/Third_Party/FreeRTOS/Source/CMSIS_RTOS_V2/cmsis_os2.o
 .bss.Timer_TCB.1
                0x20000298       0x5c ./Middlewares/Third_Party/FreeRTOS/Source/CMSIS_RTOS_V2/cmsis_os2.o
 .bss.Timer_Stack.0
                0x200002f4      0x400 ./Middlewares/Third_Party/FreeRTOS/Source/CMSIS_RTOS_V2/cmsis_os2.o
 .bss.xQueueRegistry
                0x200006f4       0x40 ./Middlewares/Third_Party/FreeRTOS/Source/queue.o
                0x200006f4                xQueueRegistry
 .bss.pxCurrentTCB
                0x20000734        0x4 ./Middlewares/Third_Party/FreeRTOS/Source/tasks.o
                0x20000734                pxCurrentTCB
 .bss.pxReadyTasksLists
                0x20000738      0x460 ./Middlewares/Third_Party/FreeRTOS/Source/tasks.o
 .bss.xDelayedTaskList1
                0x20000b98       0x14 ./Middlewares/Third_Party/FreeRTOS/Source/tasks.o
 .bss.xDelayedTaskList2
                0x20000bac       0x14 ./Middlewares/Third_Party/FreeRTOS/Source/tasks.o
 .bss.pxDelayedTaskList
                0x20000bc0        0x4 ./Middlewares/Third_Party/FreeRTOS/Source/tasks.o
 .bss.pxOverflowDelayedTaskList
                0x20000bc4        0x4 ./Middlewares/Third_Party/FreeRTOS/Source/tasks.o
 .bss.xPendingReadyList
                0x20000bc8       0x14 ./Middlewares/Third_Party/FreeRTOS/Source/tasks.o
 .bss.xTasksWaitingTermination
                0x20000bdc       0x14 ./Middlewares/Third_Party/FreeRTOS/Source/tasks.o
 .bss.uxDeletedTasksWaitingCleanUp
                0x20000bf0        0x4 ./Middlewares/Third_Party/FreeRTOS/Source/tasks.o
 .bss.xSuspendedTaskList
                0x20000bf4       0x14 ./Middlewares/Third_Party/FreeRTOS/Source/tasks.o
 .bss.uxCurrentNumberOfTasks
                0x20000c08        0x4 ./Middlewares/Third_Party/FreeRTOS/Source/tasks.o
 .bss.xTickCount
                0x20000c0c        0x4 ./Middlewares/Third_Party/FreeRTOS/Source/tasks.o
 .bss.uxTopReadyPriority
                0x20000c10        0x4 ./Middlewares/Third_Party/FreeRTOS/Source/tasks.o
 .bss.xSchedulerRunning
                0x20000c14        0x4 ./Middlewares/Third_Party/FreeRTOS/Source/tasks.o
 .bss.xPendedTicks
                0x20000c18        0x4 ./Middlewares/Third_Party/FreeRTOS/Source/tasks.o
 .bss.xYieldPending
                0x20000c1c        0x4 ./Middlewares/Third_Party/FreeRTOS/Source/tasks.o
 .bss.xNumOfOverflows
                0x20000c20        0x4 ./Middlewares/Third_Party/FreeRTOS/Source/tasks.o
 .bss.uxTaskNumber
                0x20000c24        0x4 ./Middlewares/Third_Party/FreeRTOS/Source/tasks.o
 .bss.xNextTaskUnblockTime
                0x20000c28        0x4 ./Middlewares/Third_Party/FreeRTOS/Source/tasks.o
 .bss.xIdleTaskHandle
                0x20000c2c        0x4 ./Middlewares/Third_Party/FreeRTOS/Source/tasks.o
 .bss.uxSchedulerSuspended
                0x20000c30        0x4 ./Middlewares/Third_Party/FreeRTOS/Source/tasks.o
 .bss.xActiveTimerList1
                0x20000c34       0x14 ./Middlewares/Third_Party/FreeRTOS/Source/timers.o
 .bss.xActiveTimerList2
                0x20000c48       0x14 ./Middlewares/Third_Party/FreeRTOS/Source/timers.o
 .bss.pxCurrentTimerList
                0x20000c5c        0x4 ./Middlewares/Third_Party/FreeRTOS/Source/timers.o
 .bss.pxOverflowTimerList
                0x20000c60        0x4 ./Middlewares/Third_Party/FreeRTOS/Source/timers.o
 .bss.xTimerQueue
                0x20000c64        0x4 ./Middlewares/Third_Party/FreeRTOS/Source/timers.o
 .bss.xTimerTaskHandle
                0x20000c68        0x4 ./Middlewares/Third_Party/FreeRTOS/Source/timers.o
 .bss.xLastTime.2
                0x20000c6c        0x4 ./Middlewares/Third_Party/FreeRTOS/Source/timers.o
 .bss.ucStaticTimerQueueStorage.1
                0x20000c70       0xa0 ./Middlewares/Third_Party/FreeRTOS/Source/timers.o
 .bss.xStaticTimerQueue.0
                0x20000d10       0x50 ./Middlewares/Third_Party/FreeRTOS/Source/timers.o
 .bss.ucMaxSysCallPriority
                0x20000d60        0x1 ./Middlewares/Third_Party/FreeRTOS/Source/portable/GCC/ARM_CM4F/port.o
 *fill*         0x20000d61        0x3 
 .bss.ulMaxPRIGROUPValue
                0x20000d64        0x4 ./Middlewares/Third_Party/FreeRTOS/Source/portable/GCC/ARM_CM4F/port.o
 .bss.ucHeap    0x20000d68     0x3c00 ./Middlewares/Third_Party/FreeRTOS/Source/portable/MemMang/heap_4.o
 .bss.xStart    0x20004968        0x8 ./Middlewares/Third_Party/FreeRTOS/Source/portable/MemMang/heap_4.o
 .bss.pxEnd     0x20004970        0x4 ./Middlewares/Third_Party/FreeRTOS/Source/portable/MemMang/heap_4.o
 .bss.xFreeBytesRemaining
                0x20004974        0x4 ./Middlewares/Third_Party/FreeRTOS/Source/portable/MemMang/heap_4.o
 .bss.xMinimumEverFreeBytesRemaining
                0x20004978        0x4 ./Middlewares/Third_Party/FreeRTOS/Source/portable/MemMang/heap_4.o
 .bss.xNumberOfSuccessfulAllocations
                0x2000497c        0x4 ./Middlewares/Third_Party/FreeRTOS/Source/portable/MemMang/heap_4.o
 .bss.xNumberOfSuccessfulFrees
                0x20004980        0x4 ./Middlewares/Third_Party/FreeRTOS/Source/portable/MemMang/heap_4.o
 .bss.xBlockAllocatedBit
                0x20004984        0x4 ./Middlewares/Third_Party/FreeRTOS/Source/portable/MemMang/heap_4.o
 *(COMMON)
                0x20004988                        . = ALIGN (0x4)
                0x20004988                        _ebss = .
                0x20004988                        __bss_end__ = _ebss

._user_heap_stack
                0x20004988      0x600
                0x20004988                        . = ALIGN (0x8)
                [!provide]                        PROVIDE (end = .)
                0x20004988                        PROVIDE (_end = .)
                0x20004b88                        . = (. + _Min_Heap_Size)
 *fill*         0x20004988      0x200 
                0x20004f88                        . = (. + _Min_Stack_Size)
 *fill*         0x20004b88      0x400 
                0x20004f88                        . = ALIGN (0x8)

/DISCARD/
 libc.a(*)
 libm.a(*)
 libgcc.a(*)

.ARM.attributes
                0x00000000       0x30
 *(.ARM.attributes)
 .ARM.attributes
                0x00000000       0x22 C:/ST/STM32CubeIDE_1.19.0/STM32CubeIDE/plugins/com.st.stm32cube.ide.mcu.externaltools.gnu-tools-for-stm32.13.3.rel1.win32_1.0.0.202411081344/tools/bin/../lib/gcc/arm-none-eabi/13.3.1/thumb/v7e-m+fp/hard/crti.o
 .ARM.attributes
                0x00000022       0x34 C:/ST/STM32CubeIDE_1.19.0/STM32CubeIDE/plugins/com.st.stm32cube.ide.mcu.externaltools.gnu-tools-for-stm32.13.3.rel1.win32_1.0.0.202411081344/tools/bin/../lib/gcc/arm-none-eabi/13.3.1/thumb/v7e-m+fp/hard/crtbegin.o
 .ARM.attributes
                0x00000056       0x34 ./Core/Src/freertos.o
 .ARM.attributes
                0x0000008a       0x34 ./Core/Src/main.o
 .ARM.attributes
                0x000000be       0x34 ./Core/Src/stm32f4xx_hal_msp.o
 .ARM.attributes
                0x000000f2       0x34 ./Core/Src/stm32f4xx_it.o
 .ARM.attributes
                0x00000126       0x34 ./Core/Src/system_stm32f4xx.o
 .ARM.attributes
                0x0000015a       0x21 ./Core/Startup/startup_stm32f407vgtx.o
 .ARM.attributes
                0x0000017b       0x34 ./Drivers/STM32F4xx_HAL_Driver/Src/stm32f4xx_hal.o
 .ARM.attributes
                0x000001af       0x34 ./Drivers/STM32F4xx_HAL_Driver/Src/stm32f4xx_hal_cortex.o
 .ARM.attributes
                0x000001e3       0x34 ./Drivers/STM32F4xx_HAL_Driver/Src/stm32f4xx_hal_gpio.o
 .ARM.attributes
                0x00000217       0x34 ./Drivers/STM32F4xx_HAL_Driver/Src/stm32f4xx_hal_rcc.o
 .ARM.attributes
                0x0000024b       0x34 ./Middlewares/Third_Party/FreeRTOS/Source/CMSIS_RTOS_V2/cmsis_os2.o
 .ARM.attributes
                0x0000027f       0x34 ./Middlewares/Third_Party/FreeRTOS/Source/list.o
 .ARM.attributes
                0x000002b3       0x34 ./Middlewares/Third_Party/FreeRTOS/Source/queue.o
 .ARM.attributes
                0x000002e7       0x34 ./Middlewares/Third_Party/FreeRTOS/Source/tasks.o
 .ARM.attributes
                0x0000031b       0x34 ./Middlewares/Third_Party/FreeRTOS/Source/timers.o
 .ARM.attributes
                0x0000034f       0x34 ./Middlewares/Third_Party/FreeRTOS/Source/portable/GCC/ARM_CM4F/port.o
 .ARM.attributes
                0x00000383       0x34 ./Middlewares/Third_Party/FreeRTOS/Source/portable/MemMang/heap_4.o
 .ARM.attributes
                0x000003b7       0x34 C:/ST/STM32CubeIDE_1.19.0/STM32CubeIDE/plugins/com.st.stm32cube.ide.mcu.externaltools.gnu-tools-for-stm32.13.3.rel1.win32_1.0.0.202411081344/tools/bin/../lib/gcc/arm-none-eabi/13.3.1/../../../../arm-none-eabi/lib/thumb/v7e-m+fp/hard\libc_nano.a(libc_a-memset.o)
 .ARM.attributes
                0x000003eb       0x34 C:/ST/STM32CubeIDE_1.19.0/STM32CubeIDE/plugins/com.st.stm32cube.ide.mcu.externaltools.gnu-tools-for-stm32.13.3.rel1.win32_1.0.0.202411081344/tools/bin/../lib/gcc/arm-none-eabi/13.3.1/../../../../arm-none-eabi/lib/thumb/v7e-m+fp/hard\libc_nano.a(libc_a-init.o)
 .ARM.attributes
                0x0000041f       0x34 C:/ST/STM32CubeIDE_1.19.0/STM32CubeIDE/plugins/com.st.stm32cube.ide.mcu.externaltools.gnu-tools-for-stm32.13.3.rel1.win32_1.0.0.202411081344/tools/bin/../lib/gcc/arm-none-eabi/13.3.1/../../../../arm-none-eabi/lib/thumb/v7e-m+fp/hard\libc_nano.a(libc_a-memcpy-stub.o)
 .ARM.attributes
                0x00000453       0x22 C:/ST/STM32CubeIDE_1.19.0/STM32CubeIDE/plugins/com.st.stm32cube.ide.mcu.externaltools.gnu-tools-for-stm32.13.3.rel1.win32_1.0.0.202411081344/tools/bin/../lib/gcc/arm-none-eabi/13.3.1/thumb/v7e-m+fp/hard\libgcc.a(_aeabi_uldivmod.o)
 .ARM.attributes
                0x00000475       0x34 C:/ST/STM32CubeIDE_1.19.0/STM32CubeIDE/plugins/com.st.stm32cube.ide.mcu.externaltools.gnu-tools-for-stm32.13.3.rel1.win32_1.0.0.202411081344/tools/bin/../lib/gcc/arm-none-eabi/13.3.1/thumb/v7e-m+fp/hard\libgcc.a(_udivmoddi4.o)
 .ARM.attributes
                0x000004a9       0x22 C:/ST/STM32CubeIDE_1.19.0/STM32CubeIDE/plugins/com.st.stm32cube.ide.mcu.externaltools.gnu-tools-for-stm32.13.3.rel1.win32_1.0.0.202411081344/tools/bin/../lib/gcc/arm-none-eabi/13.3.1/thumb/v7e-m+fp/hard\libgcc.a(_dvmd_tls.o)
 .ARM.attributes
                0x000004cb       0x22 C:/ST/STM32CubeIDE_1.19.0/STM32CubeIDE/plugins/com.st.stm32cube.ide.mcu.externaltools.gnu-tools-for-stm32.13.3.rel1.win32_1.0.0.202411081344/tools/bin/../lib/gcc/arm-none-eabi/13.3.1/thumb/v7e-m+fp/hard/crtn.o
OUTPUT(50_Idle_Task_Hook_FreeRTOS.elf elf32-littlearm)
LOAD linker stubs
LOAD C:/ST/STM32CubeIDE_1.19.0/STM32CubeIDE/plugins/com.st.stm32cube.ide.mcu.externaltools.gnu-tools-for-stm32.13.3.rel1.win32_1.0.0.202411081344/tools/bin/../lib/gcc/arm-none-eabi/13.3.1/../../../../arm-none-eabi/lib/thumb/v7e-m+fp/hard\libc.a
LOAD C:/ST/STM32CubeIDE_1.19.0/STM32CubeIDE/plugins/com.st.stm32cube.ide.mcu.externaltools.gnu-tools-for-stm32.13.3.rel1.win32_1.0.0.202411081344/tools/bin/../lib/gcc/arm-none-eabi/13.3.1/../../../../arm-none-eabi/lib/thumb/v7e-m+fp/hard\libm.a
LOAD C:/ST/STM32CubeIDE_1.19.0/STM32CubeIDE/plugins/com.st.stm32cube.ide.mcu.externaltools.gnu-tools-for-stm32.13.3.rel1.win32_1.0.0.202411081344/tools/bin/../lib/gcc/arm-none-eabi/13.3.1/thumb/v7e-m+fp/hard\libgcc.a

.debug_info     0x00000000     0xd62a
 .debug_info    0x00000000      0x199 ./Core/Src/freertos.o
 .debug_info    0x00000199      0xa60 ./Core/Src/main.o
 .debug_info    0x00000bf9      0x4b7 ./Core/Src/stm32f4xx_hal_msp.o
 .debug_info    0x000010b0      0x11a ./Core/Src/stm32f4xx_it.o
 .debug_info    0x000011ca      0x512 ./Core/Src/system_stm32f4xx.o
 .debug_info    0x000016dc       0x30 ./Core/Startup/startup_stm32f407vgtx.o
 .debug_info    0x0000170c      0x944 ./Drivers/STM32F4xx_HAL_Driver/Src/stm32f4xx_hal.o
 .debug_info    0x00002050      0xd8c ./Drivers/STM32F4xx_HAL_Driver/Src/stm32f4xx_hal_cortex.o
 .debug_info    0x00002ddc      0x6c3 ./Drivers/STM32F4xx_HAL_Driver/Src/stm32f4xx_hal_gpio.o
 .debug_info    0x0000349f      0x8c3 ./Drivers/STM32F4xx_HAL_Driver/Src/stm32f4xx_hal_rcc.o
 .debug_info    0x00003d62     0x3a65 ./Middlewares/Third_Party/FreeRTOS/Source/CMSIS_RTOS_V2/cmsis_os2.o
 .debug_info    0x000077c7      0x2af ./Middlewares/Third_Party/FreeRTOS/Source/list.o
 .debug_info    0x00007a76     0x1b79 ./Middlewares/Third_Party/FreeRTOS/Source/queue.o
 .debug_info    0x000095ef     0x2200 ./Middlewares/Third_Party/FreeRTOS/Source/tasks.o
 .debug_info    0x0000b7ef     0x1488 ./Middlewares/Third_Party/FreeRTOS/Source/timers.o
 .debug_info    0x0000cc77      0x4de ./Middlewares/Third_Party/FreeRTOS/Source/portable/GCC/ARM_CM4F/port.o
 .debug_info    0x0000d155      0x4d5 ./Middlewares/Third_Party/FreeRTOS/Source/portable/MemMang/heap_4.o

.debug_abbrev   0x00000000     0x2546
 .debug_abbrev  0x00000000       0xf0 ./Core/Src/freertos.o
 .debug_abbrev  0x000000f0      0x278 ./Core/Src/main.o
 .debug_abbrev  0x00000368      0x119 ./Core/Src/stm32f4xx_hal_msp.o
 .debug_abbrev  0x00000481       0x97 ./Core/Src/stm32f4xx_it.o
 .debug_abbrev  0x00000518      0x11a ./Core/Src/system_stm32f4xx.o
 .debug_abbrev  0x00000632       0x24 ./Core/Startup/startup_stm32f407vgtx.o
 .debug_abbrev  0x00000656      0x214 ./Drivers/STM32F4xx_HAL_Driver/Src/stm32f4xx_hal.o
 .debug_abbrev  0x0000086a      0x31d ./Drivers/STM32F4xx_HAL_Driver/Src/stm32f4xx_hal_cortex.o
 .debug_abbrev  0x00000b87      0x1d4 ./Drivers/STM32F4xx_HAL_Driver/Src/stm32f4xx_hal_gpio.o
 .debug_abbrev  0x00000d5b      0x2b7 ./Drivers/STM32F4xx_HAL_Driver/Src/stm32f4xx_hal_rcc.o
 .debug_abbrev  0x00001012      0x521 ./Middlewares/Third_Party/FreeRTOS/Source/CMSIS_RTOS_V2/cmsis_os2.o
 .debug_abbrev  0x00001533       0xf5 ./Middlewares/Third_Party/FreeRTOS/Source/list.o
 .debug_abbrev  0x00001628      0x3b6 ./Middlewares/Third_Party/FreeRTOS/Source/queue.o
 .debug_abbrev  0x000019de      0x39d ./Middlewares/Third_Party/FreeRTOS/Source/tasks.o
 .debug_abbrev  0x00001d7b      0x352 ./Middlewares/Third_Party/FreeRTOS/Source/timers.o
 .debug_abbrev  0x000020cd      0x25c ./Middlewares/Third_Party/FreeRTOS/Source/portable/GCC/ARM_CM4F/port.o
 .debug_abbrev  0x00002329      0x21d ./Middlewares/Third_Party/FreeRTOS/Source/portable/MemMang/heap_4.o

.debug_aranges  0x00000000      0xc40
 .debug_aranges
                0x00000000       0x20 ./Core/Src/freertos.o
 .debug_aranges
                0x00000020       0x48 ./Core/Src/main.o
 .debug_aranges
                0x00000068       0x20 ./Core/Src/stm32f4xx_hal_msp.o
 .debug_aranges
                0x00000088       0x50 ./Core/Src/stm32f4xx_it.o
 .debug_aranges
                0x000000d8       0x28 ./Core/Src/system_stm32f4xx.o
 .debug_aranges
                0x00000100       0x28 ./Core/Startup/startup_stm32f407vgtx.o
 .debug_aranges
                0x00000128       0xf0 ./Drivers/STM32F4xx_HAL_Driver/Src/stm32f4xx_hal.o
 .debug_aranges
                0x00000218      0x130 ./Drivers/STM32F4xx_HAL_Driver/Src/stm32f4xx_hal_cortex.o
 .debug_aranges
                0x00000348       0x58 ./Drivers/STM32F4xx_HAL_Driver/Src/stm32f4xx_hal_gpio.o
 .debug_aranges
                0x000003a0       0x88 ./Drivers/STM32F4xx_HAL_Driver/Src/stm32f4xx_hal_rcc.o
 .debug_aranges
                0x00000428      0x2b0 ./Middlewares/Third_Party/FreeRTOS/Source/CMSIS_RTOS_V2/cmsis_os2.o
 .debug_aranges
                0x000006d8       0x40 ./Middlewares/Third_Party/FreeRTOS/Source/list.o
 .debug_aranges
                0x00000718      0x158 ./Middlewares/Third_Party/FreeRTOS/Source/queue.o
 .debug_aranges
                0x00000870      0x208 ./Middlewares/Third_Party/FreeRTOS/Source/tasks.o
 .debug_aranges
                0x00000a78       0xf0 ./Middlewares/Third_Party/FreeRTOS/Source/timers.o
 .debug_aranges
                0x00000b68       0x80 ./Middlewares/Third_Party/FreeRTOS/Source/portable/GCC/ARM_CM4F/port.o
 .debug_aranges
                0x00000be8       0x58 ./Middlewares/Third_Party/FreeRTOS/Source/portable/MemMang/heap_4.o

.debug_rnglists
                0x00000000      0x934
 .debug_rnglists
                0x00000000       0x13 ./Core/Src/freertos.o
 .debug_rnglists
                0x00000013       0x33 ./Core/Src/main.o
 .debug_rnglists
                0x00000046       0x13 ./Core/Src/stm32f4xx_hal_msp.o
 .debug_rnglists
                0x00000059       0x37 ./Core/Src/stm32f4xx_it.o
 .debug_rnglists
                0x00000090       0x1a ./Core/Src/system_stm32f4xx.o
 .debug_rnglists
                0x000000aa       0x19 ./Core/Startup/startup_stm32f407vgtx.o
 .debug_rnglists
                0x000000c3       0xaf ./Drivers/STM32F4xx_HAL_Driver/Src/stm32f4xx_hal.o
 .debug_rnglists
                0x00000172       0xe0 ./Drivers/STM32F4xx_HAL_Driver/Src/stm32f4xx_hal_cortex.o
 .debug_rnglists
                0x00000252       0x3f ./Drivers/STM32F4xx_HAL_Driver/Src/stm32f4xx_hal_gpio.o
 .debug_rnglists
                0x00000291       0x66 ./Drivers/STM32F4xx_HAL_Driver/Src/stm32f4xx_hal_rcc.o
 .debug_rnglists
                0x000002f7      0x212 ./Middlewares/Third_Party/FreeRTOS/Source/CMSIS_RTOS_V2/cmsis_os2.o
 .debug_rnglists
                0x00000509       0x2b ./Middlewares/Third_Party/FreeRTOS/Source/list.o
 .debug_rnglists
                0x00000534      0x109 ./Middlewares/Third_Party/FreeRTOS/Source/queue.o
 .debug_rnglists
                0x0000063d      0x1a0 ./Middlewares/Third_Party/FreeRTOS/Source/tasks.o
 .debug_rnglists
                0x000007dd       0xb8 ./Middlewares/Third_Party/FreeRTOS/Source/timers.o
 .debug_rnglists
                0x00000895       0x5d ./Middlewares/Third_Party/FreeRTOS/Source/portable/GCC/ARM_CM4F/port.o
 .debug_rnglists
                0x000008f2       0x42 ./Middlewares/Third_Party/FreeRTOS/Source/portable/MemMang/heap_4.o

.debug_macro    0x00000000    0x21345
 .debug_macro   0x00000000      0x227 ./Core/Src/freertos.o
 .debug_macro   0x00000227      0xad8 ./Core/Src/freertos.o
 .debug_macro   0x00000cff      0x190 ./Core/Src/freertos.o
 .debug_macro   0x00000e8f       0x22 ./Core/Src/freertos.o
 .debug_macro   0x00000eb1       0x8e ./Core/Src/freertos.o
 .debug_macro   0x00000f3f       0x51 ./Core/Src/freertos.o
 .debug_macro   0x00000f90      0x103 ./Core/Src/freertos.o
 .debug_macro   0x00001093       0x6a ./Core/Src/freertos.o
 .debug_macro   0x000010fd      0x1df ./Core/Src/freertos.o
 .debug_macro   0x000012dc      0x169 ./Core/Src/freertos.o
 .debug_macro   0x00001445      0x15a ./Core/Src/freertos.o
 .debug_macro   0x0000159f       0xc9 ./Core/Src/freertos.o
 .debug_macro   0x00001668       0x1c ./Core/Src/freertos.o
 .debug_macro   0x00001684       0x26 ./Core/Src/freertos.o
 .debug_macro   0x000016aa      0x4c5 ./Core/Src/freertos.o
 .debug_macro   0x00001b6f       0xb5 ./Core/Src/freertos.o
 .debug_macro   0x00001c24       0xaa ./Core/Src/freertos.o
 .debug_macro   0x00001cce      0x28f ./Core/Src/freertos.o
 .debug_macro   0x00001f5d       0x2e ./Core/Src/freertos.o
 .debug_macro   0x00001f8b       0x2f ./Core/Src/freertos.o
 .debug_macro   0x00001fba       0x1c ./Core/Src/freertos.o
 .debug_macro   0x00001fd6       0x22 ./Core/Src/freertos.o
 .debug_macro   0x00001ff8       0xfb ./Core/Src/freertos.o
 .debug_macro   0x000020f3     0x1011 ./Core/Src/freertos.o
 .debug_macro   0x00003104      0x11f ./Core/Src/freertos.o
 .debug_macro   0x00003223    0x15ea5 ./Core/Src/freertos.o
 .debug_macro   0x000190c8       0x6d ./Core/Src/freertos.o
 .debug_macro   0x00019135     0x3693 ./Core/Src/freertos.o
 .debug_macro   0x0001c7c8       0x5c ./Core/Src/freertos.o
 .debug_macro   0x0001c824      0x980 ./Core/Src/freertos.o
 .debug_macro   0x0001d1a4      0x9e9 ./Core/Src/freertos.o
 .debug_macro   0x0001db8d      0x115 ./Core/Src/freertos.o
 .debug_macro   0x0001dca2      0x13e ./Core/Src/freertos.o
 .debug_macro   0x0001dde0       0xa5 ./Core/Src/freertos.o
 .debug_macro   0x0001de85      0x174 ./Core/Src/freertos.o
 .debug_macro   0x0001dff9      0x287 ./Core/Src/freertos.o
 .debug_macro   0x0001e280       0x5f ./Core/Src/freertos.o
 .debug_macro   0x0001e2df      0x236 ./Core/Src/freertos.o
 .debug_macro   0x0001e515      0x12c ./Core/Src/freertos.o
 .debug_macro   0x0001e641      0x21e ./Core/Src/freertos.o
 .debug_macro   0x0001e85f       0x2e ./Core/Src/freertos.o
 .debug_macro   0x0001e88d      0x127 ./Core/Src/freertos.o
 .debug_macro   0x0001e9b4       0x7e ./Core/Src/freertos.o
 .debug_macro   0x0001ea32       0x89 ./Core/Src/freertos.o
 .debug_macro   0x0001eabb      0x12d ./Core/Src/freertos.o
 .debug_macro   0x0001ebe8      0x178 ./Core/Src/freertos.o
 .debug_macro   0x0001ed60      0x24f ./Core/Src/main.o
 .debug_macro   0x0001efaf      0x169 ./Core/Src/main.o
 .debug_macro   0x0001f118       0x66 ./Core/Src/main.o
 .debug_macro   0x0001f17e       0x74 ./Core/Src/main.o
 .debug_macro   0x0001f1f2       0xdd ./Core/Src/main.o
 .debug_macro   0x0001f2cf      0x1bf ./Core/Src/stm32f4xx_hal_msp.o
 .debug_macro   0x0001f48e      0x231 ./Core/Src/stm32f4xx_it.o
 .debug_macro   0x0001f6bf      0x1b0 ./Core/Src/system_stm32f4xx.o
 .debug_macro   0x0001f86f      0x210 ./Drivers/STM32F4xx_HAL_Driver/Src/stm32f4xx_hal.o
 .debug_macro   0x0001fa7f      0x1b0 ./Drivers/STM32F4xx_HAL_Driver/Src/stm32f4xx_hal_cortex.o
 .debug_macro   0x0001fc2f      0x1b6 ./Drivers/STM32F4xx_HAL_Driver/Src/stm32f4xx_hal_gpio.o
 .debug_macro   0x0001fde5      0x1d4 ./Drivers/STM32F4xx_HAL_Driver/Src/stm32f4xx_hal_rcc.o
 .debug_macro   0x0001ffb9      0x3a7 ./Middlewares/Third_Party/FreeRTOS/Source/CMSIS_RTOS_V2/cmsis_os2.o
 .debug_macro   0x00020360       0x10 ./Middlewares/Third_Party/FreeRTOS/Source/CMSIS_RTOS_V2/cmsis_os2.o
 .debug_macro   0x00020370       0x20 ./Middlewares/Third_Party/FreeRTOS/Source/CMSIS_RTOS_V2/cmsis_os2.o
 .debug_macro   0x00020390       0x10 ./Middlewares/Third_Party/FreeRTOS/Source/CMSIS_RTOS_V2/cmsis_os2.o
 .debug_macro   0x000203a0       0xf5 ./Middlewares/Third_Party/FreeRTOS/Source/CMSIS_RTOS_V2/cmsis_os2.o
 .debug_macro   0x00020495       0x91 ./Middlewares/Third_Party/FreeRTOS/Source/CMSIS_RTOS_V2/cmsis_os2.o
 .debug_macro   0x00020526       0x8d ./Middlewares/Third_Party/FreeRTOS/Source/CMSIS_RTOS_V2/cmsis_os2.o
 .debug_macro   0x000205b3       0x9a ./Middlewares/Third_Party/FreeRTOS/Source/CMSIS_RTOS_V2/cmsis_os2.o
 .debug_macro   0x0002064d       0x22 ./Middlewares/Third_Party/FreeRTOS/Source/CMSIS_RTOS_V2/cmsis_os2.o
 .debug_macro   0x0002066f       0x56 ./Middlewares/Third_Party/FreeRTOS/Source/CMSIS_RTOS_V2/cmsis_os2.o
 .debug_macro   0x000206c5      0x187 ./Middlewares/Third_Party/FreeRTOS/Source/list.o
 .debug_macro   0x0002084c      0x216 ./Middlewares/Third_Party/FreeRTOS/Source/queue.o
 .debug_macro   0x00020a62       0x16 ./Middlewares/Third_Party/FreeRTOS/Source/queue.o
 .debug_macro   0x00020a78       0x87 ./Middlewares/Third_Party/FreeRTOS/Source/queue.o
 .debug_macro   0x00020aff      0x27f ./Middlewares/Third_Party/FreeRTOS/Source/tasks.o
 .debug_macro   0x00020d7e       0x10 ./Middlewares/Third_Party/FreeRTOS/Source/tasks.o
 .debug_macro   0x00020d8e      0x1dc ./Middlewares/Third_Party/FreeRTOS/Source/timers.o
 .debug_macro   0x00020f6a       0x97 ./Middlewares/Third_Party/FreeRTOS/Source/timers.o
 .debug_macro   0x00021001      0x196 ./Middlewares/Third_Party/FreeRTOS/Source/portable/GCC/ARM_CM4F/port.o
 .debug_macro   0x00021197      0x1ae ./Middlewares/Third_Party/FreeRTOS/Source/portable/MemMang/heap_4.o

.debug_line     0x00000000     0xd8d6
 .debug_line    0x00000000      0x80c ./Core/Src/freertos.o
 .debug_line    0x0000080c      0xa0a ./Core/Src/main.o
 .debug_line    0x00001216      0x6fe ./Core/Src/stm32f4xx_hal_msp.o
 .debug_line    0x00001914      0x896 ./Core/Src/stm32f4xx_it.o
 .debug_line    0x000021aa      0x773 ./Core/Src/system_stm32f4xx.o
 .debug_line    0x0000291d       0x7a ./Core/Startup/startup_stm32f407vgtx.o
 .debug_line    0x00002997      0x9ef ./Drivers/STM32F4xx_HAL_Driver/Src/stm32f4xx_hal.o
 .debug_line    0x00003386      0xcbf ./Drivers/STM32F4xx_HAL_Driver/Src/stm32f4xx_hal_cortex.o
 .debug_line    0x00004045      0xb47 ./Drivers/STM32F4xx_HAL_Driver/Src/stm32f4xx_hal_gpio.o
 .debug_line    0x00004b8c      0xdfe ./Drivers/STM32F4xx_HAL_Driver/Src/stm32f4xx_hal_rcc.o
 .debug_line    0x0000598a     0x24be ./Middlewares/Third_Party/FreeRTOS/Source/CMSIS_RTOS_V2/cmsis_os2.o
 .debug_line    0x00007e48      0x78c ./Middlewares/Third_Party/FreeRTOS/Source/list.o
 .debug_line    0x000085d4     0x16fd ./Middlewares/Third_Party/FreeRTOS/Source/queue.o
 .debug_line    0x00009cd1     0x1c85 ./Middlewares/Third_Party/FreeRTOS/Source/tasks.o
 .debug_line    0x0000b956      0xdcc ./Middlewares/Third_Party/FreeRTOS/Source/timers.o
 .debug_line    0x0000c722      0x811 ./Middlewares/Third_Party/FreeRTOS/Source/portable/GCC/ARM_CM4F/port.o
 .debug_line    0x0000cf33      0x9a3 ./Middlewares/Third_Party/FreeRTOS/Source/portable/MemMang/heap_4.o

.debug_str      0x00000000    0xca68d
 .debug_str     0x00000000    0xca68d ./Core/Src/freertos.o
                              0xbf3a4 (size before relaxing)
 .debug_str     0x000ca68d    0xc0812 ./Core/Src/main.o
 .debug_str     0x000ca68d    0xbbbac ./Core/Src/stm32f4xx_hal_msp.o
 .debug_str     0x000ca68d    0xbf3fe ./Core/Src/stm32f4xx_it.o
 .debug_str     0x000ca68d    0xbb13a ./Core/Src/system_stm32f4xx.o
 .debug_str     0x000ca68d       0x95 ./Core/Startup/startup_stm32f407vgtx.o
 .debug_str     0x000ca68d    0xbbcbe ./Drivers/STM32F4xx_HAL_Driver/Src/stm32f4xx_hal.o
 .debug_str     0x000ca68d    0xbba3a ./Drivers/STM32F4xx_HAL_Driver/Src/stm32f4xx_hal_cortex.o
 .debug_str     0x000ca68d    0xbb2b5 ./Drivers/STM32F4xx_HAL_Driver/Src/stm32f4xx_hal_gpio.o
 .debug_str     0x000ca68d    0xbb56e ./Drivers/STM32F4xx_HAL_Driver/Src/stm32f4xx_hal_rcc.o
 .debug_str     0x000ca68d    0xc5dfa ./Middlewares/Third_Party/FreeRTOS/Source/CMSIS_RTOS_V2/cmsis_os2.o
 .debug_str     0x000ca68d     0xac27 ./Middlewares/Third_Party/FreeRTOS/Source/list.o
 .debug_str     0x000ca68d     0xc767 ./Middlewares/Third_Party/FreeRTOS/Source/queue.o
 .debug_str     0x000ca68d     0xd239 ./Middlewares/Third_Party/FreeRTOS/Source/tasks.o
 .debug_str     0x000ca68d     0xcc99 ./Middlewares/Third_Party/FreeRTOS/Source/timers.o
 .debug_str     0x000ca68d     0x87cd ./Middlewares/Third_Party/FreeRTOS/Source/portable/GCC/ARM_CM4F/port.o
 .debug_str     0x000ca68d     0xb569 ./Middlewares/Third_Party/FreeRTOS/Source/portable/MemMang/heap_4.o

.comment        0x00000000       0x43
 .comment       0x00000000       0x43 ./Core/Src/freertos.o
                                 0x44 (size before relaxing)
 .comment       0x00000043       0x44 ./Core/Src/main.o
 .comment       0x00000043       0x44 ./Core/Src/stm32f4xx_hal_msp.o
 .comment       0x00000043       0x44 ./Core/Src/stm32f4xx_it.o
 .comment       0x00000043       0x44 ./Core/Src/system_stm32f4xx.o
 .comment       0x00000043       0x44 ./Drivers/STM32F4xx_HAL_Driver/Src/stm32f4xx_hal.o
 .comment       0x00000043       0x44 ./Drivers/STM32F4xx_HAL_Driver/Src/stm32f4xx_hal_cortex.o
 .comment       0x00000043       0x44 ./Drivers/STM32F4xx_HAL_Driver/Src/stm32f4xx_hal_gpio.o
 .comment       0x00000043       0x44 ./Drivers/STM32F4xx_HAL_Driver/Src/stm32f4xx_hal_rcc.o
 .comment       0x00000043       0x44 ./Middlewares/Third_Party/FreeRTOS/Source/CMSIS_RTOS_V2/cmsis_os2.o
 .comment       0x00000043       0x44 ./Middlewares/Third_Party/FreeRTOS/Source/list.o
 .comment       0x00000043       0x44 ./Middlewares/Third_Party/FreeRTOS/Source/queue.o
 .comment       0x00000043       0x44 ./Middlewares/Third_Party/FreeRTOS/Source/tasks.o
 .comment       0x00000043       0x44 ./Middlewares/Third_Party/FreeRTOS/Source/timers.o
 .comment       0x00000043       0x44 ./Middlewares/Third_Party/FreeRTOS/Source/portable/GCC/ARM_CM4F/port.o
 .comment       0x00000043       0x44 ./Middlewares/Third_Party/FreeRTOS/Source/portable/MemMang/heap_4.o

.debug_frame    0x00000000     0x3154
 .debug_frame   0x00000000       0x34 ./Core/Src/freertos.o
 .debug_frame   0x00000034       0xd0 ./Core/Src/main.o
 .debug_frame   0x00000104       0x34 ./Core/Src/stm32f4xx_hal_msp.o
 .debug_frame   0x00000138       0xc4 ./Core/Src/stm32f4xx_it.o
 .debug_frame   0x000001fc       0x58 ./Core/Src/system_stm32f4xx.o
 .debug_frame   0x00000254      0x374 ./Drivers/STM32F4xx_HAL_Driver/Src/stm32f4xx_hal.o
 .debug_frame   0x000005c8      0x508 ./Drivers/STM32F4xx_HAL_Driver/Src/stm32f4xx_hal_cortex.o
 .debug_frame   0x00000ad0      0x14c ./Drivers/STM32F4xx_HAL_Driver/Src/stm32f4xx_hal_gpio.o
 .debug_frame   0x00000c1c      0x1f4 ./Drivers/STM32F4xx_HAL_Driver/Src/stm32f4xx_hal_rcc.o
 .debug_frame   0x00000e10      0xbe8 ./Middlewares/Third_Party/FreeRTOS/Source/CMSIS_RTOS_V2/cmsis_os2.o
 .debug_frame   0x000019f8       0xd8 ./Middlewares/Third_Party/FreeRTOS/Source/list.o
 .debug_frame   0x00001ad0      0x5ec ./Middlewares/Third_Party/FreeRTOS/Source/queue.o
 .debug_frame   0x000020bc      0x8f0 ./Middlewares/Third_Party/FreeRTOS/Source/tasks.o
 .debug_frame   0x000029ac      0x400 ./Middlewares/Third_Party/FreeRTOS/Source/timers.o
 .debug_frame   0x00002dac      0x1a8 ./Middlewares/Third_Party/FreeRTOS/Source/portable/GCC/ARM_CM4F/port.o
 .debug_frame   0x00002f54      0x12c ./Middlewares/Third_Party/FreeRTOS/Source/portable/MemMang/heap_4.o
 .debug_frame   0x00003080       0x20 C:/ST/STM32CubeIDE_1.19.0/STM32CubeIDE/plugins/com.st.stm32cube.ide.mcu.externaltools.gnu-tools-for-stm32.13.3.rel1.win32_1.0.0.202411081344/tools/bin/../lib/gcc/arm-none-eabi/13.3.1/../../../../arm-none-eabi/lib/thumb/v7e-m+fp/hard\libc_nano.a(libc_a-memset.o)
 .debug_frame   0x000030a0       0x2c C:/ST/STM32CubeIDE_1.19.0/STM32CubeIDE/plugins/com.st.stm32cube.ide.mcu.externaltools.gnu-tools-for-stm32.13.3.rel1.win32_1.0.0.202411081344/tools/bin/../lib/gcc/arm-none-eabi/13.3.1/../../../../arm-none-eabi/lib/thumb/v7e-m+fp/hard\libc_nano.a(libc_a-init.o)
 .debug_frame   0x000030cc       0x28 C:/ST/STM32CubeIDE_1.19.0/STM32CubeIDE/plugins/com.st.stm32cube.ide.mcu.externaltools.gnu-tools-for-stm32.13.3.rel1.win32_1.0.0.202411081344/tools/bin/../lib/gcc/arm-none-eabi/13.3.1/../../../../arm-none-eabi/lib/thumb/v7e-m+fp/hard\libc_nano.a(libc_a-memcpy-stub.o)
 .debug_frame   0x000030f4       0x2c C:/ST/STM32CubeIDE_1.19.0/STM32CubeIDE/plugins/com.st.stm32cube.ide.mcu.externaltools.gnu-tools-for-stm32.13.3.rel1.win32_1.0.0.202411081344/tools/bin/../lib/gcc/arm-none-eabi/13.3.1/thumb/v7e-m+fp/hard\libgcc.a(_aeabi_uldivmod.o)
 .debug_frame   0x00003120       0x34 C:/ST/STM32CubeIDE_1.19.0/STM32CubeIDE/plugins/com.st.stm32cube.ide.mcu.externaltools.gnu-tools-for-stm32.13.3.rel1.win32_1.0.0.202411081344/tools/bin/../lib/gcc/arm-none-eabi/13.3.1/thumb/v7e-m+fp/hard\libgcc.a(_udivmoddi4.o)

.debug_line_str
                0x00000000       0x79
 .debug_line_str
                0x00000000       0x79 ./Core/Startup/startup_stm32f407vgtx.o
