../Core/Src/main.c:77:6:HAL_UARTEx_RxEventCallback	16	static
../Core/Src/main.c:94:5:main	8	static
../Core/Src/main.c:147:6:SystemClock_Config	88	static
../Core/Src/main.c:193:13:MX_I2C1_Init	8	static
../Core/Src/main.c:227:13:MX_I2S3_Init	8	static
../Core/Src/main.c:261:13:MX_SPI1_Init	8	static
../Core/Src/main.c:299:13:MX_USART2_UART_Init	8	static
../Core/Src/main.c:330:13:MX_DMA_Init	16	static
../Core/Src/main.c:351:13:MX_GPIO_Init	56	static
../Core/Src/main.c:452:6:Error_Handler	4	static,ignoring_inline_asm
